D/ConnectivityService(  745): handleRegisterNetworkRequest checking NetworkAgentInfo [WIFI () - 211]
D/ConnectivityService(  745): apparently satisfied.  currentScore=100
I/ActivityManager(  745): Resuming delayed broadcast
I/ActivityManager(  745): Start proc 4480:com.sonyericsson.extras.liveware/u0a66 for broadcast com.sonyericsson.extras.liveware/.aef.service.InstallEventReceiver
W/ResourcesManager( 4480): Asset path '/system/framework/semc_audioeffectif.jar' does not exist or contains no resources.
W/ResourcesManager( 4480): Asset path '/system/framework/com.sonyericsson.dlna.playanywhere.jar' does not exist or contains no resources.
I/ActivityManager(  745): Delay finish: com.sonyericsson.extras.liveware/.aef.service.InstallEventReceiver
D/DefContainer( 4216): Copying /data/local/tmp/SpaceExplorerPort-debug.apk to base.apk
D/WifiService(  745): New client listening to asynchronous messages
I/ActivityManager(  745): Resuming delayed broadcast
I/ActivityManager(  745): Start proc 4602:com.google.android.apps.docs/u0a102 for broadcast com.google.android.apps.docs/.receivers.AppPackageAddRemoveReceiver
W/ActivityManager(  745): getRunningAppProcesses: caller 10102 does not hold REAL_GET_TASKS; limiting output
W/ActivityManager(  745): getRunningAppProcesses: caller 10102 does not hold REAL_GET_TASKS; limiting output
W/ActivityManager(  745): getRunningAppProcesses: caller 10102 does not hold REAL_GET_TASKS; limiting output
W/ActivityManager(  745): getRunningAppProcesses: caller 10102 does not hold REAL_GET_TASKS; limiting output
I/ActivityManager(  745): Start proc 4641:com.sonymobile.centralappsbrasil/u0a198 for broadcast com.sonymobile.centralappsbrasil/.receiver.AppListenerReceiver
I/ActivityManager(  745): Killing 4196:com.sonymobile.social.services/u0a41 (adj 15): empty #9
D/PackageManager(  745): Renaming /data/app/vmdl141059075.tmp to /data/app/joaobapt.SpaceExplorer-1
I/ActivityManager(  745): Killing 4260:com.android.keychain/1000 (adj 15): empty #9
I/ActivityManager(  745): Start proc 4677:com.google.android.googlequicksearchbox:search/u0a77 for broadcast com.google.android.googlequicksearchbox/com.google.android.apps.gsa.search.core.icingsync.IcingCorporaChangedReceiver
I/ActivityManager(  745): Start proc 4715:com.sonyericsson.album/u0a55 for broadcast com.sonyericsson.album/.online.UpdateReceiver
W/ResourcesManager( 4715): Asset path '/system/framework/semc_audioeffectif.jar' does not exist or contains no resources.
W/ResourcesManager( 4715): Asset path '/system/framework/com.sonymobile.playanywhere.jar' does not exist or contains no resources.
W/ResourcesManager( 4715): Asset path '/system/framework/com.sonymobile.remotefileaccess.jar' does not exist or contains no resources.
W/ResourcesManager( 4715): Asset path '/system/framework/com.google.android.maps.jar' does not exist or contains no resources.
W/ResourcesManager( 4715): Asset path '/system/framework/com.sonyericsson.dlna_impl.jar' does not exist or contains no resources.
W/ResourcesManager( 4715): Asset path '/system/framework/com.sonymobile.drmstream_impl.jar' does not exist or contains no resources.
W/ResourcesManager( 4715): Asset path '/system/framework/com.sonymobile.photoanalyzer_impl.jar' does not exist or contains no resources.
W/ResourcesManager( 4715): Asset path '/system/framework/com.sonyericsson.colorextraction_impl.jar' does not exist or contains no resources.
W/ResourcesManager( 4715): Asset path '/system/framework/com.sony.device.jar' does not exist or contains no resources.
W/ResourcesManager( 4715): Asset path '/system/framework/com.sonyericsson.illumination.jar' does not exist or contains no resources.
W/ResourcesManager( 4715): Asset path '/system/framework/com.sonymobile.settings.illumination.jar' does not exist or contains no resources.
W/ResourcesManager( 4715): Asset path '/system/framework/com.sonyericsson.idd.jar' does not exist or contains no resources.
D/WifiService(  745): New client listening to asynchronous messages
W/ActivityManager(  745): getRunningAppProcesses: caller 10055 does not hold REAL_GET_TASKS; limiting output
I/ActivityManager(  745): Killing 4283:com.realvnc.android.remote/u0a145 (adj 15): empty #9
I/ActivityManager(  745): Killing 4310:com.sonymobile.runtimeskinning.core/u0a204 (adj 15): empty #9
I/ActivityManager(  745): Start proc 4759:com.android.documentsui/u0a101 for broadcast com.android.documentsui/.PackageReceiver
W/ActivityManager(  745): getRunningAppProcesses: caller 10055 does not hold REAL_GET_TASKS; limiting output
I/ActivityManager(  745): Start proc 4781:com.sonymobile.autopairing/u0a278 for broadcast com.sonymobile.autopairing/.AndroidPackageIntentReceiver
I/ActivityManager(  745): Killing 4330:com.sonyericsson.updatecenter/u0a76 (adj 15): empty #9
I/ActivityManager(  745): Start proc 4801:com.android.externalstorage/u0a40 for content provider com.android.externalstorage/.ExternalStorageProvider
W/ResourcesManager( 4781): Asset path '/system/framework/com.sonymobile.tvout.wifidisplay_impl.jar' does not exist or contains no resources.
I/ActivityManager(  745): Killing 4235:android.process.acore/u0a58 (adj 15): empty #9
I/ActivityManager(  745): Killing 4480:com.sonyericsson.extras.liveware/u0a66 (adj 15): empty #9
D/WifiService(  745): Client connection lost with reason: 4
I/ActivityManager(  745): Start proc 4823:com.sonyericsson.credentialmanagerservice/1000 for broadcast com.sonyericsson.credentialmanagerservice/.CredentialManagerUidRemovedReceiver
W/ResourcesManager( 4823): Asset path '/system/framework/com.google.protobuf-2.3.0.jar' does not exist or contains no resources.
W/ResourcesManager( 4823): Asset path '/system/framework/com.sonyericsson.idd.jar' does not exist or contains no resources.
I/ActivityManager(  745): Killing 4388:com.google.process.gapps/u0a42 (adj 15): empty #9
W/PackageSettings(  745): Skipping PackageSetting{37884072 com.instagram.android/10005} due to missing metadata
W/PackageSettings(  745): Skipping PackageSetting{32d25cc3 com.sonymobile.areffect.ninja_theme/10006} due to missing metadata
W/PackageSettings(  745): Skipping PackageSetting{3da71940 com.hg.cloudsandsheeparfree/10007} due to missing metadata
W/PackageSettings(  745): Skipping PackageSetting{37884072 com.instagram.android/10005} due to missing metadata
W/PackageSettings(  745): Skipping PackageSetting{32d25cc3 com.sonymobile.areffect.ninja_theme/10006} due to missing metadata
W/PackageSettings(  745): Skipping PackageSetting{3da71940 com.hg.cloudsandsheeparfree/10007} due to missing metadata
V/BackupManagerService(  745): restoreAtInstall pkg=joaobapt.SpaceExplorer token=21 restoreSet=0
V/BackupManagerService(  745): Finishing install immediately
I/ActivityManager(  745): Start proc 4863:com.android.exchange/u0a39 for broadcast com.android.exchange/.ExchangeBroadcastReceiver
I/ActivityManager(  745): Start proc 4881:com.sony.smallapp.launcher/u0a163 for content provider com.sony.smallapp.launcher/.SmallAppInfoProvider
W/ResourcesManager(  745): Asset path '/system/framework/com.sonyericsson.uxpres.jar' does not exist or contains no resources.
W/ResourcesManager(  745): Asset path '/system/framework/com.sonymobile.smime.jar' does not exist or contains no resources.
W/ResourcesManager(  745): Asset path '/system/framework/com.google.protobuf-2.3.0.jar' does not exist or contains no resources.
W/ResourcesManager(  745): Asset path '/system/framework/com.sonyericsson.idd.jar' does not exist or contains no resources.
W/ResourcesManager( 4863): Asset path '/system/framework/com.sonymobile.provider.tasks.jar' does not exist or contains no resources.
W/ResourcesManager( 4863): Asset path '/system/framework/com.sonymobile.smime.jar' does not exist or contains no resources.
W/ResourcesManager( 4863): Asset path '/system/framework/jcifs.jar' does not exist or contains no resources.
W/ResourcesManager( 4863): Asset path '/system/framework/com.google.protobuf-2.3.0.jar' does not exist or contains no resources.
W/ResourcesManager( 4863): Asset path '/system/framework/com.sonyericsson.idd.jar' does not exist or contains no resources.
W/InputMethodInfo(  745): Duplicated subtype definition found: , voice
W/ResourcesManager( 4881): Asset path '/system/framework/com.sony.smallapp.jar' does not exist or contains no resources.
W/ResourcesManager(  745): Asset path '/system/framework/com.google.android.maps.jar' does not exist or contains no resources.
W/ResourcesManager(  745): Asset path '/system/framework/com.sonymobile.settings.illumination.jar' does not exist or contains no resources.
W/ResourcesManager( 1108): Asset path '/system/framework/com.sony.smallapp.jar' does not exist or contains no resources.
I/ActivityManager(  745): Start proc 4901:com.google.android.partnersetup/u0a45 for broadcast com.google.android.partnersetup/.RlzPingBroadcastReceiver
W/ResourcesManager(  745): Asset path '/system/framework/com.google.android.maps.jar' does not exist or contains no resources.
W/ResourcesManager(  745): Asset path '/system/framework/com.sonymobile.settings.illumination.jar' does not exist or contains no resources.
W/ResourcesManager(  745): Asset path '/system/framework/com.sonyericsson.uxpres.jar' does not exist or contains no resources.
W/ResourcesManager(  745): Asset path '/system/framework/com.sonymobile.smime.jar' does not exist or contains no resources.
W/ResourcesManager(  745): Asset path '/system/framework/com.google.protobuf-2.3.0.jar' does not exist or contains no resources.
W/ResourcesManager(  745): Asset path '/system/framework/com.sonyericsson.idd.jar' does not exist or contains no resources.
I/ActivityManager(  745): Killing 4602:com.google.android.apps.docs/u0a102 (adj 15): empty #9
I/ActivityManager(  745): Start proc 4933:com.android.musicfx/u0a47 for broadcast com.android.musicfx/.Compatibility$Receiver
I/ActivityManager(  745): Killing 4641:com.sonymobile.centralappsbrasil/u0a198 (adj 15): empty #9
I/DevicePolicyManagerService(  745): application joaobapt.SpaceExplorer unlocked
W/ResourcesManager(  745): Asset path '/system/framework/com.sonyericsson.uxpres.jar' does not exist or contains no resources.
W/ResourcesManager(  745): Asset path '/system/framework/com.sonymobile.smime.jar' does not exist or contains no resources.
W/ResourcesManager(  745): Asset path '/system/framework/com.google.protobuf-2.3.0.jar' does not exist or contains no resources.
W/ResourcesManager(  745): Asset path '/system/framework/com.sonyericsson.idd.jar' does not exist or contains no resources.
I/ActivityManager(  745): Killing 4677:com.google.android.googlequicksearchbox:search/u0a77 (adj 15): empty #9
D/WifiService(  745): Client connection lost with reason: 4
D/BackupManagerService(  745): Received broadcast Intent { act=android.intent.action.PACKAGE_ADDED dat=package:joaobapt.SpaceExplorer flg=0x4000010 (has extras) }
W/BackupManagerService(  745): Removing schedule queue dupe of joaobapt.SpaceExplorer
I/ActivityManager(  745): Start proc 4953:com.sonymobile.social.services/u0a41 for broadcast com.sonyericsson.facebook.proxylogin/.permissions.PackageChangedReceiver
I/ActivityManager(  745): Killing 4715:com.sonyericsson.album/u0a55 (adj 15): empty #9
I/ActivityManager(  745): Start proc 4972:android.process.acore/u0a58 for broadcast com.android.providers.contacts/.PackageIntentReceiver
I/ActivityManager(  745): Killing 4759:com.android.documentsui/u0a101 (adj 15): empty #9
I/ActivityManager(  745): Start proc 4997:com.sonymobile.entrance/u0a265 for broadcast com.sonymobile.entrance/.logging.PackageInstallationReceiver
I/ActivityManager(  745): Killing 4781:com.sonymobile.autopairing/u0a278 (adj 15): empty #9
W/ResourcesManager( 4997): Asset path '/system/framework/com.sonyericsson.updatecenter.jar' does not exist or contains no resources.
I/ActivityManager(  745): Start proc 5026:com.sonymobile.autopairing/u0a278 for broadcast com.sonymobile.autopairing/.AndroidPackageIntentReceiver
I/ActivityManager(  745): Killing 4801:com.android.externalstorage/u0a40 (adj 15): empty #9
W/ResourcesManager( 5026): Asset path '/system/framework/com.sonymobile.tvout.wifidisplay_impl.jar' does not exist or contains no resources.
I/ActivityManager(  745): Killing 4823:com.sonyericsson.credentialmanagerservice/1000 (adj 15): empty #9
I/ActivityManager(  745): Start proc 5047:com.sonymobile.runtimeskinning.core/u0a204 for broadcast com.sonymobile.runtimeskinning.core/com.sonymobile.runtimeskinning.verification.install.PackageInstallReceiver
I/ActivityManager(  745): Start proc 5069:com.sonyericsson.updatecenter/u0a76 for broadcast com.sonyericsson.updatecenter/.update.ApplicationInstalledReceiver
V/NotificationService(  745): pkg=com.sonymobile.runtimeskinning.core canInterrupt=false intercept=true
W/ResourcesManager( 5069): Asset path '/system/framework/com.sonyericsson.uxpres.jar' does not exist or contains no resources.
W/ResourcesManager( 5069): Asset path '/system/framework/com.sonymobile.devicesecurity_impl.jar' does not exist or contains no resources.
W/ResourcesManager( 5069): Asset path '/system/framework/com.sonymobile.help.jar' does not exist or contains no resources.
W/ResourcesManager( 5069): Asset path '/system/framework/com.sonyericsson.updatecenter.jar' does not exist or contains no resources.
W/ResourcesManager( 5069): Asset path '/system/framework/com.sonymobile.fota.jar' does not exist or contains no resources.
I/ActivityManager(  745): Killing 4863:com.android.exchange/u0a39 (adj 15): empty #9
I/ActivityManager(  745): Start proc 5095:com.sonymobile.androidapp.cameraaddon.areffect/u0a80 for broadcast com.sonymobile.androidapp.cameraaddon.areffect/.notification.ThemeInstallReceiver
I/ActivityManager(  745): Killing 4901:com.google.android.partnersetup/u0a45 (adj 15): empty #9
W/ResourcesManager( 5095): Asset path '/system/framework/com.sonymobile.camera.addon_impl.jar' does not exist or contains no resources.
W/ActivityManager(  745): getRunningAppProcesses: caller 10080 does not hold REAL_GET_TASKS; limiting output
I/ActivityManager(  745): Killing 4933:com.android.musicfx/u0a47 (adj 15): empty #9
I/ActivityManager(  745): Killing 4881:com.sony.smallapp.launcher/u0a163 (adj 15): empty #9
I/ActivityManager(  745): Start proc 5129:com.sonyericsson.extras.liveware/u0a66 for broadcast com.sonyericsson.extras.liveware/.aef.service.InstallEventReceiver
W/ResourcesManager( 5129): Asset path '/system/framework/semc_audioeffectif.jar' does not exist or contains no resources.
W/ResourcesManager( 5129): Asset path '/system/framework/com.sonyericsson.dlna.playanywhere.jar' does not exist or contains no resources.
I/ActivityManager(  745): Start proc 5148:com.google.process.gapps/u0a42 for content provider com.google.android.gsf/.gservices.GservicesProvider
I/ActivityManager(  745): Delay finish: com.sonyericsson.extras.liveware/.aef.service.InstallEventReceiver
I/ActivityManager(  745): Resuming delayed broadcast
I/ActivityManager(  745): Start proc 5180:com.google.android.apps.docs/u0a102 for broadcast com.google.android.apps.docs/.receivers.AppPackageAddRemoveReceiver
I/ActivityManager(  745): Killing 4953:com.sonymobile.social.services/u0a41 (adj 15): empty #9
D/WifiService(  745): New client listening to asynchronous messages
W/ActivityManager(  745): getRunningAppProcesses: caller 10102 does not hold REAL_GET_TASKS; limiting output
W/ActivityManager(  745): getRunningAppProcesses: caller 10102 does not hold REAL_GET_TASKS; limiting output
W/ActivityManager(  745): getRunningAppProcesses: caller 10102 does not hold REAL_GET_TASKS; limiting output
W/ActivityManager(  745): getRunningAppProcesses: caller 10102 does not hold REAL_GET_TASKS; limiting output
I/ActivityManager(  745): Delay finish: com.google.android.apps.docs/.receivers.AppPackageAddRemoveReceiver
I/ActivityManager(  745): Killing 4997:com.sonymobile.entrance/u0a265 (adj 15): empty #9
I/ActivityManager(  745): Resuming delayed broadcast
I/ActivityManager(  745): Start proc 5251:com.sonymobile.centralappsbrasil/u0a198 for broadcast com.sonymobile.centralappsbrasil/.receiver.AppListenerReceiver
I/ActivityManager(  745): Killing 5026:com.sonymobile.autopairing/u0a278 (adj 15): empty #9
I/ActivityManager(  745): Killing 5047:com.sonymobile.runtimeskinning.core/u0a204 (adj 15): empty #9
I/ActivityManager(  745): Start proc 5278:com.google.android.googlequicksearchbox:search/u0a77 for broadcast com.google.android.googlequicksearchbox/com.google.android.apps.gsa.search.core.icingsync.IcingCorporaChangedReceiver
I/ActivityManager(  745): Start proc 5301:com.sonyericsson.album/u0a55 for broadcast com.sonyericsson.album/.online.UpdateReceiver
W/ResourcesManager( 5301): Asset path '/system/framework/semc_audioeffectif.jar' does not exist or contains no resources.
W/ResourcesManager( 5301): Asset path '/system/framework/com.sonymobile.playanywhere.jar' does not exist or contains no resources.
W/ResourcesManager( 5301): Asset path '/system/framework/com.sonymobile.remotefileaccess.jar' does not exist or contains no resources.
W/ResourcesManager( 5301): Asset path '/system/framework/com.google.android.maps.jar' does not exist or contains no resources.
W/ResourcesManager( 5301): Asset path '/system/framework/com.sonyericsson.dlna_impl.jar' does not exist or contains no resources.
W/ResourcesManager( 5301): Asset path '/system/framework/com.sonymobile.drmstream_impl.jar' does not exist or contains no resources.
W/ResourcesManager( 5301): Asset path '/system/framework/com.sonymobile.photoanalyzer_impl.jar' does not exist or contains no resources.
W/ResourcesManager( 5301): Asset path '/system/framework/com.sonyericsson.colorextraction_impl.jar' does not exist or contains no resources.
W/ResourcesManager( 5301): Asset path '/system/framework/com.sony.device.jar' does not exist or contains no resources.
W/ResourcesManager( 5301): Asset path '/system/framework/com.sonyericsson.illumination.jar' does not exist or contains no resources.
W/ResourcesManager( 5301): Asset path '/system/framework/com.sonymobile.settings.illumination.jar' does not exist or contains no resources.
W/ResourcesManager( 5301): Asset path '/system/framework/com.sonyericsson.idd.jar' does not exist or contains no resources.
D/WifiService(  745): New client listening to asynchronous messages
W/ActivityManager(  745): getRunningAppProcesses: caller 10055 does not hold REAL_GET_TASKS; limiting output
I/ActivityManager(  745): Killing 5069:com.sonyericsson.updatecenter/u0a76 (adj 15): empty #9
I/ActivityManager(  745): Start proc 5349:com.sonymobile.runtimeskinning.picker/u0a294 for broadcast com.sonymobile.runtimeskinning.picker/.SkinVerifiedReceiver
W/ActivityManager(  745): getRunningAppProcesses: caller 10055 does not hold REAL_GET_TASKS; limiting output
I/ActivityManager(  745): Killing 5095:com.sonymobile.androidapp.cameraaddon.areffect/u0a80 (adj 15): empty #9
I/ActivityManager(  745): Killing 4216:com.android.defcontainer/u0a37 (adj 15): empty #9
W/ResourcesManager( 5180): Asset path '/system/framework/com.android.media.remotedisplay.jar' does not exist or contains no resources.
W/ResourcesManager( 5180): Asset path '/system/framework/com.android.location.provider.jar' does not exist or contains no resources.
I/ActivityManager(  745): Killing 4972:android.process.acore/u0a58 (adj 15): empty #9
I/ActivityManager(  745): START u0 {act=android.intent.action.MAIN cat=[android.intent.category.LAUNCHER] flg=0x10200000 cmp=joaobapt.SpaceExplorer/org.cocos2dx.cpp.AppActivity bnds=[18,414][144,564]} from uid 10099 on display 0
V/WindowManager(  745): addAppToken: AppWindowToken{4c0714c token=Token{c511d7f ActivityRecord{3152de9e u0 joaobapt.SpaceExplorer/org.cocos2dx.cpp.AppActivity t675}}} to stack=1 task=675 at 0
V/WindowManager(  745): Adding window Window{142ef611 u0 Starting joaobapt.SpaceExplorer} at 10 of 16 (after Window{d824596 u0 SurfaceView})
I/ActivityManager(  745): Start proc 5415:joaobapt.SpaceExplorer/u0a304 for activity joaobapt.SpaceExplorer/org.cocos2dx.cpp.AppActivity
V/ActivityManager(  745): Display changed displayId=0
I/ActivityManager(  745): Config changes=480 {1.0 724mcc23mnc pt_BR ?layoutDir sw360dp w598dp h334dp 240dpi nrml land finger -keyb/v/h -nav/h s.273 skinPackageSeq.1}
W/ActivityManager(  745): Unable to start service Intent { act=com.enhance.gameservice.IGameTuningService pkg=com.enhance.gameservice } U=0: not found
V/WindowManager(  745): Adding window Window{f99ae5a u0 joaobapt.SpaceExplorer/org.cocos2dx.cpp.AppActivity} at 10 of 17 (before Window{142ef611 u0 Starting joaobapt.SpaceExplorer})
V/WindowManager(  745): Adding window Window{35babd68 u0 SurfaceView} at 10 of 18 (before Window{f99ae5a u0 joaobapt.SpaceExplorer/org.cocos2dx.cpp.AppActivity})
V/WindowManager(  745): Layouts looping: On entry to LockedInner, mPendingLayoutChanges = 0x1
V/WindowManager(  745): Layouts looping: loop number 4, mPendingLayoutChanges = 0x0
V/WindowManager(  745): Layouts looping: after finishPostLayoutPolicyLw, mPendingLayoutChanges = 0x0
V/WindowManager(  745): Layouts looping: On entry to LockedInner, mPendingLayoutChanges = 0x0
V/WindowManager(  745): Layouts looping: loop number 4, mPendingLayoutChanges = 0x0
V/WindowManager(  745): Layouts looping: mLayoutNeeded, mPendingLayoutChanges = 0x1
V/WindowManager(  745): Layouts looping: On entry to LockedInner, mPendingLayoutChanges = 0x1
V/WindowManager(  745): Layouts looping: loop number 5, mPendingLayoutChanges = 0x0
V/WindowManager(  745): Layouts looping: after finishPostLayoutPolicyLw, mPendingLayoutChanges = 0x0
V/WindowManager(  745): Layouts looping: On entry to LockedInner, mPendingLayoutChanges = 0x0
V/WindowManager(  745): Layouts looping: loop number 5, mPendingLayoutChanges = 0x0
V/WindowManager(  745): Layouts looping: mLayoutNeeded, mPendingLayoutChanges = 0x1
E/WindowManager(  745): Performed 6 layouts in a row. Skipping
I/WindowManager(  745): Screen frozen for +996ms due to Window{142ef611 u0 Starting joaobapt.SpaceExplorer}
I/LED_58  (  322): set_led 58, got [backlight] c[ff444444], on/off[0,0], mode:0
I/LED_58  (  322): set_led 58, got [backlight] c[ff434343], on/off[0,0], mode:0
I/LED_58  (  322): set_led 58, got [backlight] c[ff424242], on/off[0,0], mode:0
I/LED_58  (  322): set_led 58, got [backlight] c[ff414141], on/off[0,0], mode:0
W/AppOps  (  745): Bad call: specified package com.google.android.play.games under uid 10304 but it is really 10139
I/ActivityManager(  745): Process com.google.android.apps.docs (pid 5180) has died
W/AppOps  (  745): Bad call: specified package com.google.android.play.games under uid 10304 but it is really 10139
V/WindowManager(  745): Adding window Window{1cf828d4 u0 com.google.android.gms} at 12 of 18 (after Window{f99ae5a u0 joaobapt.SpaceExplorer/org.cocos2dx.cpp.AppActivity})
W/AppOps  (  745): Bad call: specified package com.google.android.play.games under uid 10304 but it is really 10139
W/AppOps  (  745): Bad call: specified package com.google.android.play.games under uid 10304 but it is really 10139
D/WifiService(  745): Client connection lost with reason: 4
I/ActivityManager(  745): Process com.google.android.googlequicksearchbox:search (pid 5278) has died
D/WifiService(  745): Client connection lost with reason: 4
I/ActivityManager(  745): Process com.sonyericsson.extras.liveware (pid 5129) has died
W/AppOps  (  745): Bad call: specified package com.google.android.play.games under uid 10304 but it is really 10139
W/AppOps  (  745): Bad call: specified package com.google.android.play.games under uid 10304 but it is really 10139
I/ActivityManager(  745): Process com.sonymobile.photoanalyzer (pid 1484) has died
W/ActivityManager(  745): Scheduling restart of crashed service com.sonymobile.photoanalyzer/.service.PhotoAnalyzerService in 1000ms
I/ActivityManager(  745): Process android.process.media (pid 1805) has died
W/ActivityManager(  745): Scheduling restart of crashed service com.android.providers.media/.MtpService in 1000ms
I/ActivityManager(  745): Process com.sonymobile.centralappsbrasil (pid 5251) has died
I/ActivityManager(  745): Start proc 5618:android.process.media/u0a38 for service com.android.providers.media/.MtpService
I/ActivityManager(  745): Start proc 5654:com.android.providers.calendar/u0a31 for content provider com.android.providers.calendar/.CalendarProvider2
W/ResourcesManager( 5654): Asset path '/system/framework/android.test.runner.jar' does not exist or contains no resources.
I/ActivityManager(  745): Process com.sonyericsson.album (pid 5301) has died
I/ActivityManager(  745): Start proc 5703:com.android.calendar/u0a150 for broadcast com.android.calendar/.alerts.AlertReceiver
W/AppOps  (  745): Bad call: specified package com.google.android.play.games under uid 10304 but it is really 10139
W/AppOps  (  745): Bad call: specified package com.google.android.play.games under uid 10304 but it is really 10139
W/AppOps  (  745): Bad call: specified package com.google.android.play.games under uid 10304 but it is really 10139
W/ResourcesManager( 5703): Asset path '/system/framework/android.test.runner.jar' does not exist or contains no resources.
W/ResourcesManager( 5703): Asset path '/system/framework/com.sonyericsson.uxpres.jar' does not exist or contains no resources.
W/ResourcesManager( 5703): Asset path '/system/framework/com.sonymobile.provider.tasks.jar' does not exist or contains no resources.
W/ActivityManager(  745): getRunningAppProcesses: caller 10150 does not hold REAL_GET_TASKS; limiting output
W/AppOps  (  745): Bad call: specified package com.google.android.play.games under uid 10304 but it is really 10139
W/AppOps  (  745): Bad call: specified package com.google.android.play.games under uid 10304 but it is really 10139
I/ActivityManager(  745): Process com.sonymobile.runtimeskinning.picker (pid 5349) has died
I/LED_58  (  322): set_led 58, got [backlight] c[ff424242], on/off[0,0], mode:0
W/AppOps  (  745): Bad call: specified package com.google.android.play.games under uid 10304 but it is really 10139
W/AppOps  (  745): Bad call: specified package com.google.android.play.games under uid 10304 but it is really 10139
W/AppOps  (  745): Bad call: specified package com.google.android.play.games under uid 10304 but it is really 10139
W/ProcessCpuTracker(  745): Skipping unknown process pid 6017
W/ProcessCpuTracker(  745): Skipping unknown process pid 6018
W/ProcessCpuTracker(  745): Skipping unknown process pid 6020
W/AppOps  (  745): Bad call: specified package com.google.android.play.games under uid 10304 but it is really 10139
W/AppOps  (  745): Bad call: specified package com.google.android.play.games under uid 10304 but it is really 10139
W/AppOps  (  745): Bad call: specified package com.google.android.play.games under uid 10304 but it is really 10139
W/AppOps  (  745): Bad call: specified package com.google.android.play.games under uid 10304 but it is really 10139
W/AppOps  (  745): Bad call: specified package com.google.android.play.games under uid 10304 but it is really 10139
W/AppOps  (  745): Bad call: specified package com.google.android.play.games under uid 10304 but it is really 10139
D/WifiService(  745): acquireWifiLockLocked: WifiLock{NlpWifiLock type=2 binder=android.os.BinderProxy@3e0a8ead}
D/WifiService(  745): releaseWifiLockLocked: WifiLock{NlpWifiLock type=2 binder=android.os.BinderProxy@3e0a8ead}
I/ActivityManager(  745): Process com.facebook.orca (pid 2700) has died
W/ActivityManager(  745): Scheduling restart of crashed service com.facebook.orca/com.facebook.messaging.newphoto.NewPhotoIntentService in 1000ms
W/ActivityManager(  745): Scheduling restart of crashed service com.facebook.orca/com.facebook.mqttlite.MqttService in 1000ms
I/ActivityManager(  745): Start proc 6312:com.facebook.orca/u0a220 for service com.facebook.orca/com.facebook.mqttlite.MqttService
W/ResourcesManager( 6312): Asset path '/system/framework/com.google.android.maps.jar' does not exist or contains no resources.
W/ActivityManager(  745): getRunningAppProcesses: caller 10220 does not hold REAL_GET_TASKS; limiting output
W/ResourcesManager( 6312): Asset path '/system/framework/com.google.android.maps.jar' does not exist or contains no resources.
W/ResourcesManager( 6312): Asset path '/system/framework/com.sonymobile.settings.illumination.jar' does not exist or contains no resources.
W/BroadcastQueue(  745): Permission Denial: broadcasting Intent { act=android.net.conn.CONNECTIVITY_CHANGE flg=0x4000010 (has extras) } from null (pid=-1, uid=-1) requires com.facebook.permission.prod.FB_APP_COMMUNICATION due to registered receiver BroadcastFilter{3d81f620 u0 ReceiverList{2acd2123 6312 com.facebook.orca/10220/u0 remote:291bda52}}
W/BroadcastQueue(  745): Permission Denial: broadcasting Intent { act=android.net.conn.INET_CONDITION_ACTION flg=0x4000010 (has extras) } from null (pid=-1, uid=-1) requires com.facebook.permission.prod.FB_APP_COMMUNICATION due to registered receiver BroadcastFilter{3d81f620 u0 ReceiverList{2acd2123 6312 com.facebook.orca/10220/u0 remote:291bda52}}
W/BroadcastQueue(  745): Permission Denial: broadcasting Intent { act=android.net.conn.CONNECTIVITY_CHANGE flg=0x4000010 (has extras) } from null (pid=-1, uid=-1) requires com.facebook.permission.prod.FB_APP_COMMUNICATION due to registered receiver BroadcastFilter{2ed89913 u0 ReceiverList{152b7c02 6312 com.facebook.orca/10220/u0 remote:3ae7694d}}
I/ActivityManager(  745): Start proc 6482:br.com.bb.android/u0a221 for broadcast br.com.bb.android/.widget.BadgeWidget
E/ActivityThread( 6482): Failed to find provider info for br.com.bb.android.environment.environmentprovider
I/ActivityManager(  745): Process com.android.providers.calendar (pid 5654) has died
W/ActivityManager(  745): getRunningAppProcesses: caller 10220 does not hold REAL_GET_TASKS; limiting output
I/ActivityManager(  745): Waited long enough for: ServiceRecord{88ce398 u0 com.facebook.orca/com.facebook.messaging.newphoto.NewPhotoIntentService}
I/LED_58  (  322): set_led 58, got [backlight] c[ff414141], on/off[0,0], mode:0
I/ProcessStatsService(  745): Prepared write state in 33ms
W/ProcessCpuTracker(  745): Skipping unknown process pid 7091
W/ProcessCpuTracker(  745): Skipping unknown process pid 7092
W/ProcessCpuTracker(  745): Skipping unknown process pid 7094
D/WifiService(  745): Client connection lost with reason: 4
I/ActivityManager(  745): Process com.sonymobile.playanywhere (pid 3197) has died
W/ActivityManager(  745): Scheduling restart of crashed service com.sonymobile.playanywhere/.service.CrossProcessService in 1000ms
I/ActivityManager(  745): Start proc 7266:com.sonymobile.playanywhere/u0a264 for service com.sonymobile.playanywhere/.service.CrossProcessService
W/ResourcesManager( 7266): Asset path '/system/framework/com.sonymobile.softreset.jar' does not exist or contains no resources.
W/ResourcesManager( 7266): Asset path '/system/framework/com.sonyericsson.dlna_impl.jar' does not exist or contains no resources.
I/ActivityManager(  745): Process org.simalliance.openmobileapi.service (pid 3260) has died
W/ActivityManager(  745): Scheduling restart of crashed service org.simalliance.openmobileapi.service/.SmartcardService in 1000ms
D/WifiService(  745): New client listening to asynchronous messages
I/ActivityManager(  745): Start proc 7304:com.sonymobile.tvout.wifidisplay/1000 for broadcast com.sonymobile.tvout.wifidisplay/.requesthandler.RequestHandlerReceiver
W/ResourcesManager( 7304): Asset path '/system/framework/com.sonymobile.softreset.jar' does not exist or contains no resources.
W/ResourcesManager( 7304): Asset path '/system/framework/com.sonymobile.tvout.wifidisplay.jar' does not exist or contains no resources.
W/ResourcesManager( 7304): Asset path '/system/framework/com.sony.smallapp.jar' does not exist or contains no resources.
W/ResourcesManager( 7304): Asset path '/system/framework/com.sonymobile.tvout.wifidisplay_impl.jar' does not exist or contains no resources.
W/ContextImpl( 7304): Calling a method in the system process without a qualified user: android.app.ContextImpl.sendStickyBroadcast:1515 android.content.ContextWrapper.sendStickyBroadcast:449 com.sonymobile.tvout.wifidisplay.WfdApplication.onCreate:86 android.app.Instrumentation.callApplicationOnCreate:1012 android.app.ActivityThread.handleBindApplication:4659 
W/ContextImpl( 7304): Calling a method in the system process without a qualified user: android.app.ContextImpl.sendStickyBroadcast:1515 android.content.ContextWrapper.sendStickyBroadcast:449 com.sonymobile.tvout.wifidisplay.WfdApplication.onCreate:93 android.app.Instrumentation.callApplicationOnCreate:1012 android.app.ActivityThread.handleBindApplication:4659 
W/ContextImpl( 7304): Calling a method in the system process without a qualified user: android.app.ContextImpl.sendStickyBroadcast:1515 android.content.ContextWrapper.sendStickyBroadcast:449 com.sonymobile.tvout.wifidisplay.WfdApplication.onCreate:97 android.app.Instrumentation.callApplicationOnCreate:1012 android.app.ActivityThread.handleBindApplication:4659 
W/ContextImpl( 7304): Calling a method in the system process without a qualified user: android.app.ContextImpl.startService:1713 android.content.ContextWrapper.startService:516 android.content.ContextWrapper.startService:516 com.sonymobile.tvout.wifidisplay.requesthandler.RequestHandlerReceiver.handleBroadcastIntent:108 com.sonymobile.tvout.wifidisplay.requesthandler.RequestHandlerReceiver.onReceive:50 
W/ContextImpl( 7304): Calling a method in the system process without a qualified user: android.app.ContextImpl.sendBroadcast:1348 android.content.ContextWrapper.sendBroadcast:377 android.content.ContextWrapper.sendBroadcast:377 com.sonymobile.tvout.wifidisplay.requesthandler.RequestHandlerService.notifyResult:335 com.sonymobile.tvout.wifidisplay.requesthandler.RequestHandlerService.handleControlFromPlayAnywhere:270 
W/ContextImpl( 7304): Calling a method in the system process without a qualified user: android.app.ContextImpl.sendBroadcast:1348 android.content.ContextWrapper.sendBroadcast:377 android.content.ContextWrapper.sendBroadcast:377 com.sonymobile.tvout.wifidisplay.requesthandler.RequestHandlerService.handleControlFromPlayAnywhere:278 com.sonymobile.tvout.wifidisplay.requesthandler.RequestHandlerService.handleMessage:525 
I/ActivityManager(  745): Start proc 7329:org.simalliance.openmobileapi.service/2989 for service org.simalliance.openmobileapi.service/.SmartcardService
W/ResourcesManager( 7329): Asset path '/system/framework/org.simalliance.openmobileapi.jar' does not exist or contains no resources.
I/ActivityManager(  745): Process com.android.calendar (pid 5703) has died
I/ActivityManager(  745): Process com.sonymobile.cellbroadcast.notification (pid 3299) has died
W/ActivityManager(  745): Scheduling restart of crashed service com.sonymobile.cellbroadcast.notification/.CellInformationService in 1000ms
I/ActivityManager(  745): Start proc 7359:com.sonymobile.cellbroadcast.notification/u0a33 for service com.sonymobile.cellbroadcast.notification/.CellInformationService
V/NotificationService(  745): notifications are disabled by AppOps for com.sonymobile.cellbroadcast.notification
E/NotificationService(  745): Suppressing notification from package com.sonymobile.cellbroadcast.notification by user request.
I/ActivityManager(  745): Process com.sony.vivomenu (pid 3324) has died
W/ActivityManager(  745): Scheduling restart of crashed service com.sony.vivomenu/.ConfigService in 1000ms
I/ActivityManager(  745): Start proc 7443:com.sony.vivomenu/u0a292 for service com.sony.vivomenu/.ConfigService
I/ActivityManager(  745): Start proc 7486:com.google.android.apps.photos/u0a274 for broadcast com.google.android.apps.photos/.scheduler.AlarmReceiver
I/ActivityManager(  745): Process com.google.process.gapps (pid 5148) has died
I/ActivityManager(  745): Start proc 7517:com.google.process.gapps/u0a42 for content provider com.google.android.gsf/.gservices.GservicesProvider
I/ActivityManager(  745): Process br.com.bb.android (pid 6482) has died
I/ActivityManager(  745): Start proc 7550:com.sonyericsson.crashmonitor/1000 for broadcast com.sonyericsson.crashmonitor/.receiver.CrashMonitorServiceBroadcastReceiver
W/ResourcesManager( 7550): Asset path '/system/framework/semc_bootinfoif.jar' does not exist or contains no resources.
W/ResourcesManager( 7550): Asset path '/system/framework/com.google.protobuf-2.3.0.jar' does not exist or contains no resources.
W/ResourcesManager( 7550): Asset path '/system/framework/com.sonymobile.datawasher.jar' does not exist or contains no resources.
W/ResourcesManager( 7550): Asset path '/system/framework/com.sonymobile.tlextract.jar' does not exist or contains no resources.
W/ResourcesManager( 7550): Asset path '/system/framework/com.sonyericsson.idd.jar' does not exist or contains no resources.
I/ActivityManager(  745): Process com.sonymobile.tvout.wifidisplay (pid 7304) has died
D/WifiService(  745): Client connection lost with reason: 4
I/ActivityManager(  745): Process com.facebook.katana (pid 3494) has died
W/ActivityManager(  745): Scheduling restart of crashed service com.facebook.katana/com.facebook.mqttlite.MqttService in 1000ms
I/ActivityManager(  745): Force stopping joaobapt.SpaceExplorer appid=10304 user=-1: uninstall pkg
I/ActivityManager(  745): Killing 5415:joaobapt.SpaceExplorer/u0a304 (adj 0): stop joaobapt.SpaceExplorer
I/WindowState(  745): WIN DEATH: Window{35babd68 u0 SurfaceView}
I/WindowState(  745): WIN DEATH: Window{f99ae5a u0 joaobapt.SpaceExplorer/org.cocos2dx.cpp.AppActivity}
W/ActivityManager(  745): Force removing ActivityRecord{3152de9e u0 joaobapt.SpaceExplorer/org.cocos2dx.cpp.AppActivity t675}: app died, no saved state
W/PackageSettings(  745): Skipping PackageSetting{37884072 com.instagram.android/10005} due to missing metadata
W/PackageSettings(  745): Skipping PackageSetting{32d25cc3 com.sonymobile.areffect.ninja_theme/10006} due to missing metadata
W/PackageSettings(  745): Skipping PackageSetting{3da71940 com.hg.cloudsandsheeparfree/10007} due to missing metadata
V/ActivityManager(  745): Display changed displayId=0
I/ActivityManager(  745): Config changes=480 {1.0 724mcc23mnc pt_BR ?layoutDir sw360dp w360dp h566dp 240dpi nrml port finger -keyb/v/h -nav/h s.274 skinPackageSeq.1}
I/WindowManager(  745): Screen frozen for +61ms due to AppWindowToken{137e0602 token=Token{1025db4d ActivityRecord{2c5bdae4 u0 com.sonyericsson.home/com.sonymobile.home.HomeActivity t196}}}
I/ActivityManager(  745): Force stopping joaobapt.SpaceExplorer appid=10304 user=0: pkg removed
W/ActivityManager(  745): Spurious death for ProcessRecord{13083a13 5415:joaobapt.SpaceExplorer/u0a304}, curProc for 5415: null
D/TaskPersister(  745): removeObsoleteFile: deleting file=675_task.xml
I/ActivityManager(  745): Start proc 7632:com.android.exchange/u0a39 for broadcast com.android.exchange/.ExchangeBroadcastReceiver
W/ResourcesManager( 7632): Asset path '/system/framework/com.sonymobile.provider.tasks.jar' does not exist or contains no resources.
W/ResourcesManager( 7632): Asset path '/system/framework/com.sonymobile.smime.jar' does not exist or contains no resources.
W/ResourcesManager( 7632): Asset path '/system/framework/jcifs.jar' does not exist or contains no resources.
W/ResourcesManager( 7632): Asset path '/system/framework/com.google.protobuf-2.3.0.jar' does not exist or contains no resources.
W/ResourcesManager( 7632): Asset path '/system/framework/com.sonyericsson.idd.jar' does not exist or contains no resources.
W/ResourcesManager(  745): Asset path '/system/framework/com.sonyericsson.uxpres.jar' does not exist or contains no resources.
W/ResourcesManager(  745): Asset path '/system/framework/com.sonymobile.smime.jar' does not exist or contains no resources.
W/ResourcesManager(  745): Asset path '/system/framework/com.google.protobuf-2.3.0.jar' does not exist or contains no resources.
W/ResourcesManager(  745): Asset path '/system/framework/com.sonyericsson.idd.jar' does not exist or contains no resources.
I/ActivityManager(  745): Start proc 7656:com.android.musicfx/u0a47 for broadcast com.android.musicfx/.Compatibility$Receiver
W/InputMethodInfo(  745): Duplicated subtype definition found: , voice
W/InputMethodManagerService(  745): Got RemoteException sending setActive(false) notification to pid 5415 uid 10304
W/ResourcesManager(  745): Asset path '/system/framework/com.google.android.maps.jar' does not exist or contains no resources.
W/ResourcesManager(  745): Asset path '/system/framework/com.sonymobile.settings.illumination.jar' does not exist or contains no resources.
I/ActivityManager(  745): Start proc 7677:com.facebook.katana/u0a299 for service com.facebook.katana/com.facebook.mqttlite.MqttService
I/ActivityManager(  745): Start proc 7697:com.android.defcontainer/u0a37 for service com.android.defcontainer/.DefaultContainerService
I/ActivityManager(  745): Start proc 7715:com.sonymobile.social.services/u0a41 for broadcast com.sonyericsson.facebook.proxylogin/.permissions.PackageChangedReceiver
I/ActivityManager(  745): Start proc 7736:android.process.acore/u0a58 for broadcast com.android.providers.contacts/.PackageIntentReceiver
I/ActivityManager(  745): Process com.google.android.apps.photos (pid 7486) has died
W/ResourcesManager( 7677): Asset path '/system/framework/com.google.android.maps.jar' does not exist or contains no resources.
I/ActivityManager(  745): Process com.google.process.gapps (pid 7517) has died
I/ActivityManager(  745): Process com.sonyericsson.crashmonitor (pid 7550) has died
I/ActivityManager(  745): Process com.android.exchange (pid 7632) has died
I/ActivityManager(  745): Start proc 7766:com.android.keychain/1000 for broadcast com.android.keychain/.KeyChainBroadcastReceiver
E/ActivityThread(  745): Failed to find provider info for com.sonymobile.superstamina.usm.provider
D/JobSchedulerService(  745): Receieved: android.intent.action.PACKAGE_REMOVED
D/BackupManagerService(  745): Received broadcast Intent { act=android.intent.action.PACKAGE_REMOVED dat=package:joaobapt.SpaceExplorer flg=0x4000010 (has extras) }
W/ContextImpl( 7766): Calling a method in the system process without a qualified user: android.app.ContextImpl.startService:1713 android.content.ContextWrapper.startService:516 android.content.ContextWrapper.startService:516 com.android.keychain.KeyChainBroadcastReceiver.onReceive:12 android.app.ActivityThread.handleReceiver:2673 
I/ActivityManager(  745): Start proc 7788:com.realvnc.android.remote/u0a145 for broadcast com.realvnc.android.remote/.RemoteControlService$PackageManagerReceiver
I/ActivityManager(  745): Start proc 7814:com.sonymobile.runtimeskinning.core/u0a204 for broadcast com.sonymobile.runtimeskinning.core/com.sonymobile.runtimeskinning.verification.install.PackageInstallReceiver
I/ActivityManager(  745): Start proc 7835:com.sonyericsson.updatecenter/u0a76 for broadcast com.sonyericsson.updatecenter/.update.ApplicationRemovedReceiver
W/ResourcesManager( 7835): Asset path '/system/framework/com.sonyericsson.uxpres.jar' does not exist or contains no resources.
W/ResourcesManager( 7835): Asset path '/system/framework/com.sonymobile.devicesecurity_impl.jar' does not exist or contains no resources.
W/ResourcesManager( 7835): Asset path '/system/framework/com.sonymobile.help.jar' does not exist or contains no resources.
W/ResourcesManager( 7835): Asset path '/system/framework/com.sonyericsson.updatecenter.jar' does not exist or contains no resources.
W/ResourcesManager( 7835): Asset path '/system/framework/com.sonymobile.fota.jar' does not exist or contains no resources.
I/ActivityManager(  745): Delay finish: com.google.android.gms/.games.chimera.GamesSystemBroadcastReceiverProxy
I/ActivityManager(  745): Start proc 7896:com.google.process.gapps/u0a42 for content provider com.google.android.gsf/.gservices.GservicesProvider
D/WifiService(  745): New client listening to asynchronous messages
I/ActivityManager(  745): Resuming delayed broadcast
I/ActivityManager(  745): Start proc 7917:com.sonyericsson.extras.liveware/u0a66 for broadcast com.sonyericsson.extras.liveware/.aef.service.InstallEventReceiver
I/ActivityManager(  745): Killing 7656:com.android.musicfx/u0a47 (adj 15): empty #9
W/ResourcesManager( 7917): Asset path '/system/framework/semc_audioeffectif.jar' does not exist or contains no resources.
W/ResourcesManager( 7917): Asset path '/system/framework/com.sonyericsson.dlna.playanywhere.jar' does not exist or contains no resources.
I/ActivityManager(  745): Delay finish: com.sonyericsson.extras.liveware/.aef.service.InstallEventReceiver
W/ActivityManager(  745): getRunningAppProcesses: caller 10299 does not hold REAL_GET_TASKS; limiting output
D/WifiService(  745): New client listening to asynchronous messages
I/ActivityManager(  745): Resuming delayed broadcast
I/ActivityManager(  745): Start proc 8021:com.google.android.apps.docs/u0a102 for broadcast com.google.android.apps.docs/.receivers.AppPackageAddRemoveReceiver
W/ActivityManager(  745): getRunningAppProcesses: caller 10102 does not hold REAL_GET_TASKS; limiting output
W/ActivityManager(  745): getRunningAppProcesses: caller 10102 does not hold REAL_GET_TASKS; limiting output
W/ActivityManager(  745): getRunningAppProcesses: caller 10102 does not hold REAL_GET_TASKS; limiting output
W/ActivityManager(  745): getRunningAppProcesses: caller 10102 does not hold REAL_GET_TASKS; limiting output
D/DefContainer( 7697): Copying /data/local/tmp/SpaceExplorerPort-debug.apk to base.apk
I/ActivityManager(  745): Start proc 8092:com.sonymobile.centralappsbrasil/u0a198 for broadcast com.sonymobile.centralappsbrasil/.receiver.AppListenerReceiver
I/ActivityManager(  745): Killing 7715:com.sonymobile.social.services/u0a41 (adj 15): empty #9
I/ActivityManager(  745): Killing 7736:android.process.acore/u0a58 (adj 15): empty #9
I/ActivityManager(  745): Start proc 8116:com.google.android.googlequicksearchbox:search/u0a77 for broadcast com.google.android.googlequicksearchbox/com.google.android.apps.gsa.search.core.icingsync.IcingCorporaChangedReceiver
I/ActivityManager(  745): Start proc 8137:com.sonyericsson.album/u0a55 for broadcast com.sonyericsson.album/.online.UpdateReceiver
W/ResourcesManager( 8137): Asset path '/system/framework/semc_audioeffectif.jar' does not exist or contains no resources.
W/ResourcesManager( 8137): Asset path '/system/framework/com.sonymobile.playanywhere.jar' does not exist or contains no resources.
W/ResourcesManager( 8137): Asset path '/system/framework/com.sonymobile.remotefileaccess.jar' does not exist or contains no resources.
W/ResourcesManager( 8137): Asset path '/system/framework/com.google.android.maps.jar' does not exist or contains no resources.
W/ResourcesManager( 8137): Asset path '/system/framework/com.sonyericsson.dlna_impl.jar' does not exist or contains no resources.
W/ResourcesManager( 8137): Asset path '/system/framework/com.sonymobile.drmstream_impl.jar' does not exist or contains no resources.
W/ResourcesManager( 8137): Asset path '/system/framework/com.sonymobile.photoanalyzer_impl.jar' does not exist or contains no resources.
W/ResourcesManager( 8137): Asset path '/system/framework/com.sonyericsson.colorextraction_impl.jar' does not exist or contains no resources.
W/ResourcesManager( 8137): Asset path '/system/framework/com.sony.device.jar' does not exist or contains no resources.
W/ResourcesManager( 8137): Asset path '/system/framework/com.sonyericsson.illumination.jar' does not exist or contains no resources.
W/ResourcesManager( 8137): Asset path '/system/framework/com.sonymobile.settings.illumination.jar' does not exist or contains no resources.
W/ResourcesManager( 8137): Asset path '/system/framework/com.sonyericsson.idd.jar' does not exist or contains no resources.
D/WifiService(  745): New client listening to asynchronous messages
D/PackageManager(  745): Renaming /data/app/vmdl471085846.tmp to /data/app/joaobapt.SpaceExplorer-1
W/ActivityManager(  745): getRunningAppProcesses: caller 10055 does not hold REAL_GET_TASKS; limiting output
I/ActivityManager(  745): Killing 7766:com.android.keychain/1000 (adj 15): empty #9
I/ActivityManager(  745): Start proc 8179:com.sonymobile.photoanalyzer/u0a72 for content provider com.sonymobile.photoanalyzer/.provider.setting.SettingProvider
I/ActivityManager(  745): Killing 7788:com.realvnc.android.remote/u0a145 (adj 15): empty #9
W/ActivityManager(  745): getRunningAppProcesses: caller 10055 does not hold REAL_GET_TASKS; limiting output
I/ActivityManager(  745): Start proc 8213:com.android.documentsui/u0a101 for broadcast com.android.documentsui/.PackageReceiver
I/ActivityManager(  745): Start proc 8234:com.android.externalstorage/u0a40 for content provider com.android.externalstorage/.ExternalStorageProvider
I/ActivityManager(  745): Start proc 8268:com.sonymobile.autopairing/u0a278 for broadcast com.sonymobile.autopairing/.AndroidPackageIntentReceiver
I/ActivityManager(  745): Killing 7835:com.sonyericsson.updatecenter/u0a76 (adj 15): empty #9
I/ActivityManager(  745): Killing 7814:com.sonymobile.runtimeskinning.core/u0a204 (adj 15): empty #10
W/ResourcesManager( 8268): Asset path '/system/framework/com.sonymobile.tvout.wifidisplay_impl.jar' does not exist or contains no resources.
I/ActivityManager(  745): Start proc 8297:android.process.acore/u0a58 for content provider com.android.providers.contacts/.SemcContactsProvider2
