W/WindowManager(  745): java.lang.IllegalArgumentException: Requested window android.os.BinderProxy@3db6762a does not exist
W/WindowManager(  745): 	at com.android.server.wm.WindowManagerService.windowForClientLocked(WindowManagerService.java:8855)
W/WindowManager(  745): 	at com.android.server.wm.WindowManagerService.windowForClientLocked(WindowManagerService.java:8846)
W/WindowManager(  745): 	at com.android.server.wm.WindowState$DeathRecipient.binderDied(WindowState.java:1164)
W/WindowManager(  745): 	at android.os.BinderProxy.sendDeathNotice(Binder.java:551)
I/WindowState(  745): WIN DEATH: null
I/ActivityManager(  745):   Force finishing activity 3 ActivityRecord{1076106c u0 joaobapt.SpaceExplorer/org.cocos2dx.cpp.AppActivity t677}
W/ActivityManager(  745): Spurious death for ProcessRecord{3e705821 11059:joaobapt.SpaceExplorer/u0a306}, curProc for 11059: null
W/PackageSettings(  745): Skipping PackageSetting{37884072 com.instagram.android/10005} due to missing metadata
W/PackageSettings(  745): Skipping PackageSetting{32d25cc3 com.sonymobile.areffect.ninja_theme/10006} due to missing metadata
W/PackageSettings(  745): Skipping PackageSetting{3da71940 com.hg.cloudsandsheeparfree/10007} due to missing metadata
I/ActivityManager(  745): Force stopping joaobapt.SpaceExplorer appid=10306 user=0: pkg removed
D/TaskPersister(  745): removeObsoleteFile: deleting file=677_task.xml
D/TaskPersister(  745): removeObsoleteFile: deleting file=677_task_thumbnail.png
W/ResourcesManager( 1590): Asset path '/system/framework/com.google.android.maps.jar' does not exist or contains no resources.
W/ResourcesManager( 1590): Asset path '/system/framework/com.sonymobile.settings.illumination.jar' does not exist or contains no resources.
I/ActivityManager(  745): Start proc 13640:com.android.exchange/u0a39 for broadcast com.android.exchange/.ExchangeBroadcastReceiver
W/ResourcesManager(13640): Asset path '/system/framework/com.sonymobile.provider.tasks.jar' does not exist or contains no resources.
W/ResourcesManager(13640): Asset path '/system/framework/com.sonymobile.smime.jar' does not exist or contains no resources.
W/ResourcesManager(13640): Asset path '/system/framework/jcifs.jar' does not exist or contains no resources.
W/ResourcesManager(13640): Asset path '/system/framework/com.google.protobuf-2.3.0.jar' does not exist or contains no resources.
W/ResourcesManager(13640): Asset path '/system/framework/com.sonyericsson.idd.jar' does not exist or contains no resources.
W/InputMethodInfo(  745): Duplicated subtype definition found: , voice
I/ActivityManager(  745): Start proc 13659:com.android.musicfx/u0a47 for broadcast com.android.musicfx/.Compatibility$Receiver
W/ResourcesManager(  745): Asset path '/system/framework/com.sonyericsson.uxpres.jar' does not exist or contains no resources.
W/ResourcesManager(  745): Asset path '/system/framework/com.sonymobile.smime.jar' does not exist or contains no resources.
W/ResourcesManager(  745): Asset path '/system/framework/com.google.protobuf-2.3.0.jar' does not exist or contains no resources.
W/ResourcesManager(  745): Asset path '/system/framework/com.sonyericsson.idd.jar' does not exist or contains no resources.
I/ActivityManager(  745): Killing 12765:com.google.android.apps.photos/u0a274 (adj 15): empty #9
W/ResourcesManager(  745): Asset path '/system/framework/com.google.android.maps.jar' does not exist or contains no resources.
W/ResourcesManager(  745): Asset path '/system/framework/com.sonymobile.settings.illumination.jar' does not exist or contains no resources.
I/ActivityManager(  745): Start proc 13680:com.sonymobile.social.services/u0a41 for broadcast com.sonyericsson.facebook.proxylogin/.permissions.PackageChangedReceiver
I/ActivityManager(  745): Start proc 13698:com.android.defcontainer/u0a37 for service com.android.defcontainer/.DefaultContainerService
I/ActivityManager(  745): Killing 12450:com.sony.smallapp.managerservice/u0a161 (adj 15): empty #9
I/ActivityManager(  745): Start proc 13721:com.android.keychain/1000 for broadcast com.android.keychain/.KeyChainBroadcastReceiver
I/ActivityManager(  745): Killing 12862:com.android.calendar/u0a150 (adj 15): empty #9
W/ContextImpl(13721): Calling a method in the system process without a qualified user: android.app.ContextImpl.startService:1713 android.content.ContextWrapper.startService:516 android.content.ContextWrapper.startService:516 com.android.keychain.KeyChainBroadcastReceiver.onReceive:12 android.app.ActivityThread.handleReceiver:2673 
I/ActivityManager(  745): Start proc 13740:com.realvnc.android.remote/u0a145 for broadcast com.realvnc.android.remote/.RemoteControlService$PackageManagerReceiver
I/ActivityManager(  745): Killing 12883:com.android.providers.calendar/u0a31 (adj 15): empty #9
E/ActivityThread(  745): Failed to find provider info for com.sonymobile.superstamina.usm.provider
D/JobSchedulerService(  745): Receieved: android.intent.action.PACKAGE_REMOVED
D/BackupManagerService(  745): Received broadcast Intent { act=android.intent.action.PACKAGE_REMOVED dat=package:joaobapt.SpaceExplorer flg=0x4000010 (has extras) }
I/ActivityManager(  745): Killing 12705:com.google.process.gapps/u0a42 (adj 15): empty #9
I/ActivityManager(  745): Killing 13552:com.sonyericsson.crashmonitor/1000 (adj 15): empty #9
I/ActivityManager(  745): Start proc 13764:com.sonymobile.runtimeskinning.core/u0a204 for broadcast com.sonymobile.runtimeskinning.core/com.sonymobile.runtimeskinning.verification.install.PackageInstallReceiver
I/ActivityManager(  745): Start proc 13784:com.sonyericsson.updatecenter/u0a76 for broadcast com.sonyericsson.updatecenter/.update.ApplicationRemovedReceiver
I/ActivityManager(  745): Killing 12196:com.google.android.gms/u0a42 (adj 15): empty #9
W/ResourcesManager(13784): Asset path '/system/framework/com.sonyericsson.uxpres.jar' does not exist or contains no resources.
W/ResourcesManager(13784): Asset path '/system/framework/com.sonymobile.devicesecurity_impl.jar' does not exist or contains no resources.
W/ResourcesManager(13784): Asset path '/system/framework/com.sonymobile.help.jar' does not exist or contains no resources.
W/ResourcesManager(13784): Asset path '/system/framework/com.sonyericsson.updatecenter.jar' does not exist or contains no resources.
W/ResourcesManager(13784): Asset path '/system/framework/com.sonymobile.fota.jar' does not exist or contains no resources.
I/ActivityManager(  745): Start proc 13813:com.google.android.gms/u0a42 for service com.google.android.gms/.chimera.GmsIntentOperationService
I/ActivityManager(  745): Killing 13640:com.android.exchange/u0a39 (adj 15): empty #9
W/ResourcesManager(13813): Asset path '/system/framework/com.android.media.remotedisplay.jar' does not exist or contains no resources.
W/ResourcesManager(13813): Asset path '/system/framework/com.android.location.provider.jar' does not exist or contains no resources.
I/ActivityManager(  745): Start proc 13842:com.google.process.gapps/u0a42 for content provider com.google.android.gsf/.gservices.GservicesProvider
I/ActivityManager(  745): Delay finish: com.google.android.gms/.games.chimera.GamesSystemBroadcastReceiverProxy
I/ActivityManager(  745): Killing 13659:com.android.musicfx/u0a47 (adj 15): empty #9
D/ConnectivityService(  745): listenForNetwork for NetworkRequest [ id=360, legacyType=-1, [ Capabilities: INTERNET&NOT_RESTRICTED&TRUSTED&NOT_VPN] ]
D/ConnectivityService(  745): handleRegisterNetworkRequest checking NetworkAgentInfo [WIFI () - 211]
D/ConnectivityService(  745): apparently satisfied.  currentScore=100
I/ActivityManager(  745): Resuming delayed broadcast
I/ActivityManager(  745): Delay finish: com.sonyericsson.extras.liveware/.aef.service.InstallEventReceiver
I/ActivityManager(  745): Resuming delayed broadcast
I/ActivityManager(  745): Start proc 13942:com.google.android.apps.docs/u0a102 for broadcast com.google.android.apps.docs/.receivers.AppPackageAddRemoveReceiver
W/ActivityManager(  745): getRunningAppProcesses: caller 10102 does not hold REAL_GET_TASKS; limiting output
W/ActivityManager(  745): getRunningAppProcesses: caller 10102 does not hold REAL_GET_TASKS; limiting output
W/ActivityManager(  745): getRunningAppProcesses: caller 10102 does not hold REAL_GET_TASKS; limiting output
W/ActivityManager(  745): getRunningAppProcesses: caller 10102 does not hold REAL_GET_TASKS; limiting output
I/ActivityManager(  745): Start proc 13984:com.sonymobile.centralappsbrasil/u0a198 for broadcast com.sonymobile.centralappsbrasil/.receiver.AppListenerReceiver
I/ActivityManager(  745): Killing 13698:com.android.defcontainer/u0a37 (adj 15): empty #9
I/ActivityManager(  745): Start proc 14007:com.android.vending/u0a51 for broadcast com.android.vending/com.google.android.finsky.receivers.PackageMonitorReceiver$RegisteredReceiver
I/ActivityManager(  745): Killing 13680:com.sonymobile.social.services/u0a41 (adj 15): empty #9
I/ActivityManager(  745): Start proc 14074:com.android.defcontainer/u0a37 for service com.android.defcontainer/.DefaultContainerService
I/ActivityManager(  745): Start proc 14093:com.google.android.googlequicksearchbox:search/u0a77 for broadcast com.google.android.googlequicksearchbox/com.google.android.apps.gsa.search.core.icingsync.IcingCorporaChangedReceiver
D/DefContainer(14074): Copying /data/local/tmp/SpaceExplorerPort-debug.apk to base.apk
I/ActivityManager(  745): Killing 13119:android.process.acore/u0a58 (adj 15): empty #9
I/ActivityManager(  745): Start proc 14124:com.sonyericsson.album/u0a55 for broadcast com.sonyericsson.album/.online.UpdateReceiver
W/ResourcesManager(14124): Asset path '/system/framework/semc_audioeffectif.jar' does not exist or contains no resources.
W/ResourcesManager(14124): Asset path '/system/framework/com.sonymobile.playanywhere.jar' does not exist or contains no resources.
W/ResourcesManager(14124): Asset path '/system/framework/com.sonymobile.remotefileaccess.jar' does not exist or contains no resources.
W/ResourcesManager(14124): Asset path '/system/framework/com.google.android.maps.jar' does not exist or contains no resources.
W/ResourcesManager(14124): Asset path '/system/framework/com.sonyericsson.dlna_impl.jar' does not exist or contains no resources.
W/ResourcesManager(14124): Asset path '/system/framework/com.sonymobile.drmstream_impl.jar' does not exist or contains no resources.
W/ResourcesManager(14124): Asset path '/system/framework/com.sonymobile.photoanalyzer_impl.jar' does not exist or contains no resources.
W/ResourcesManager(14124): Asset path '/system/framework/com.sonyericsson.colorextraction_impl.jar' does not exist or contains no resources.
W/ResourcesManager(14124): Asset path '/system/framework/com.sony.device.jar' does not exist or contains no resources.
W/ResourcesManager(14124): Asset path '/system/framework/com.sonyericsson.illumination.jar' does not exist or contains no resources.
W/ResourcesManager(14124): Asset path '/system/framework/com.sonymobile.settings.illumination.jar' does not exist or contains no resources.
W/ResourcesManager(14124): Asset path '/system/framework/com.sonyericsson.idd.jar' does not exist or contains no resources.
D/WifiService(  745): New client listening to asynchronous messages
W/ActivityManager(  745): getRunningAppProcesses: caller 10055 does not hold REAL_GET_TASKS; limiting output
I/ActivityManager(  745): Killing 13721:com.android.keychain/1000 (adj 15): empty #9
W/ActivityManager(  745): getRunningAppProcesses: caller 10055 does not hold REAL_GET_TASKS; limiting output
I/ActivityManager(  745): Start proc 14168:com.android.documentsui/u0a101 for broadcast com.android.documentsui/.PackageReceiver
I/ActivityManager(  745): Start proc 14187:com.sonymobile.autopairing/u0a278 for broadcast com.sonymobile.autopairing/.AndroidPackageIntentReceiver
I/ActivityManager(  745): Killing 13740:com.realvnc.android.remote/u0a145 (adj 15): empty #9
I/ActivityManager(  745): Start proc 14208:com.android.externalstorage/u0a40 for content provider com.android.externalstorage/.ExternalStorageProvider
W/ResourcesManager(14187): Asset path '/system/framework/com.sonymobile.tvout.wifidisplay_impl.jar' does not exist or contains no resources.
I/ActivityManager(  745): Killing 13764:com.sonymobile.runtimeskinning.core/u0a204 (adj 15): empty #9
I/ActivityManager(  745): Killing 13784:com.sonyericsson.updatecenter/u0a76 (adj 15): empty #9
D/PackageManager(  745): Renaming /data/app/vmdl1137637487.tmp to /data/app/joaobapt.SpaceExplorer-1
I/ActivityManager(  745): Start proc 14234:com.sonyericsson.credentialmanagerservice/1000 for broadcast com.sonyericsson.credentialmanagerservice/.CredentialManagerUidRemovedReceiver
W/ResourcesManager(14234): Asset path '/system/framework/com.google.protobuf-2.3.0.jar' does not exist or contains no resources.
W/ResourcesManager(14234): Asset path '/system/framework/com.sonyericsson.idd.jar' does not exist or contains no resources.
I/ActivityManager(  745): Killing 13942:com.google.android.apps.docs/u0a102 (adj 11): empty #9
I/ActivityThread(14168): Removing dead content provider:android.content.ContentProviderProxy@3feb1c59
I/ActivityManager(  745): Start proc 14257:com.google.android.apps.docs/u0a102 for content provider com.google.android.apps.docs/.storagebackend.StorageBackendContentProvider
I/ActivityManager(  745): Killing 13984:com.sonymobile.centralappsbrasil/u0a198 (adj 15): empty #9
W/ActivityManager(  745): getRunningAppProcesses: caller 10102 does not hold REAL_GET_TASKS; limiting output
W/ActivityManager(  745): getRunningAppProcesses: caller 10102 does not hold REAL_GET_TASKS; limiting output
W/ActivityManager(  745): getRunningAppProcesses: caller 10102 does not hold REAL_GET_TASKS; limiting output
W/ActivityManager(  745): getRunningAppProcesses: caller 10102 does not hold REAL_GET_TASKS; limiting output
I/ActivityManager(  745): Killing 13842:com.google.process.gapps/u0a42 (adj 15): empty #9
W/PackageSettings(  745): Skipping PackageSetting{37884072 com.instagram.android/10005} due to missing metadata
W/PackageSettings(  745): Skipping PackageSetting{32d25cc3 com.sonymobile.areffect.ninja_theme/10006} due to missing metadata
W/PackageSettings(  745): Skipping PackageSetting{3da71940 com.hg.cloudsandsheeparfree/10007} due to missing metadata
W/PackageSettings(  745): Skipping PackageSetting{37884072 com.instagram.android/10005} due to missing metadata
W/PackageSettings(  745): Skipping PackageSetting{32d25cc3 com.sonymobile.areffect.ninja_theme/10006} due to missing metadata
W/PackageSettings(  745): Skipping PackageSetting{3da71940 com.hg.cloudsandsheeparfree/10007} due to missing metadata
V/BackupManagerService(  745): restoreAtInstall pkg=joaobapt.SpaceExplorer token=24 restoreSet=0
V/BackupManagerService(  745): Finishing install immediately
I/ActivityManager(  745): Start proc 14332:com.sony.smallapp.launcher/u0a163 for content provider com.sony.smallapp.launcher/.SmallAppInfoProvider
I/ActivityManager(  745): Start proc 14351:com.android.exchange/u0a39 for broadcast com.android.exchange/.ExchangeBroadcastReceiver
W/ResourcesManager( 1070): Asset path '/system/framework/com.sonymobile.camera.addon_impl.jar' does not exist or contains no resources.
W/ResourcesManager( 1070): Asset path '/system/framework/com.sonyericsson.privateapis_impl.jar' does not exist or contains no resources.
W/ResourcesManager(14332): Asset path '/system/framework/com.sony.smallapp.jar' does not exist or contains no resources.
W/ResourcesManager(  745): Asset path '/system/framework/com.sonyericsson.uxpres.jar' does not exist or contains no resources.
W/ResourcesManager(14351): Asset path '/system/framework/com.sonymobile.provider.tasks.jar' does not exist or contains no resources.
W/ResourcesManager(14351): Asset path '/system/framework/com.sonymobile.smime.jar' does not exist or contains no resources.
W/ResourcesManager(  745): Asset path '/system/framework/com.sonymobile.smime.jar' does not exist or contains no resources.
W/ResourcesManager(  745): Asset path '/system/framework/com.google.protobuf-2.3.0.jar' does not exist or contains no resources.
W/ResourcesManager(  745): Asset path '/system/framework/com.sonyericsson.idd.jar' does not exist or contains no resources.
W/ResourcesManager(14351): Asset path '/system/framework/jcifs.jar' does not exist or contains no resources.
W/ResourcesManager(14351): Asset path '/system/framework/com.google.protobuf-2.3.0.jar' does not exist or contains no resources.
W/ResourcesManager(14351): Asset path '/system/framework/com.sonyericsson.idd.jar' does not exist or contains no resources.
W/ResourcesManager( 1070): Asset path '/system/framework/com.sonymobile.camera.addon_impl.jar' does not exist or contains no resources.
W/ResourcesManager( 1070): Asset path '/system/framework/com.sonyericsson.privateapis_impl.jar' does not exist or contains no resources.
W/ResourcesManager( 1070): Asset path '/system/framework/com.sonyericsson.cameraextension_impl.jar' does not exist or contains no resources.
W/InputMethodInfo(  745): Duplicated subtype definition found: , voice
W/ResourcesManager(  745): Asset path '/system/framework/com.google.android.maps.jar' does not exist or contains no resources.
W/ResourcesManager(  745): Asset path '/system/framework/com.sonymobile.settings.illumination.jar' does not exist or contains no resources.
W/ResourcesManager( 1108): Asset path '/system/framework/com.sony.smallapp.jar' does not exist or contains no resources.
W/ResourcesManager( 1070): Asset path '/system/framework/com.sonymobile.camera.addon_impl.jar' does not exist or contains no resources.
W/ResourcesManager( 1070): Asset path '/system/framework/com.sonymobile.camera.addon_impl.jar' does not exist or contains no resources.
I/ActivityManager(  745): Start proc 14378:com.google.android.partnersetup/u0a45 for broadcast com.google.android.partnersetup/.RlzPingBroadcastReceiver
W/ResourcesManager( 1070): Asset path '/system/framework/com.sonymobile.camera.addon_impl.jar' does not exist or contains no resources.
I/ActivityManager(  745): Killing 14007:com.android.vending/u0a51 (adj 15): empty #9
W/ResourcesManager( 1070): Asset path '/system/framework/com.sonymobile.camera.addon_impl.jar' does not exist or contains no resources.
W/ResourcesManager(  745): Asset path '/system/framework/com.google.android.maps.jar' does not exist or contains no resources.
W/ResourcesManager(  745): Asset path '/system/framework/com.sonymobile.settings.illumination.jar' does not exist or contains no resources.
W/ResourcesManager(  745): Asset path '/system/framework/com.sonyericsson.uxpres.jar' does not exist or contains no resources.
W/ResourcesManager(  745): Asset path '/system/framework/com.sonymobile.smime.jar' does not exist or contains no resources.
W/ResourcesManager(  745): Asset path '/system/framework/com.google.protobuf-2.3.0.jar' does not exist or contains no resources.
W/ResourcesManager(  745): Asset path '/system/framework/com.sonyericsson.idd.jar' does not exist or contains no resources.
I/ActivityManager(  745): Start proc 14411:com.android.musicfx/u0a47 for broadcast com.android.musicfx/.Compatibility$Receiver
I/ActivityManager(  745): Killing 14093:com.google.android.googlequicksearchbox:search/u0a77 (adj 15): empty #9
I/DevicePolicyManagerService(  745): application joaobapt.SpaceExplorer unlocked
D/WifiService(  745): Client connection lost with reason: 4
I/ActivityManager(  745): Killing 14124:com.sonyericsson.album/u0a55 (adj 15): empty #9
D/BackupManagerService(  745): Received broadcast Intent { act=android.intent.action.PACKAGE_ADDED dat=package:joaobapt.SpaceExplorer flg=0x4000010 (has extras) }
W/BackupManagerService(  745): Removing schedule queue dupe of joaobapt.SpaceExplorer
I/ActivityManager(  745): Start proc 14434:com.sonymobile.social.services/u0a41 for broadcast com.sonyericsson.facebook.proxylogin/.permissions.PackageChangedReceiver
I/ActivityManager(  745): Start proc 14454:android.process.acore/u0a58 for broadcast com.android.providers.contacts/.PackageIntentReceiver
I/ActivityManager(  745): Killing 14168:com.android.documentsui/u0a101 (adj 15): empty #9
I/ActivityManager(  745): Killing 14187:com.sonymobile.autopairing/u0a278 (adj 15): empty #9
I/ActivityManager(  745): Start proc 14476:com.sonymobile.entrance/u0a265 for broadcast com.sonymobile.entrance/.logging.PackageInstallationReceiver
I/ActivityManager(  745): Killing 14208:com.android.externalstorage/u0a40 (adj 15): empty #9
W/ResourcesManager(14476): Asset path '/system/framework/com.sonyericsson.updatecenter.jar' does not exist or contains no resources.
I/ActivityManager(  745): Start proc 14505:com.sonymobile.autopairing/u0a278 for broadcast com.sonymobile.autopairing/.AndroidPackageIntentReceiver
I/ActivityManager(  745): Killing 14234:com.sonyericsson.credentialmanagerservice/1000 (adj 15): empty #9
W/ResourcesManager(14505): Asset path '/system/framework/com.sonymobile.tvout.wifidisplay_impl.jar' does not exist or contains no resources.
I/ActivityManager(  745): Killing 14257:com.google.android.apps.docs/u0a102 (adj 15): empty #9
I/ActivityManager(  745): Start proc 14528:com.sonymobile.runtimeskinning.core/u0a204 for broadcast com.sonymobile.runtimeskinning.core/com.sonymobile.runtimeskinning.verification.install.PackageInstallReceiver
I/ActivityManager(  745): Start proc 14552:com.sonyericsson.updatecenter/u0a76 for broadcast com.sonyericsson.updatecenter/.update.ApplicationInstalledReceiver
V/NotificationService(  745): pkg=com.sonymobile.runtimeskinning.core canInterrupt=false intercept=true
I/ActivityManager(  745): Killing 14332:com.sony.smallapp.launcher/u0a163 (adj 15): empty #9
W/ResourcesManager(14552): Asset path '/system/framework/com.sonyericsson.uxpres.jar' does not exist or contains no resources.
W/ResourcesManager(14552): Asset path '/system/framework/com.sonymobile.devicesecurity_impl.jar' does not exist or contains no resources.
W/ResourcesManager(14552): Asset path '/system/framework/com.sonymobile.help.jar' does not exist or contains no resources.
W/ResourcesManager(14552): Asset path '/system/framework/com.sonyericsson.updatecenter.jar' does not exist or contains no resources.
W/ResourcesManager(14552): Asset path '/system/framework/com.sonymobile.fota.jar' does not exist or contains no resources.
I/ActivityManager(  745): Start proc 14590:com.sonymobile.androidapp.cameraaddon.areffect/u0a80 for broadcast com.sonymobile.androidapp.cameraaddon.areffect/.notification.ThemeInstallReceiver
I/ActivityManager(  745): START u0 {flg=0x10000000 cmp=joaobapt.SpaceExplorer/org.cocos2dx.cpp.AppActivity} from uid 2000 on display 0
V/WindowManager(  745): addAppToken: AppWindowToken{19c189b6 token=Token{7c30d51 ActivityRecord{72e4278 u0 joaobapt.SpaceExplorer/org.cocos2dx.cpp.AppActivity t679}}} to stack=1 task=679 at 0
I/ActivityManager(  745): Killing 14351:com.android.exchange/u0a39 (adj 15): empty #9
V/WindowManager(  745): Adding window Window{3afc55af u0 Starting joaobapt.SpaceExplorer} at 4 of 10 (after Window{3cc7bae9 u0 com.android.settings/com.android.settings.Settings})
I/ActivityManager(  745): Start proc 14613:joaobapt.SpaceExplorer/u0a307 for activity joaobapt.SpaceExplorer/org.cocos2dx.cpp.AppActivity
W/ResourcesManager(14590): Asset path '/system/framework/com.sonymobile.camera.addon_impl.jar' does not exist or contains no resources.
I/ActivityManager(  745): Config changes=480 {1.0 724mcc23mnc pt_BR ?layoutDir sw360dp w598dp h334dp 240dpi nrml land finger -keyb/v/h -nav/h s.279 skinPackageSeq.1}
V/ActivityManager(  745): Display changed displayId=0
W/ActivityManager(  745): getRunningAppProcesses: caller 10080 does not hold REAL_GET_TASKS; limiting output
I/ActivityManager(  745): Killing 14378:com.google.android.partnersetup/u0a45 (adj 15): empty #9
W/ActivityManager(  745): Unable to start service Intent { act=com.enhance.gameservice.IGameTuningService pkg=com.enhance.gameservice } U=0: not found
I/ActivityManager(  745): Killing 14411:com.android.musicfx/u0a47 (adj 15): empty #9
V/WindowManager(  745): Adding window Window{de6fb43 u0 joaobapt.SpaceExplorer/org.cocos2dx.cpp.AppActivity} at 4 of 11 (before Window{3afc55af u0 Starting joaobapt.SpaceExplorer})
I/ActivityManager(  745): Start proc 14670:com.google.android.apps.docs/u0a102 for broadcast com.google.android.apps.docs/.receivers.AppPackageAddRemoveReceiver
V/WindowManager(  745): Adding window Window{e281b16 u0 SurfaceView} at 4 of 12 (before Window{de6fb43 u0 joaobapt.SpaceExplorer/org.cocos2dx.cpp.AppActivity})
W/ActivityManager(  745): getRunningAppProcesses: caller 10102 does not hold REAL_GET_TASKS; limiting output
W/ActivityManager(  745): getRunningAppProcesses: caller 10102 does not hold REAL_GET_TASKS; limiting output
W/ActivityManager(  745): getRunningAppProcesses: caller 10102 does not hold REAL_GET_TASKS; limiting output
V/WindowManager(  745): Layouts looping: On entry to LockedInner, mPendingLayoutChanges = 0x1
V/WindowManager(  745): Layouts looping: loop number 4, mPendingLayoutChanges = 0x0
V/WindowManager(  745): Layouts looping: after finishPostLayoutPolicyLw, mPendingLayoutChanges = 0x0
V/WindowManager(  745): Layouts looping: On entry to LockedInner, mPendingLayoutChanges = 0x0
V/WindowManager(  745): Layouts looping: loop number 4, mPendingLayoutChanges = 0x0
V/WindowManager(  745): Layouts looping: mLayoutNeeded, mPendingLayoutChanges = 0x1
V/WindowManager(  745): Layouts looping: On entry to LockedInner, mPendingLayoutChanges = 0x1
V/WindowManager(  745): Layouts looping: loop number 5, mPendingLayoutChanges = 0x0
V/WindowManager(  745): Layouts looping: after finishPostLayoutPolicyLw, mPendingLayoutChanges = 0x0
V/WindowManager(  745): Layouts looping: On entry to LockedInner, mPendingLayoutChanges = 0x0
V/WindowManager(  745): Layouts looping: loop number 5, mPendingLayoutChanges = 0x0
V/WindowManager(  745): Layouts looping: mLayoutNeeded, mPendingLayoutChanges = 0x1
E/WindowManager(  745): Performed 6 layouts in a row. Skipping
V/WindowManager(  745): Layouts looping: On entry to LockedInner, mPendingLayoutChanges = 0x1
V/WindowManager(  745): Layouts looping: loop number 4, mPendingLayoutChanges = 0x0
V/WindowManager(  745): Layouts looping: after finishPostLayoutPolicyLw, mPendingLayoutChanges = 0x0
V/WindowManager(  745): Layouts looping: On entry to LockedInner, mPendingLayoutChanges = 0x0
V/WindowManager(  745): Layouts looping: loop number 4, mPendingLayoutChanges = 0x0
V/WindowManager(  745): Layouts looping: mLayoutNeeded, mPendingLayoutChanges = 0x1
V/WindowManager(  745): Layouts looping: On entry to LockedInner, mPendingLayoutChanges = 0x1
V/WindowManager(  745): Layouts looping: loop number 5, mPendingLayoutChanges = 0x0
V/WindowManager(  745): Layouts looping: after finishPostLayoutPolicyLw, mPendingLayoutChanges = 0x0
V/WindowManager(  745): Layouts looping: On entry to LockedInner, mPendingLayoutChanges = 0x0
V/WindowManager(  745): Layouts looping: loop number 5, mPendingLayoutChanges = 0x0
V/WindowManager(  745): Layouts looping: mLayoutNeeded, mPendingLayoutChanges = 0x1
E/WindowManager(  745): Performed 6 layouts in a row. Skipping
I/WindowManager(  745): Screen frozen for +1s78ms due to Window{3afc55af u0 Starting joaobapt.SpaceExplorer}
I/ActivityManager(  745): Start proc 14696:com.google.process.gapps/u0a42 for content provider com.google.android.gsf/.gservices.GservicesProvider
W/ActivityManager(  745): getRunningAppProcesses: caller 10102 does not hold REAL_GET_TASKS; limiting output
I/ActivityManager(  745): Killing 14434:com.sonymobile.social.services/u0a41 (adj 15): empty #9
I/ActivityManager(  745): Start proc 14734:com.sonymobile.centralappsbrasil/u0a198 for broadcast com.sonymobile.centralappsbrasil/.receiver.AppListenerReceiver
I/ActivityManager(  745): Killing 14476:com.sonymobile.entrance/u0a265 (adj 15): empty #9
I/ActivityManager(  745): Start proc 14757:com.android.vending/u0a51 for broadcast com.android.vending/com.google.android.finsky.receivers.PackageMonitorReceiver$RegisteredReceiver
I/ActivityManager(  745): Killing 14505:com.sonymobile.autopairing/u0a278 (adj 15): empty #9
I/ActivityManager(  745): Start proc 14805:com.google.android.googlequicksearchbox:search/u0a77 for broadcast com.google.android.googlequicksearchbox/com.google.android.apps.gsa.search.core.icingsync.IcingCorporaChangedReceiver
I/ActivityManager(  745): Killing 14528:com.sonymobile.runtimeskinning.core/u0a204 (adj 15): empty #9
I/ActivityManager(  745): Start proc 14833:com.sonyericsson.album/u0a55 for broadcast com.sonyericsson.album/.online.UpdateReceiver
W/ResourcesManager(14833): Asset path '/system/framework/semc_audioeffectif.jar' does not exist or contains no resources.
W/ResourcesManager(14833): Asset path '/system/framework/com.sonymobile.playanywhere.jar' does not exist or contains no resources.
W/ResourcesManager(14833): Asset path '/system/framework/com.sonymobile.remotefileaccess.jar' does not exist or contains no resources.
W/ResourcesManager(14833): Asset path '/system/framework/com.google.android.maps.jar' does not exist or contains no resources.
W/ResourcesManager(14833): Asset path '/system/framework/com.sonyericsson.dlna_impl.jar' does not exist or contains no resources.
W/ResourcesManager(14833): Asset path '/system/framework/com.sonymobile.drmstream_impl.jar' does not exist or contains no resources.
W/ResourcesManager(14833): Asset path '/system/framework/com.sonymobile.photoanalyzer_impl.jar' does not exist or contains no resources.
W/ResourcesManager(14833): Asset path '/system/framework/com.sonyericsson.colorextraction_impl.jar' does not exist or contains no resources.
W/ResourcesManager(14833): Asset path '/system/framework/com.sony.device.jar' does not exist or contains no resources.
W/ResourcesManager(14833): Asset path '/system/framework/com.sonyericsson.illumination.jar' does not exist or contains no resources.
W/ResourcesManager(14833): Asset path '/system/framework/com.sonymobile.settings.illumination.jar' does not exist or contains no resources.
W/ResourcesManager(14833): Asset path '/system/framework/com.sonyericsson.idd.jar' does not exist or contains no resources.
D/WifiService(  745): New client listening to asynchronous messages
W/ActivityManager(  745): getRunningAppProcesses: caller 10055 does not hold REAL_GET_TASKS; limiting output
I/ActivityManager(  745): Killing 14552:com.sonyericsson.updatecenter/u0a76 (adj 15): empty #9
I/ActivityManager(  745): Start proc 14883:com.sonymobile.runtimeskinning.picker/u0a294 for broadcast com.sonymobile.runtimeskinning.picker/.SkinVerifiedReceiver
W/ActivityManager(  745): getRunningAppProcesses: caller 10055 does not hold REAL_GET_TASKS; limiting output
I/ActivityManager(  745): Killing 14590:com.sonymobile.androidapp.cameraaddon.areffect/u0a80 (adj 15): empty #9
I/ActivityManager(  745): Killing 14074:com.android.defcontainer/u0a37 (adj 15): empty #9
V/ActivityManager(  745): Display changed displayId=0
I/WindowManager(  745): Screen frozen for +62ms due to Window{3afc55af u0 Starting joaobapt.SpaceExplorer}
W/ResourcesManager(14670): Asset path '/system/framework/com.android.media.remotedisplay.jar' does not exist or contains no resources.
W/ResourcesManager(14670): Asset path '/system/framework/com.android.location.provider.jar' does not exist or contains no resources.
I/ActivityManager(  745): Killing 14670:com.google.android.apps.docs/u0a102 (adj 15): empty #9
W/AppOps  (  745): Bad call: specified package com.google.android.play.games under uid 10307 but it is really 10139
W/AppOps  (  745): Bad call: specified package com.google.android.play.games under uid 10307 but it is really 10139
V/WindowManager(  745): Adding window Window{5579a5 u0 com.google.android.gms} at 6 of 12 (after Window{de6fb43 u0 joaobapt.SpaceExplorer/org.cocos2dx.cpp.AppActivity})
W/AppOps  (  745): Bad call: specified package com.google.android.play.games under uid 10307 but it is really 10139
W/AppOps  (  745): Bad call: specified package com.google.android.play.games under uid 10307 but it is really 10139
W/AppOps  (  745): Bad call: specified package com.google.android.play.games under uid 10307 but it is really 10139
W/AppOps  (  745): Bad call: specified package com.google.android.play.games under uid 10307 but it is really 10139
W/AppOps  (  745): Bad call: specified package com.google.android.play.games under uid 10307 but it is really 10139
W/AppOps  (  745): Bad call: specified package com.google.android.play.games under uid 10307 but it is really 10139
W/AppOps  (  745): Bad call: specified package com.google.android.play.games under uid 10307 but it is really 10139
W/AppOps  (  745): Bad call: specified package com.google.android.play.games under uid 10307 but it is really 10139
W/AppOps  (  745): Bad call: specified package com.google.android.play.games under uid 10307 but it is really 10139
W/AppOps  (  745): Bad call: specified package com.google.android.play.games under uid 10307 but it is really 10139
W/AppOps  (  745): Bad call: specified package com.google.android.play.games under uid 10307 but it is really 10139
W/AppOps  (  745): Bad call: specified package com.google.android.play.games under uid 10307 but it is really 10139
V/ActivityManager(  745): Display changed displayId=0
I/WindowManager(  745): Screen frozen for +42ms due to Window{3afc55af u0 Starting joaobapt.SpaceExplorer}
V/ActivityManager(  745): Display changed displayId=0
I/WindowManager(  745): Screen frozen for +48ms due to Window{3afc55af u0 Starting joaobapt.SpaceExplorer}
W/AppOps  (  745): Bad call: specified package com.google.android.play.games under uid 10307 but it is really 10139
W/AppOps  (  745): Bad call: specified package com.google.android.play.games under uid 10307 but it is really 10139
W/AppOps  (  745): Bad call: specified package com.google.android.play.games under uid 10307 but it is really 10139
W/AppOps  (  745): Bad call: specified package com.google.android.play.games under uid 10307 but it is really 10139
W/AppOps  (  745): Bad call: specified package com.google.android.play.games under uid 10307 but it is really 10139
W/AppOps  (  745): Bad call: specified package com.google.android.play.games under uid 10307 but it is really 10139
W/AppOps  (  745): Bad call: specified package com.google.android.play.games under uid 10307 but it is really 10139
W/AppOps  (  745): Bad call: specified package com.google.android.play.games under uid 10307 but it is really 10139
W/AppOps  (  745): Bad call: specified package com.google.android.play.games under uid 10307 but it is really 10139
D/WifiService(  745): Client connection lost with reason: 4
I/ActivityManager(  745): Process android.process.acore (pid 14454) has died
I/ActivityManager(  745): Process com.sonymobile.playanywhere (pid 7266) has died
W/ActivityManager(  745): Scheduling restart of crashed service com.sonymobile.playanywhere/.service.CrossProcessService in 1000ms
I/ActivityManager(  745): Process com.sonymobile.centralappsbrasil (pid 14734) has died
I/ActivityManager(  745): Process org.simalliance.openmobileapi.service (pid 7329) has died
W/ActivityManager(  745): Scheduling restart of crashed service org.simalliance.openmobileapi.service/.SmartcardService in 10930ms
I/ActivityManager(  745): Process com.sonyericsson.album (pid 14833) has died
I/ActivityManager(  745): Process com.sonymobile.runtimeskinning.picker (pid 14883) has died
I/ActivityManager(  745): Process com.sonymobile.cellbroadcast.notification (pid 7359) has died
W/ActivityManager(  745): Scheduling restart of crashed service com.sonymobile.cellbroadcast.notification/.CellInformationService in 20620ms
I/ActivityManager(  745): Process com.sony.vivomenu (pid 7443) has died
W/ActivityManager(  745): Scheduling restart of crashed service com.sony.vivomenu/.ConfigService in 30590ms
I/ActivityManager(  745): Start proc 15200:com.sonymobile.playanywhere/u0a264 for service com.sonymobile.playanywhere/.service.CrossProcessService
W/ResourcesManager(15200): Asset path '/system/framework/com.sonymobile.softreset.jar' does not exist or contains no resources.
W/ResourcesManager(15200): Asset path '/system/framework/com.sonyericsson.dlna_impl.jar' does not exist or contains no resources.
D/WifiService(  745): New client listening to asynchronous messages
I/ActivityManager(  745): Start proc 15234:com.sonymobile.tvout.wifidisplay/1000 for broadcast com.sonymobile.tvout.wifidisplay/.requesthandler.RequestHandlerReceiver
W/ResourcesManager(15234): Asset path '/system/framework/com.sonymobile.softreset.jar' does not exist or contains no resources.
W/ResourcesManager(15234): Asset path '/system/framework/com.sonymobile.tvout.wifidisplay.jar' does not exist or contains no resources.
W/ResourcesManager(15234): Asset path '/system/framework/com.sony.smallapp.jar' does not exist or contains no resources.
W/ResourcesManager(15234): Asset path '/system/framework/com.sonymobile.tvout.wifidisplay_impl.jar' does not exist or contains no resources.
W/ContextImpl(15234): Calling a method in the system process without a qualified user: android.app.ContextImpl.sendStickyBroadcast:1515 android.content.ContextWrapper.sendStickyBroadcast:449 com.sonymobile.tvout.wifidisplay.WfdApplication.onCreate:86 android.app.Instrumentation.callApplicationOnCreate:1012 android.app.ActivityThread.handleBindApplication:4659 
W/ContextImpl(15234): Calling a method in the system process without a qualified user: android.app.ContextImpl.sendStickyBroadcast:1515 android.content.ContextWrapper.sendStickyBroadcast:449 com.sonymobile.tvout.wifidisplay.WfdApplication.onCreate:93 android.app.Instrumentation.callApplicationOnCreate:1012 android.app.ActivityThread.handleBindApplication:4659 
W/ContextImpl(15234): Calling a method in the system process without a qualified user: android.app.ContextImpl.sendStickyBroadcast:1515 android.content.ContextWrapper.sendStickyBroadcast:449 com.sonymobile.tvout.wifidisplay.WfdApplication.onCreate:97 android.app.Instrumentation.callApplicationOnCreate:1012 android.app.ActivityThread.handleBindApplication:4659 
W/ContextImpl(15234): Calling a method in the system process without a qualified user: android.app.ContextImpl.startService:1713 android.content.ContextWrapper.startService:516 android.content.ContextWrapper.startService:516 com.sonymobile.tvout.wifidisplay.requesthandler.RequestHandlerReceiver.handleBroadcastIntent:108 com.sonymobile.tvout.wifidisplay.requesthandler.RequestHandlerReceiver.onReceive:50 
W/ContextImpl(15234): Calling a method in the system process without a qualified user: android.app.ContextImpl.sendBroadcast:1348 android.content.ContextWrapper.sendBroadcast:377 android.content.ContextWrapper.sendBroadcast:377 com.sonymobile.tvout.wifidisplay.requesthandler.RequestHandlerService.notifyResult:335 com.sonymobile.tvout.wifidisplay.requesthandler.RequestHandlerService.handleControlFromPlayAnywhere:270 
W/ContextImpl(15234): Calling a method in the system process without a qualified user: android.app.ContextImpl.sendBroadcast:1348 android.content.ContextWrapper.sendBroadcast:377 android.content.ContextWrapper.sendBroadcast:377 com.sonymobile.tvout.wifidisplay.requesthandler.RequestHandlerService.handleControlFromPlayAnywhere:278 com.sonymobile.tvout.wifidisplay.requesthandler.RequestHandlerService.handleMessage:525 
I/ActivityManager(  745): Start proc 15266:org.simalliance.openmobileapi.service/2989 for service org.simalliance.openmobileapi.service/.SmartcardService
W/ResourcesManager(15266): Asset path '/system/framework/org.simalliance.openmobileapi.jar' does not exist or contains no resources.
W/AppOps  (  745): Bad call: specified package com.google.android.play.games under uid 10307 but it is really 10139
W/AppOps  (  745): Bad call: specified package com.google.android.play.games under uid 10307 but it is really 10139
W/AppOps  (  745): Bad call: specified package com.google.android.play.games under uid 10307 but it is really 10139
I/ActivityManager(  745): Start proc 15289:com.sonymobile.cellbroadcast.notification/u0a33 for service com.sonymobile.cellbroadcast.notification/.CellInformationService
V/NotificationService(  745): notifications are disabled by AppOps for com.sonymobile.cellbroadcast.notification
E/NotificationService(  745): Suppressing notification from package com.sonymobile.cellbroadcast.notification by user request.
W/AppOps  (  745): Bad call: specified package com.google.android.play.games under uid 10307 but it is really 10139
W/AppOps  (  745): Bad call: specified package com.google.android.play.games under uid 10307 but it is really 10139
W/AppOps  (  745): Bad call: specified package com.google.android.play.games under uid 10307 but it is really 10139
I/ActivityManager(  745): Start proc 15317:com.sony.vivomenu/u0a292 for service com.sony.vivomenu/.ConfigService
I/ActivityManager(  745): START u0 {act=android.intent.action.MAIN cat=[android.intent.category.HOME] flg=0x10200000 cmp=com.sonyericsson.home/com.sonymobile.home.HomeActivity} from uid 1000 on display 0
V/ActivityManager(  745): Display changed displayId=0
I/ActivityManager(  745): Config changes=480 {1.0 724mcc23mnc pt_BR ?layoutDir sw360dp w360dp h566dp 240dpi nrml port finger -keyb/v/h -nav/h s.280 skinPackageSeq.1}
I/WindowManager(  745): Screen frozen for +475ms due to Window{102983fe u0 StatusBar}
W/ResourcesManager( 1108): Asset path '/system/framework/com.sonyericsson.appextensions.jar' does not exist or contains no resources.
W/ResourcesManager( 1108): Asset path '/system/framework/com.sonyericsson.android.socialphonebook.dynamic.jar' does not exist or contains no resources.
W/ResourcesManager( 1108): Asset path '/system/framework/com.sonyericsson.privateapis_impl.jar' does not exist or contains no resources.
V/DeadZone( 1108): consuming errant click: (405.0,12.0)
I/ActivityManager(  745): START u0 {act=com.android.systemui.recents.SHOW_RECENTS flg=0x10804000 cmp=com.android.systemui/.recents.RecentsActivity} from uid 10046 on display 0
I/ActivityManager(  745): Start proc 15371:com.sony.smallapp.managerservice/u0a161 for service com.sony.smallapp.managerservice/.SmallAppManagerService
D/TaskPersister(  745): removeObsoleteFile: deleting file=678_task_thumbnail.png
I/ActivityManager(  745): Killing 14613:joaobapt.SpaceExplorer/u0a307 (adj 9): remove task
I/WindowState(  745): WIN DEATH: Window{de6fb43 u0 joaobapt.SpaceExplorer/org.cocos2dx.cpp.AppActivity}
W/WindowManager(  745): Force-removing child win Window{e281b16 u0 SurfaceView} from container Window{de6fb43 u0 joaobapt.SpaceExplorer/org.cocos2dx.cpp.AppActivity}
W/WindowManager(  745): Failed looking up window
W/WindowManager(  745): java.lang.IllegalArgumentException: Requested window android.os.BinderProxy@2a0d8831 does not exist
W/WindowManager(  745): 	at com.android.server.wm.WindowManagerService.windowForClientLocked(WindowManagerService.java:8855)
W/WindowManager(  745): 	at com.android.server.wm.WindowManagerService.windowForClientLocked(WindowManagerService.java:8846)
W/WindowManager(  745): 	at com.android.server.wm.WindowState$DeathRecipient.binderDied(WindowState.java:1164)
W/WindowManager(  745): 	at android.os.BinderProxy.sendDeathNotice(Binder.java:551)
I/WindowState(  745): WIN DEATH: null
D/TaskPersister(  745): removeObsoleteFile: deleting file=679_task.xml
D/TaskPersister(  745): removeObsoleteFile: deleting file=679_task_thumbnail.png
I/ActivityManager(  745): START u0 {act=android.intent.action.MAIN cat=[android.intent.category.HOME] flg=0x10200000 cmp=com.sonyericsson.home/com.sonymobile.home.HomeActivity} from uid 10046 on display 0
V/DeadZone( 1108): consuming errant click: (289.0,14.0)
I/ActivityManager(  745): START u0 {act=android.intent.action.MAIN cat=[android.intent.category.LAUNCHER] flg=0x10200000 cmp=joaobapt.SpaceExplorer/org.cocos2dx.cpp.AppActivity bnds=[18,414][144,564]} from uid 10099 on display 0
V/WindowManager(  745): addAppToken: AppWindowToken{3f336cb5 token=Token{3558b0ec ActivityRecord{356a179f u0 joaobapt.SpaceExplorer/org.cocos2dx.cpp.AppActivity t680}}} to stack=1 task=680 at 0
V/WindowManager(  745): Adding window Window{18536616 u0 Starting joaobapt.SpaceExplorer} at 4 of 10 (after Window{3cc7bae9 u0 com.android.settings/com.android.settings.Settings})
I/ActivityManager(  745): Start proc 15436:joaobapt.SpaceExplorer/u0a307 for activity joaobapt.SpaceExplorer/org.cocos2dx.cpp.AppActivity
V/ActivityManager(  745): Display changed displayId=0
I/ActivityManager(  745): Config changes=480 {1.0 724mcc23mnc pt_BR ?layoutDir sw360dp w598dp h334dp 240dpi nrml land finger -keyb/v/h -nav/h s.281 skinPackageSeq.1}
W/ActivityManager(  745): Unable to start service Intent { act=com.enhance.gameservice.IGameTuningService pkg=com.enhance.gameservice } U=0: not found
V/WindowManager(  745): Adding window Window{3b59ed25 u0 joaobapt.SpaceExplorer/org.cocos2dx.cpp.AppActivity} at 4 of 11 (before Window{18536616 u0 Starting joaobapt.SpaceExplorer})
V/WindowManager(  745): Adding window Window{16fa5887 u0 SurfaceView} at 4 of 12 (before Window{3b59ed25 u0 joaobapt.SpaceExplorer/org.cocos2dx.cpp.AppActivity})
V/WindowManager(  745): Layouts looping: On entry to LockedInner, mPendingLayoutChanges = 0x1
V/WindowManager(  745): Layouts looping: loop number 4, mPendingLayoutChanges = 0x0
V/WindowManager(  745): Layouts looping: after finishPostLayoutPolicyLw, mPendingLayoutChanges = 0x0
V/WindowManager(  745): Layouts looping: On entry to LockedInner, mPendingLayoutChanges = 0x0
V/WindowManager(  745): Layouts looping: loop number 4, mPendingLayoutChanges = 0x0
V/WindowManager(  745): Layouts looping: mLayoutNeeded, mPendingLayoutChanges = 0x1
V/WindowManager(  745): Layouts looping: On entry to LockedInner, mPendingLayoutChanges = 0x1
V/WindowManager(  745): Layouts looping: loop number 5, mPendingLayoutChanges = 0x0
V/WindowManager(  745): Layouts looping: after finishPostLayoutPolicyLw, mPendingLayoutChanges = 0x0
V/WindowManager(  745): Layouts looping: On entry to LockedInner, mPendingLayoutChanges = 0x0
V/WindowManager(  745): Layouts looping: loop number 5, mPendingLayoutChanges = 0x0
V/WindowManager(  745): Layouts looping: mLayoutNeeded, mPendingLayoutChanges = 0x1
E/WindowManager(  745): Performed 6 layouts in a row. Skipping
I/WindowManager(  745): Screen frozen for +570ms due to Window{18536616 u0 Starting joaobapt.SpaceExplorer}
W/AppOps  (  745): Bad call: specified package com.google.android.play.games under uid 10307 but it is really 10139
W/AppOps  (  745): Bad call: specified package com.google.android.play.games under uid 10307 but it is really 10139
W/AppOps  (  745): Bad call: specified package com.google.android.play.games under uid 10307 but it is really 10139
W/AppOps  (  745): Bad call: specified package com.google.android.play.games under uid 10307 but it is really 10139
W/AppOps  (  745): Bad call: specified package com.google.android.play.games under uid 10307 but it is really 10139
V/ActivityManager(  745): Display changed displayId=0
I/WindowManager(  745): Screen frozen for +45ms due to Window{18536616 u0 Starting joaobapt.SpaceExplorer}
W/AppOps  (  745): Bad call: specified package com.google.android.play.games under uid 10307 but it is really 10139
W/AppOps  (  745): Bad call: specified package com.google.android.play.games under uid 10307 but it is really 10139
W/AppOps  (  745): Bad call: specified package com.google.android.play.games under uid 10307 but it is really 10139
W/AppOps  (  745): Bad call: specified package com.google.android.play.games under uid 10307 but it is really 10139
W/AppOps  (  745): Bad call: specified package com.google.android.play.games under uid 10307 but it is really 10139
D/WifiService(  745): Client connection lost with reason: 4
I/ActivityManager(  745): Process com.google.android.googlequicksearchbox:search (pid 14805) has died
I/ActivityManager(  745): Process com.android.vending (pid 14757) has died
V/WindowManager(  745): not Base app: Adding window Window{1aeb0244 u0 joaobapt.SpaceExplorer/org.cocos2dx.cpp.AppActivity} at 6 of 12
W/InputMethodManagerService(  745): Window already focused, ignoring focus gain of: com.android.internal.view.IInputMethodClient$Stub$Proxy@2d1655dc attribute=null, token = android.os.BinderProxy@39602d1c
W/AppOps  (  745): Bad call: specified package com.google.android.play.games under uid 10307 but it is really 10139
W/AppOps  (  745): Bad call: specified package com.google.android.play.games under uid 10307 but it is really 10139
W/AppOps  (  745): Bad call: specified package com.google.android.play.games under uid 10307 but it is really 10139
I/ActivityManager(  745): START u0 {act=android.intent.action.MAIN cat=[android.intent.category.HOME] flg=0x10200000 cmp=com.sonyericsson.home/com.sonymobile.home.HomeActivity} from uid 1000 on display 0
V/ActivityManager(  745): Display changed displayId=0
I/ActivityManager(  745): Config changes=480 {1.0 724mcc23mnc pt_BR ?layoutDir sw360dp w360dp h566dp 240dpi nrml port finger -keyb/v/h -nav/h s.282 skinPackageSeq.1}
I/WindowManager(  745): Screen frozen for +510ms due to Window{102983fe u0 StatusBar}
I/UsageStatsService(  745): User[0] Flushing usage stats to disk
I/EntropyMixer(  745): Writing entropy...
I/ActivityManager(  745): Start proc 15723:com.sonyericsson.crashmonitor/1000 for service com.sonyericsson.crashmonitor/.service.CrashMonitorService
W/ResourcesManager(15723): Asset path '/system/framework/semc_bootinfoif.jar' does not exist or contains no resources.
