I/ActivityManager(  745): Start proc 10720:com.google.android.apps.docs/u0a102 for content provider com.google.android.apps.docs/.storagebackend.StorageBackendContentProvider
W/ResourcesManager(10702): Asset path '/system/framework/com.google.protobuf-2.3.0.jar' does not exist or contains no resources.
W/ResourcesManager(10702): Asset path '/system/framework/com.sonyericsson.idd.jar' does not exist or contains no resources.
I/ActivityManager(  745): Killing 10506:com.sonymobile.centralappsbrasil/u0a198 (adj 15): empty #9
I/ActivityManager(  745): Killing 10374:com.sonyericsson.extras.liveware/u0a66 (adj 15): empty #9
D/WifiService(  745): Client connection lost with reason: 4
W/ActivityManager(  745): getRunningAppProcesses: caller 10102 does not hold REAL_GET_TASKS; limiting output
W/ActivityManager(  745): getRunningAppProcesses: caller 10102 does not hold REAL_GET_TASKS; limiting output
W/ActivityManager(  745): getRunningAppProcesses: caller 10102 does not hold REAL_GET_TASKS; limiting output
W/ActivityManager(  745): getRunningAppProcesses: caller 10102 does not hold REAL_GET_TASKS; limiting output
W/PackageSettings(  745): Skipping PackageSetting{37884072 com.instagram.android/10005} due to missing metadata
W/PackageSettings(  745): Skipping PackageSetting{32d25cc3 com.sonymobile.areffect.ninja_theme/10006} due to missing metadata
W/PackageSettings(  745): Skipping PackageSetting{3da71940 com.hg.cloudsandsheeparfree/10007} due to missing metadata
W/PackageSettings(  745): Skipping PackageSetting{37884072 com.instagram.android/10005} due to missing metadata
W/PackageSettings(  745): Skipping PackageSetting{32d25cc3 com.sonymobile.areffect.ninja_theme/10006} due to missing metadata
W/PackageSettings(  745): Skipping PackageSetting{3da71940 com.hg.cloudsandsheeparfree/10007} due to missing metadata
V/BackupManagerService(  745): restoreAtInstall pkg=joaobapt.SpaceExplorer token=23 restoreSet=0
V/BackupManagerService(  745): Finishing install immediately
W/ResourcesManager(  745): Asset path '/system/framework/com.sonyericsson.uxpres.jar' does not exist or contains no resources.
W/ResourcesManager(  745): Asset path '/system/framework/com.sonymobile.smime.jar' does not exist or contains no resources.
W/ResourcesManager(  745): Asset path '/system/framework/com.google.protobuf-2.3.0.jar' does not exist or contains no resources.
W/ResourcesManager(  745): Asset path '/system/framework/com.sonyericsson.idd.jar' does not exist or contains no resources.
I/ActivityManager(  745): Start proc 10787:com.sony.smallapp.launcher/u0a163 for content provider com.sony.smallapp.launcher/.SmallAppInfoProvider
W/InputMethodInfo(  745): Duplicated subtype definition found: , voice
W/ResourcesManager(  745): Asset path '/system/framework/com.google.android.maps.jar' does not exist or contains no resources.
W/ResourcesManager(  745): Asset path '/system/framework/com.sonymobile.settings.illumination.jar' does not exist or contains no resources.
W/ResourcesManager(  745): Asset path '/system/framework/com.google.android.maps.jar' does not exist or contains no resources.
W/ResourcesManager(  745): Asset path '/system/framework/com.sonymobile.settings.illumination.jar' does not exist or contains no resources.
W/ResourcesManager(  745): Asset path '/system/framework/com.sonyericsson.uxpres.jar' does not exist or contains no resources.
W/ResourcesManager(  745): Asset path '/system/framework/com.sonymobile.smime.jar' does not exist or contains no resources.
W/ResourcesManager(  745): Asset path '/system/framework/com.google.protobuf-2.3.0.jar' does not exist or contains no resources.
W/ResourcesManager(  745): Asset path '/system/framework/com.sonyericsson.idd.jar' does not exist or contains no resources.
I/DevicePolicyManagerService(  745): application joaobapt.SpaceExplorer unlocked
W/ResourcesManager(10787): Asset path '/system/framework/com.sony.smallapp.jar' does not exist or contains no resources.
I/ActivityManager(  745): Start proc 10812:com.android.exchange/u0a39 for broadcast com.android.exchange/.ExchangeBroadcastReceiver
W/ResourcesManager(10812): Asset path '/system/framework/com.sonymobile.provider.tasks.jar' does not exist or contains no resources.
W/ResourcesManager(10812): Asset path '/system/framework/com.sonymobile.smime.jar' does not exist or contains no resources.
W/ResourcesManager(10812): Asset path '/system/framework/jcifs.jar' does not exist or contains no resources.
W/ResourcesManager(10812): Asset path '/system/framework/com.google.protobuf-2.3.0.jar' does not exist or contains no resources.
W/ResourcesManager(10812): Asset path '/system/framework/com.sonyericsson.idd.jar' does not exist or contains no resources.
W/ResourcesManager( 1108): Asset path '/system/framework/com.sony.smallapp.jar' does not exist or contains no resources.
D/BackupManagerService(  745): Received broadcast Intent { act=android.intent.action.PACKAGE_ADDED dat=package:joaobapt.SpaceExplorer flg=0x4000010 (has extras) }
W/BackupManagerService(  745): Removing schedule queue dupe of joaobapt.SpaceExplorer
I/ActivityManager(  745): Start proc 10836:com.google.android.partnersetup/u0a45 for broadcast com.google.android.partnersetup/.RlzPingBroadcastReceiver
I/ActivityManager(  745): Killing 10549:com.google.android.googlequicksearchbox:search/u0a77 (adj 15): empty #9
D/WifiService(  745): Client connection lost with reason: 4
I/ActivityManager(  745): Killing 10568:com.sonyericsson.album/u0a55 (adj 15): empty #9
I/ActivityManager(  745): Start proc 10859:com.android.musicfx/u0a47 for broadcast com.android.musicfx/.Compatibility$Receiver
I/ActivityManager(  745): Killing 10615:com.sonymobile.photoanalyzer/u0a72 (adj 15): empty #9
I/ActivityManager(  745): Start proc 10882:com.sonymobile.social.services/u0a41 for broadcast com.sonyericsson.facebook.proxylogin/.permissions.PackageChangedReceiver
I/ActivityManager(  745): Killing 10635:com.android.documentsui/u0a101 (adj 15): empty #9
I/ActivityManager(  745): Start proc 10904:android.process.acore/u0a58 for broadcast com.android.providers.contacts/.PackageIntentReceiver
I/ActivityManager(  745): Killing 10662:com.sonymobile.autopairing/u0a278 (adj 15): empty #9
I/ActivityManager(  745): Start proc 10928:com.sonymobile.entrance/u0a265 for broadcast com.sonymobile.entrance/.logging.PackageInstallationReceiver
I/ActivityManager(  745): Killing 10680:com.android.externalstorage/u0a40 (adj 15): empty #9
W/ResourcesManager(10928): Asset path '/system/framework/com.sonyericsson.updatecenter.jar' does not exist or contains no resources.
I/ActivityManager(  745): Start proc 10954:com.sonymobile.autopairing/u0a278 for broadcast com.sonymobile.autopairing/.AndroidPackageIntentReceiver
I/ActivityManager(  745): Killing 10702:com.sonyericsson.credentialmanagerservice/1000 (adj 15): empty #9
W/ResourcesManager(10954): Asset path '/system/framework/com.sonymobile.tvout.wifidisplay_impl.jar' does not exist or contains no resources.
I/ActivityManager(  745): Killing 10720:com.google.android.apps.docs/u0a102 (adj 15): empty #9
I/ActivityManager(  745): Start proc 10980:com.sonymobile.runtimeskinning.core/u0a204 for broadcast com.sonymobile.runtimeskinning.core/com.sonymobile.runtimeskinning.verification.install.PackageInstallReceiver
I/ActivityManager(  745): Start proc 10999:com.sonyericsson.updatecenter/u0a76 for broadcast com.sonyericsson.updatecenter/.update.ApplicationInstalledReceiver
V/NotificationService(  745): pkg=com.sonymobile.runtimeskinning.core canInterrupt=false intercept=true
W/ResourcesManager(10999): Asset path '/system/framework/com.sonyericsson.uxpres.jar' does not exist or contains no resources.
W/ResourcesManager(10999): Asset path '/system/framework/com.sonymobile.devicesecurity_impl.jar' does not exist or contains no resources.
W/ResourcesManager(10999): Asset path '/system/framework/com.sonymobile.help.jar' does not exist or contains no resources.
W/ResourcesManager(10999): Asset path '/system/framework/com.sonyericsson.updatecenter.jar' does not exist or contains no resources.
W/ResourcesManager(10999): Asset path '/system/framework/com.sonymobile.fota.jar' does not exist or contains no resources.
I/ActivityManager(  745): Killing 10812:com.android.exchange/u0a39 (adj 15): empty #9
I/ActivityManager(  745): Start proc 11028:com.sonymobile.androidapp.cameraaddon.areffect/u0a80 for broadcast com.sonymobile.androidapp.cameraaddon.areffect/.notification.ThemeInstallReceiver
I/ActivityManager(  745): Killing 10836:com.google.android.partnersetup/u0a45 (adj 15): empty #9
W/ResourcesManager(11028): Asset path '/system/framework/com.sonymobile.camera.addon_impl.jar' does not exist or contains no resources.
I/ActivityManager(  745): START u0 {act=android.intent.action.MAIN cat=[android.intent.category.LAUNCHER] flg=0x10200000 cmp=joaobapt.SpaceExplorer/org.cocos2dx.cpp.AppActivity bnds=[18,414][144,564]} from uid 10099 on display 0
V/WindowManager(  745): addAppToken: AppWindowToken{1681caca token=Token{1ace1635 ActivityRecord{1076106c u0 joaobapt.SpaceExplorer/org.cocos2dx.cpp.AppActivity t677}}} to stack=1 task=677 at 0
V/WindowManager(  745): Adding window Window{22aab917 u0 Starting joaobapt.SpaceExplorer} at 10 of 16 (after Window{d824596 u0 SurfaceView})
I/ActivityManager(  745): Start proc 11059:joaobapt.SpaceExplorer/u0a306 for activity joaobapt.SpaceExplorer/org.cocos2dx.cpp.AppActivity
W/ActivityManager(  745): getRunningAppProcesses: caller 10080 does not hold REAL_GET_TASKS; limiting output
V/ActivityManager(  745): Display changed displayId=0
I/ActivityManager(  745): Config changes=480 {1.0 724mcc23mnc pt_BR ?layoutDir sw360dp w598dp h334dp 240dpi nrml land finger -keyb/v/h -nav/h s.277 skinPackageSeq.1}
I/ActivityManager(  745): Killing 10787:com.sony.smallapp.launcher/u0a163 (adj 15): empty #9
I/ActivityManager(  745): Killing 10859:com.android.musicfx/u0a47 (adj 15): empty #9
W/ActivityManager(  745): Unable to start service Intent { act=com.enhance.gameservice.IGameTuningService pkg=com.enhance.gameservice } U=0: not found
V/WindowManager(  745): Adding window Window{1d89b688 u0 joaobapt.SpaceExplorer/org.cocos2dx.cpp.AppActivity} at 10 of 17 (before Window{22aab917 u0 Starting joaobapt.SpaceExplorer})
I/ActivityManager(  745): Start proc 11120:com.sonyericsson.extras.liveware/u0a66 for broadcast com.sonyericsson.extras.liveware/.aef.service.InstallEventReceiver
V/WindowManager(  745): Adding window Window{2d2d4c1b u0 SurfaceView} at 10 of 18 (before Window{1d89b688 u0 joaobapt.SpaceExplorer/org.cocos2dx.cpp.AppActivity})
W/ResourcesManager(11120): Asset path '/system/framework/semc_audioeffectif.jar' does not exist or contains no resources.
W/ResourcesManager(11120): Asset path '/system/framework/com.sonyericsson.dlna.playanywhere.jar' does not exist or contains no resources.
I/ActivityManager(  745): Start proc 11144:com.google.process.gapps/u0a42 for content provider com.google.android.gsf/.gservices.GservicesProvider
V/WindowManager(  745): Layouts looping: On entry to LockedInner, mPendingLayoutChanges = 0x1
V/WindowManager(  745): Layouts looping: loop number 4, mPendingLayoutChanges = 0x0
V/WindowManager(  745): Layouts looping: after finishPostLayoutPolicyLw, mPendingLayoutChanges = 0x0
V/WindowManager(  745): Layouts looping: On entry to LockedInner, mPendingLayoutChanges = 0x0
V/WindowManager(  745): Layouts looping: loop number 4, mPendingLayoutChanges = 0x0
V/WindowManager(  745): Layouts looping: mLayoutNeeded, mPendingLayoutChanges = 0x1
V/WindowManager(  745): Layouts looping: On entry to LockedInner, mPendingLayoutChanges = 0x1
V/WindowManager(  745): Layouts looping: loop number 5, mPendingLayoutChanges = 0x0
V/WindowManager(  745): Layouts looping: after finishPostLayoutPolicyLw, mPendingLayoutChanges = 0x0
V/WindowManager(  745): Layouts looping: On entry to LockedInner, mPendingLayoutChanges = 0x0
V/WindowManager(  745): Layouts looping: loop number 5, mPendingLayoutChanges = 0x0
V/WindowManager(  745): Layouts looping: mLayoutNeeded, mPendingLayoutChanges = 0x1
E/WindowManager(  745): Performed 6 layouts in a row. Skipping
I/WindowManager(  745): Screen frozen for +990ms due to Window{22aab917 u0 Starting joaobapt.SpaceExplorer}
I/ActivityManager(  745): Delay finish: com.sonyericsson.extras.liveware/.aef.service.InstallEventReceiver
I/ActivityManager(  745): Killing 10882:com.sonymobile.social.services/u0a41 (adj 15): empty #9
I/ActivityManager(  745): Resuming delayed broadcast
I/ActivityManager(  745): Start proc 11182:com.google.android.apps.docs/u0a102 for broadcast com.google.android.apps.docs/.receivers.AppPackageAddRemoveReceiver
D/WifiService(  745): New client listening to asynchronous messages
W/ActivityManager(  745): getRunningAppProcesses: caller 10102 does not hold REAL_GET_TASKS; limiting output
W/ActivityManager(  745): getRunningAppProcesses: caller 10102 does not hold REAL_GET_TASKS; limiting output
W/ActivityManager(  745): getRunningAppProcesses: caller 10102 does not hold REAL_GET_TASKS; limiting output
W/ActivityManager(  745): getRunningAppProcesses: caller 10102 does not hold REAL_GET_TASKS; limiting output
I/ActivityManager(  745): Start proc 11246:com.sonymobile.centralappsbrasil/u0a198 for broadcast com.sonymobile.centralappsbrasil/.receiver.AppListenerReceiver
I/ActivityManager(  745): Killing 10928:com.sonymobile.entrance/u0a265 (adj 15): empty #9
I/ActivityManager(  745): Killing 10954:com.sonymobile.autopairing/u0a278 (adj 15): empty #9
I/ActivityManager(  745): Delay finish: com.android.vending/com.google.android.finsky.receivers.PackageMonitorReceiver$RegisteredReceiver
I/ActivityManager(  745): Resuming delayed broadcast
I/ActivityManager(  745): Start proc 11269:com.google.android.googlequicksearchbox:search/u0a77 for broadcast com.google.android.googlequicksearchbox/com.google.android.apps.gsa.search.core.icingsync.IcingCorporaChangedReceiver
I/ActivityManager(  745): Killing 10980:com.sonymobile.runtimeskinning.core/u0a204 (adj 15): empty #9
I/ActivityManager(  745): Start proc 11293:com.sonyericsson.album/u0a55 for broadcast com.sonyericsson.album/.online.UpdateReceiver
W/ResourcesManager(11293): Asset path '/system/framework/semc_audioeffectif.jar' does not exist or contains no resources.
W/ResourcesManager(11293): Asset path '/system/framework/com.sonymobile.playanywhere.jar' does not exist or contains no resources.
W/ResourcesManager(11293): Asset path '/system/framework/com.sonymobile.remotefileaccess.jar' does not exist or contains no resources.
W/ResourcesManager(11293): Asset path '/system/framework/com.google.android.maps.jar' does not exist or contains no resources.
W/ResourcesManager(11293): Asset path '/system/framework/com.sonyericsson.dlna_impl.jar' does not exist or contains no resources.
W/ResourcesManager(11293): Asset path '/system/framework/com.sonymobile.drmstream_impl.jar' does not exist or contains no resources.
W/ResourcesManager(11293): Asset path '/system/framework/com.sonymobile.photoanalyzer_impl.jar' does not exist or contains no resources.
W/ResourcesManager(11293): Asset path '/system/framework/com.sonyericsson.colorextraction_impl.jar' does not exist or contains no resources.
W/ResourcesManager(11293): Asset path '/system/framework/com.sony.device.jar' does not exist or contains no resources.
W/ResourcesManager(11293): Asset path '/system/framework/com.sonyericsson.illumination.jar' does not exist or contains no resources.
W/ResourcesManager(11293): Asset path '/system/framework/com.sonymobile.settings.illumination.jar' does not exist or contains no resources.
W/ResourcesManager(11293): Asset path '/system/framework/com.sonyericsson.idd.jar' does not exist or contains no resources.
D/WifiService(  745): New client listening to asynchronous messages
W/ActivityManager(  745): getRunningAppProcesses: caller 10055 does not hold REAL_GET_TASKS; limiting output
I/ActivityManager(  745): Killing 10999:com.sonyericsson.updatecenter/u0a76 (adj 15): empty #9
I/ActivityManager(  745): Start proc 11354:com.sonymobile.photoanalyzer/u0a72 for content provider com.sonymobile.photoanalyzer/.provider.setting.SettingProvider
I/ActivityManager(  745): Start proc 11376:com.sonymobile.runtimeskinning.picker/u0a294 for broadcast com.sonymobile.runtimeskinning.picker/.SkinVerifiedReceiver
I/ActivityManager(  745): Killing 11028:com.sonymobile.androidapp.cameraaddon.areffect/u0a80 (adj 15): empty #9
W/ActivityManager(  745): getRunningAppProcesses: caller 10055 does not hold REAL_GET_TASKS; limiting output
I/ActivityManager(  745): Killing 10107:com.android.defcontainer/u0a37 (adj 15): empty #9
I/ActivityManager(  745): Killing 10904:android.process.acore/u0a58 (adj 15): empty #9
W/ResourcesManager(11182): Asset path '/system/framework/com.android.media.remotedisplay.jar' does not exist or contains no resources.
W/ResourcesManager(11182): Asset path '/system/framework/com.android.location.provider.jar' does not exist or contains no resources.
I/ActivityManager(  745): Killing 11182:com.google.android.apps.docs/u0a102 (adj 15): empty #9
D/WifiService(  745): Client connection lost with reason: 4
I/ActivityManager(  745): Process com.sonyericsson.extras.liveware (pid 11120) has died
I/ActivityManager(  745): Process android.process.media (pid 5618) has died
W/ActivityManager(  745): Scheduling restart of crashed service com.android.providers.media/.MtpService in 1000ms
I/ActivityManager(  745): Process com.sonymobile.centralappsbrasil (pid 11246) has died
I/ActivityManager(  745): Start proc 11526:android.process.media/u0a38 for service com.android.providers.media/.MtpService
I/ActivityManager(  745): Start proc 11560:com.android.providers.calendar/u0a31 for content provider com.android.providers.calendar/.CalendarProvider2
W/ResourcesManager(11560): Asset path '/system/framework/android.test.runner.jar' does not exist or contains no resources.
I/ActivityManager(  745): Start proc 11595:com.android.calendar/u0a150 for broadcast com.android.calendar/.alerts.AlertReceiver
I/ActivityManager(  745): Process com.sonyericsson.album (pid 11293) has died
W/ResourcesManager(11595): Asset path '/system/framework/android.test.runner.jar' does not exist or contains no resources.
W/ResourcesManager(11595): Asset path '/system/framework/com.sonyericsson.uxpres.jar' does not exist or contains no resources.
W/ResourcesManager(11595): Asset path '/system/framework/com.sonymobile.provider.tasks.jar' does not exist or contains no resources.
I/ActivityManager(  745): Process com.sonymobile.photoanalyzer (pid 11354) has died
W/ActivityManager(  745): getRunningAppProcesses: caller 10150 does not hold REAL_GET_TASKS; limiting output
D/WifiService(  745): Client connection lost with reason: 4
I/ActivityManager(  745): Process com.google.android.googlequicksearchbox:search (pid 11269) has died
I/ActivityManager(  745): Process com.sonymobile.runtimeskinning.picker (pid 11376) has died
W/AppOps  (  745): Bad call: specified package com.google.android.play.games under uid 10306 but it is really 10139
W/AppOps  (  745): Bad call: specified package com.google.android.play.games under uid 10306 but it is really 10139
V/WindowManager(  745): Adding window Window{3edac237 u0 com.google.android.gms} at 12 of 18 (after Window{1d89b688 u0 joaobapt.SpaceExplorer/org.cocos2dx.cpp.AppActivity})
W/AppOps  (  745): Bad call: specified package com.google.android.play.games under uid 10306 but it is really 10139
W/AppOps  (  745): Bad call: specified package com.google.android.play.games under uid 10306 but it is really 10139
W/AppOps  (  745): Bad call: specified package com.google.android.play.games under uid 10306 but it is really 10139
W/AppOps  (  745): Bad call: specified package com.google.android.play.games under uid 10306 but it is really 10139
W/AppOps  (  745): Bad call: specified package com.google.android.play.games under uid 10306 but it is really 10139
W/AppOps  (  745): Bad call: specified package com.google.android.play.games under uid 10306 but it is really 10139
W/AppOps  (  745): Bad call: specified package com.google.android.play.games under uid 10306 but it is really 10139
W/AppOps  (  745): Bad call: specified package com.google.android.play.games under uid 10306 but it is really 10139
W/AppOps  (  745): Bad call: specified package com.google.android.play.games under uid 10306 but it is really 10139
W/AppOps  (  745): Bad call: specified package com.google.android.play.games under uid 10306 but it is really 10139
I/ActivityManager(  745): START u0 {act=android.intent.action.MAIN cat=[android.intent.category.HOME] flg=0x10200000 cmp=com.sonyericsson.home/com.sonymobile.home.HomeActivity} from uid 1000 on display 0
V/ActivityManager(  745): Display changed displayId=0
I/ActivityManager(  745): Config changes=480 {1.0 724mcc23mnc pt_BR ?layoutDir sw360dp w360dp h566dp 240dpi nrml port finger -keyb/v/h -nav/h s.278 skinPackageSeq.1}
I/WindowManager(  745): Screen frozen for +379ms due to Window{2e281ab0 u0 NavigationBar}
W/AppOps  (  745): Bad call: specified package com.google.android.play.games under uid 10306 but it is really 10139
W/AppOps  (  745): Bad call: specified package com.google.android.play.games under uid 10306 but it is really 10139
I/ActivityManager(  745): Process com.android.providers.calendar (pid 11560) has died
I/ActivityManager(  745): START u0 {act=android.intent.action.MAIN cat=[android.intent.category.HOME] flg=0x10200000 cmp=com.sonyericsson.home/com.sonymobile.home.HomeActivity} from uid 1000 on display 0
I/ActivityManager(  745): START u0 {act=android.intent.action.MAIN cat=[android.intent.category.LAUNCHER] flg=0x10200000 cmp=com.android.settings/.Settings bnds=[144,114][270,264]} from uid 10099 on display 0
W/ResourcesManager(  745): Asset path '/system/framework/com.google.protobuf-2.3.0.jar' does not exist or contains no resources.
W/ResourcesManager(  745): Asset path '/system/framework/com.sonyericsson.idd.jar' does not exist or contains no resources.
I/WindowState(  745): WIN DEATH: Window{dd2b3bc u0 com.whatsapp/com.whatsapp.HomeActivity}
I/ActivityManager(  745): Process com.android.calendar (pid 11595) has died
I/WindowState(  745): WIN DEATH: Window{2a7479fe u0 com.android.vending/com.google.android.finsky.activities.MainActivity}
D/ConnectivityService(  745): ConnectivityService NetworkRequestInfo binderDied(NetworkRequest [ id=359, legacyType=-1, [ Capabilities: INTERNET&NOT_RESTRICTED&TRUSTED&NOT_VPN] ], android.os.BinderProxy@2ec22159)
D/ConnectivityService(  745): releasing NetworkRequest NetworkRequest [ id=359, legacyType=-1, [ Capabilities: INTERNET&NOT_RESTRICTED&TRUSTED&NOT_VPN] ]
I/ActivityManager(  745): Process com.whatsapp (pid 9875) has died
E/ConnectivityService(  745): RemoteException caught trying to send a callback msg for NetworkRequest [ id=359, legacyType=-1, [ Capabilities: INTERNET&NOT_RESTRICTED&TRUSTED&NOT_VPN] ]
I/ActivityManager(  745): Process com.google.process.gapps (pid 11144) has died
I/ActivityManager(  745): Process com.android.vending (pid 20169) has died
I/ActivityManager(  745): Process com.google.android.gms (pid 10246) has died
W/ResourcesManager( 1108): Asset path '/system/framework/com.sonyericsson.appextensions.jar' does not exist or contains no resources.
W/ResourcesManager( 1108): Asset path '/system/framework/com.sonyericsson.android.socialphonebook.dynamic.jar' does not exist or contains no resources.
W/ResourcesManager( 1108): Asset path '/system/framework/com.sonyericsson.privateapis_impl.jar' does not exist or contains no resources.
I/ActivityManager(  745): START u0 {act=android.intent.action.MAIN cmp=com.android.settings/.SubSettings (has extras)} from uid 1000 on display 0
V/WindowManager(  745): addAppToken: AppWindowToken{23b4e4b8 token=Token{39c2cb1b ActivityRecord{3746912a u0 com.android.settings/.SubSettings t666}}} to stack=1 task=666 at 1
V/WindowManager(  745): Adding window Window{3ca112c9 u0 com.android.settings/com.android.settings.SubSettings} at 9 of 15 (after Window{3cc7bae9 u0 com.android.settings/com.android.settings.Settings})
I/BatteryStatsImpl(  745): Resetting battery stats: level=100 status=5 dischargeLevel=100 lowAmount=0 highAmount=0
I/ActivityManager(  745): Start proc 11841:com.sonyericsson.extras.liveware/u0a66 for broadcast com.sonyericsson.extras.liveware/.asf.EventReceiver
W/ResourcesManager(11841): Asset path '/system/framework/semc_audioeffectif.jar' does not exist or contains no resources.
W/ResourcesManager(11841): Asset path '/system/framework/com.sonyericsson.dlna.playanywhere.jar' does not exist or contains no resources.
I/EntropyMixer(  745): Writing entropy...
I/ActivityManager(  745): Start proc 11868:com.sonyericsson.capabilities/u0a36 for broadcast com.sonyericsson.capabilities/.DefCapUpdaterReceiver
W/ResourcesManager(11868): Asset path '/system/framework/semc_bootinfoif.jar' does not exist or contains no resources.
W/ResourcesManager(11868): Asset path '/system/framework/com.sonymobile.devicesecurity_impl.jar' does not exist or contains no resources.
I/ActivityManager(  745): Start proc 11900:com.sonymobile.photoanalyzer/u0a72 for broadcast com.sonymobile.photoanalyzer/.service.PowerReceiver
D/WifiService(  745): New client listening to asynchronous messages
I/ActivityManager(  745): Start proc 11920:com.sonyericsson.android.bootinfo:remote/1000 for service com.sonyericsson.android.bootinfo/.MiscTaService
W/ResourcesManager(11920): Asset path '/system/framework/semc_bootinfoif.jar' does not exist or contains no resources.
W/ContextImpl(21430): Calling a method in the system process without a qualified user: android.app.ContextImpl.startService:1713 android.content.ContextWrapper.startService:516 android.content.ContextWrapper.startService:516 com.sonyericsson.usbux.service.UsbServiceReceiver.onReceive:73 android.app.ActivityThread.handleReceiver:2673 
I/ActivityManager(  745): Start proc 11944:com.google.android.gms/u0a42 for broadcast com.google.android.gms/com.google.android.libraries.social.autobackup.AutoBackupEnvironment$BatteryReceiver
W/ResourcesManager(11944): Asset path '/system/framework/com.android.media.remotedisplay.jar' does not exist or contains no resources.
W/ResourcesManager(11944): Asset path '/system/framework/com.android.location.provider.jar' does not exist or contains no resources.
W/ContextImpl(21430): Calling a method in the system process without a qualified user: android.app.ContextImpl.startService:1713 android.content.ContextWrapper.startService:516 android.content.ContextWrapper.startService:516 com.sonyericsson.usbux.service.UsbServiceReceiver.onReceive:73 android.app.ActivityThread.handleReceiver:2673 
I/ActivityManager(  745): Start proc 11964:com.android.providers.calendar/u0a31 for content provider com.android.providers.calendar/.CalendarProvider2
E/ActivityThread(21430): Failed to find provider info for com.sonymobile.superstamina.usm.provider
V/NotificationService(  745): pkg=com.sonyericsson.usbux canInterrupt=false intercept=true
V/NotificationService(  745): pkg=com.sonyericsson.usbux canInterrupt=false intercept=true
W/ResourcesManager(11964): Asset path '/system/framework/android.test.runner.jar' does not exist or contains no resources.
I/ActivityManager(  745): Start proc 11992:com.google.process.gapps/u0a42 for content provider com.google.android.gsf/.gservices.GservicesProvider
I/ActivityManager(  745): Delaying start of: ServiceRecord{21533f54 u0 com.android.providers.calendar/.EmptyService}
I/PowerManagerService(  745): Going to sleep due to power button (uid 1000)...
I/PowerManagerService(  745): Sleeping (uid 1000)...
I/LED_58  (  322): set_led 58, got [backlight] c[ff000000], on/off[0,0], mode:0
I/ActivityManager(  745): Start proc 12015:com.sonyericsson.lockscreen.uxpnxt/u0a187 for content provider com.sonyericsson.lockscreen.uxpnxt/com.sonymobile.lockscreen.wallpaper.WallpaperProvider
W/ResourcesManager(12015): Asset path '/system/framework/android.test.runner.jar' does not exist or contains no resources.
I/ActivityManager(  745): Start proc 12041:com.sony.smallapp.managerservice/u0a161 for service com.sony.smallapp.managerservice/.SmallAppManagerService
I/ActivityManager(  745): Start proc 12068:com.android.chrome/u0a98 for broadcast com.android.chrome/org.chromium.base.PowerStatusReceiver
I/ActivityManager(  745): moveTaskToBack: TaskRecord{8addd7c #672 A=com.sonyericsson.android.camera.fastcapture U=0 sz=1}
I/DisplayManagerService(  745): Display device changed: DisplayDeviceInfo{"Tela integrada": uniqueId="local:0", 540 x 960, 60.0 fps, supportedRefreshRates [60.0], density 240, 232.474 x 234.461 dpi, appVsyncOff 0, presDeadline 17666667, touch INTERNAL, rotation 0, type BUILT_IN, state OFF, FLAG_DEFAULT_DISPLAY, FLAG_ROTATES_WITH_CONTENT, FLAG_SECURE, FLAG_SUPPORTS_PROTECTED_BUFFERS}
V/ActivityManager(  745): Display changed displayId=0
I/ActivityManager(  745): Start proc 12089:com.google.android.apps.plus/u0a140 for broadcast com.google.android.apps.plus/com.google.android.libraries.social.autobackup.AutoBackupEnvironment$BatteryReceiver
W/ResourcesManager(12089): Asset path '/system/framework/com.google.android.maps.jar' does not exist or contains no resources.
I/ActivityManager(  745): Process com.google.android.gms (pid 11944) has died
W/ActivityManager(  745): getRunningAppProcesses: caller 10140 does not hold REAL_GET_TASKS; limiting output
I/ActivityManager(  745): Start proc 12143:android.process.acore/u0a58 for content provider com.android.providers.contacts/.SemcContactsProvider2
I/ActivityManager(  745): Start proc 12161:com.google.android.apps.photos/u0a274 for broadcast com.google.android.apps.photos/.scheduler.PowerReceiver
I/ActivityManager(  745): Killing 12015:com.sonyericsson.lockscreen.uxpnxt/u0a187 (adj 15): empty #9
I/ActivityManager(  745): Start proc 12196:com.google.android.gms/u0a42 for broadcast com.google.android.gms/com.google.android.libraries.social.autobackup.AutoBackupEnvironment$BatteryReceiver
I/ActivityManager(  745): Delaying start of: ServiceRecord{395dc9dc u0 com.google.android.apps.photos/.camerashortcut.CameraShortcutServiceImpl}
W/ResourcesManager(12196): Asset path '/system/framework/com.android.media.remotedisplay.jar' does not exist or contains no resources.
W/ResourcesManager(12196): Asset path '/system/framework/com.android.location.provider.jar' does not exist or contains no resources.
I/ActivityManager(  745): Delaying start of: ServiceRecord{2294593f u0 com.sonyericsson.extras.liveware/.asf.EventHandler}
I/ActivityManager(  745): Delay finish: com.facebook.orca/com.facebook.messaging.business.calendar.CalendarSyncReceiver
I/ActivityManager(  745): Killing 12041:com.sony.smallapp.managerservice/u0a161 (adj 15): empty #9
I/ActivityManager(  745): Killing 1329:com.sonyericsson.android.camera/u0a57 (adj 15): empty #9
I/ActivityManager(  745): Killing 11868:com.sonyericsson.capabilities/u0a36 (adj 15): empty #9
I/ActivityManager(  745): Start proc 12271:com.google.android.apps.photos:CameraShortcut/u0a274 for service com.google.android.apps.photos/.camerashortcut.CameraShortcutServiceImpl
I/ActivityManager(  745): Resuming delayed broadcast
I/ActivityManager(  745): Start proc 12307:com.android.calendar/u0a150 for broadcast com.android.calendar/.alerts.AlertReceiver
W/ResourcesManager(12307): Asset path '/system/framework/android.test.runner.jar' does not exist or contains no resources.
W/ResourcesManager(12307): Asset path '/system/framework/com.sonyericsson.uxpres.jar' does not exist or contains no resources.
W/ResourcesManager(12307): Asset path '/system/framework/com.sonymobile.provider.tasks.jar' does not exist or contains no resources.
I/ActivityManager(  745): Delay finish: com.android.calendar/.alerts.AlertReceiver
I/ActivityManager(  745): Resuming delayed broadcast
W/ActivityManager(  745): getRunningAppProcesses: caller 10150 does not hold REAL_GET_TASKS; limiting output
I/ActivityManager(  745): Killing 11964:com.android.providers.calendar/u0a31 (adj 15): empty #9
I/ActivityManager(  745): Waited long enough for: ServiceRecord{255cce60 u0 com.sonymobile.photoanalyzer/.service.PhotoAnalyzerService}
I/ActivityManager(  745): Start proc 12358:com.sonyericsson.crashmonitor/1000 for service com.sonyericsson.crashmonitor/.service.CrashMonitorService
W/ResourcesManager(12358): Asset path '/system/framework/semc_bootinfoif.jar' does not exist or contains no resources.
W/ResourcesManager(12358): Asset path '/system/framework/com.google.protobuf-2.3.0.jar' does not exist or contains no resources.
W/ResourcesManager(12358): Asset path '/system/framework/com.sonymobile.datawasher.jar' does not exist or contains no resources.
W/ResourcesManager(12358): Asset path '/system/framework/com.sonymobile.tlextract.jar' does not exist or contains no resources.
W/ResourcesManager(12358): Asset path '/system/framework/com.sonyericsson.idd.jar' does not exist or contains no resources.
W/ContextImpl(12358): Calling a method in the system process without a qualified user: android.app.ContextImpl.bindService:1777 android.content.ContextWrapper.bindService:539 com.sonyericsson.crashmonitor.MiscTaAdapter.open:90 com.sonyericsson.crashmonitor.service.CrashMonitorService.onInit:127 com.sonyericsson.crashmonitor.service.CrashMonitorService.onHandleIntent:192 
I/ActivityManager(  745): Killing 12143:android.process.acore/u0a58 (adj 15): empty #9
I/ActivityManager(  745): Process com.google.android.apps.photos (pid 12161) has died
I/ActivityManager(  745): Process com.android.chrome (pid 12068) has died
I/PowerManagerService(  745): Waking up from sleep (uid 1000)...
I/DisplayPowerController(  745): Blocking screen on until initial contents have been drawn.
I/DisplayManagerService(  745): Display device changed: DisplayDeviceInfo{"Tela integrada": uniqueId="local:0", 540 x 960, 60.0 fps, supportedRefreshRates [60.0], density 240, 232.474 x 234.461 dpi, appVsyncOff 0, presDeadline 17666667, touch INTERNAL, rotation 0, type BUILT_IN, state ON, FLAG_DEFAULT_DISPLAY, FLAG_ROTATES_WITH_CONTENT, FLAG_SECURE, FLAG_SUPPORTS_PROTECTED_BUFFERS}
V/ActivityManager(  745): Display changed displayId=0
I/DisplayPowerController(  745): Unblocked screen on after 244 ms
I/LED_58  (  322): set_led 58, got [backlight] c[ff414141], on/off[0,0], mode:0
I/ActivityManager(  745): Start proc 12450:com.sony.smallapp.managerservice/u0a161 for service com.sony.smallapp.managerservice/.SmallAppManagerService
I/ActivityManager(  745): Process com.google.android.apps.plus (pid 12089) has died
W/BroadcastQueue(  745): Permission Denial: broadcasting Intent { act=android.intent.action.USER_PRESENT flg=0x24000010 } from com.android.systemui (pid=1108, uid=10046) is not exported from uid 10048 due to receiver com.sonymobile.mx.android/.receivers.StopMessageReceiver
W/ContextImpl(21430): Calling a method in the system process without a qualified user: android.app.ContextImpl.startService:1713 android.content.ContextWrapper.startService:516 android.content.ContextWrapper.startService:516 com.sonyericsson.usbux.service.UsbServiceReceiver.onReceive:73 android.app.ActivityThread.handleReceiver:2673 
W/InputMethodManagerService(  745): Window already focused, ignoring focus gain of: com.android.internal.view.IInputMethodClient$Stub$Proxy@3ef9123b attribute=android.view.inputmethod.EditorInfo@83ced58, token = android.os.BinderProxy@358392d0
I/ActivityManager(  745): Process com.google.android.apps.photos:CameraShortcut (pid 12271) has died
I/ActivityManager(  745): Process com.android.calendar (pid 12307) has died
V/WindowManager(  745): not Base app: Adding window Window{1c4ae2e9 u0 com.android.settings/com.android.settings.SubSettings} at 7 of 13
I/ActivityManager(  745): Process com.sonyericsson.crashmonitor (pid 12358) has died
W/InputMethodManagerService(  745): Window already focused, ignoring focus gain of: com.android.internal.view.IInputMethodClient$Stub$Proxy@d65c4a5 attribute=null, token = android.os.BinderProxy@358392d0
V/WindowManager(  745): not Base app: Adding window Window{54f002b u0 com.android.settings/com.android.settings.SubSettings} at 7 of 13
W/InputMethodManagerService(  745): Window already focused, ignoring focus gain of: com.android.internal.view.IInputMethodClient$Stub$Proxy@20f25c88 attribute=null, token = android.os.BinderProxy@358392d0
I/ValidateNoPeople(  745): skipping global notification
V/NotificationService(  745): pkg=android canInterrupt=false intercept=true
I/BatteryStatsImpl(  745): Resetting battery stats: level=100 status=5 dischargeLevel=100 lowAmount=0 highAmount=0
I/ActivityManager(  745): Start proc 12586:com.sonyericsson.capabilities/u0a36 for broadcast com.sonyericsson.capabilities/.DefCapUpdaterReceiver
I/ValidateNoPeople(  745): skipping global notification
V/NotificationService(  745): pkg=android canInterrupt=false intercept=true
W/ResourcesManager(12586): Asset path '/system/framework/semc_bootinfoif.jar' does not exist or contains no resources.
W/ResourcesManager(12586): Asset path '/system/framework/com.sonymobile.devicesecurity_impl.jar' does not exist or contains no resources.
W/ContextImpl(21430): Calling a method in the system process without a qualified user: android.app.ContextImpl.startService:1713 android.content.ContextWrapper.startService:516 android.content.ContextWrapper.startService:516 com.sonyericsson.usbux.service.UsbServiceReceiver.onReceive:73 android.app.ActivityThread.handleReceiver:2673 
I/ActivityManager(  745): Start proc 12608:com.android.chrome/u0a98 for broadcast com.android.chrome/org.chromium.base.PowerStatusReceiver
I/EntropyMixer(  745): Writing entropy...
W/ContextImpl(21430): Calling a method in the system process without a qualified user: android.app.ContextImpl.startService:1713 android.content.ContextWrapper.startService:516 android.content.ContextWrapper.startService:516 com.sonyericsson.usbux.service.UsbServiceReceiver.onReceive:73 android.app.ActivityThread.handleReceiver:2673 
E/ActivityThread(21430): Failed to find provider info for com.sonymobile.superstamina.usm.provider
V/NotificationService(  745): pkg=com.sonyericsson.usbux canInterrupt=false intercept=true
I/ActivityManager(  745): Start proc 12630:com.android.providers.calendar/u0a31 for content provider com.android.providers.calendar/.CalendarProvider2
W/ResourcesManager(12630): Asset path '/system/framework/android.test.runner.jar' does not exist or contains no resources.
I/ActivityManager(  745): Start proc 12653:com.google.android.apps.plus/u0a140 for broadcast com.google.android.apps.plus/com.google.android.libraries.social.autobackup.AutoBackupEnvironment$BatteryReceiver
V/NotificationService(  745): pkg=com.sonyericsson.usbux canInterrupt=false intercept=true
W/ResourcesManager(12653): Asset path '/system/framework/com.google.android.maps.jar' does not exist or contains no resources.
I/PowerManagerService(  745): Going to sleep due to power button (uid 1000)...
I/PowerManagerService(  745): Sleeping (uid 1000)...
I/ActivityManager(  745): Start proc 12674:com.sonyericsson.lockscreen.uxpnxt/u0a187 for content provider com.sonyericsson.lockscreen.uxpnxt/com.sonymobile.lockscreen.wallpaper.WallpaperProvider
I/LED_58  (  322): set_led 58, got [backlight] c[ff000000], on/off[0,0], mode:0
W/ResourcesManager(12674): Asset path '/system/framework/android.test.runner.jar' does not exist or contains no resources.
D/UsbDebuggingManager(  745): Received public key: QAAAAMcgCooJX63bBOIP4NDICfOLCF4ECOpfMcNH3dBqWRxYyK9L3VO/VcjfEAbyGb2ZPwCRzk/N0eJzqQICdhYx6NfYCnh7l4pQaKTA7baKKkZrAbrY0fQbsNyyCf7MMUzjpl43EiOvu0ipao9asveFuP4aeQ/sr0ST0qSoGWNg5v8f3uloNnDpeM9O9A8uYU2vfoS9zB6lX08M8BaDMDGnCjtAG+E6j1UlHzM9+OMtVJQUMS3iykltYilDOHYeYquBxG5XkhbLlwgauQcdYvPoWjL+7ryAg28FQD+4UU19Bh7571HYyFKmMUvODxZ2HMdUgLaKU2dkwyEMX5OaNdv2ZRNsWt7J4W60xXxYDRFCq1l1CwV2c/5ueguRxNtaZxqif93XO2rq1mbgns9DZ89DeGAPQYzFkW10zxIPNmRnvFWPrrk4ol+8pZhX1bC2B9p78aIFe4WPRxu8sgy3neYEGK/ISulJLcIldtGno9RW3r19fnf9xsOJpWJbj9kpOwp4qEk/MeT1VqRWowBX9c5MJ+6rZHeNRMTOkJziOD8uutV/BnA3+qGdHmcW1fxDyO3RQxbTsoWmwNQ/0FtCsbLeK14q8YYhF2qcA2Yf+bekjSi4fIL1wTWKDXzlltqr1mL4LNYIYdt4hrnc2H9YdJZIuhLI3cQO/c4dtZjrkk3nx5vKvFV/YwEAAQA= unknown@unknown
W/ContextImpl(  745): Calling a method in the system process without a qualified user: android.app.ContextImpl.startActivity:1245 com.android.server.usb.UsbDebuggingManager.startConfirmationActivity:289 com.android.server.usb.UsbDebuggingManager.startConfirmation:271 com.android.server.usb.UsbDebuggingManager.access$900:53 com.android.server.usb.UsbDebuggingManager$UsbDebuggingHandler.handleMessage:223 
W/ContextImpl(  745): Calling a method in the system process without a qualified user: android.app.ContextImpl.startActivity:1257 android.app.ContextImpl.startActivity:1246 com.android.server.usb.UsbDebuggingManager.startConfirmationActivity:289 com.android.server.usb.UsbDebuggingManager.startConfirmation:271 com.android.server.usb.UsbDebuggingManager.access$900:53 
I/ActivityManager(  745): START u0 {flg=0x10000000 cmp=com.android.systemui/.usb.UsbDebuggingActivity (has extras)} from uid 1000 on display 0
V/WindowManager(  745): addAppToken: AppWindowToken{2b0a1c78 token=Token{224f09db ActivityRecord{cf592ea u0 com.android.systemui/.usb.UsbDebuggingActivity t678}}} to stack=1 task=678 at 0
V/WindowManager(  745): Adding window Window{368d1f8d u0 com.android.systemui/com.android.systemui.usb.UsbDebuggingActivity} at 8 of 13 (after Window{3ca112c9 u0 com.android.settings/com.android.settings.SubSettings})
I/ActivityManager(  745): Process com.google.process.gapps (pid 11992) has died
I/DisplayManagerService(  745): Display device changed: DisplayDeviceInfo{"Tela integrada": uniqueId="local:0", 540 x 960, 60.0 fps, supportedRefreshRates [60.0], density 240, 232.474 x 234.461 dpi, appVsyncOff 0, presDeadline 17666667, touch INTERNAL, rotation 0, type BUILT_IN, state OFF, FLAG_DEFAULT_DISPLAY, FLAG_ROTATES_WITH_CONTENT, FLAG_SECURE, FLAG_SUPPORTS_PROTECTED_BUFFERS}
V/ActivityManager(  745): Display changed displayId=0
I/ActivityManager(  745): Process com.android.chrome (pid 12608) has died
D/WifiService(  745): acquireWifiLockLocked: WifiLock{NlpWifiLock type=2 binder=android.os.BinderProxy@bb92789}
I/ActivityManager(  745): Start proc 12705:com.google.process.gapps/u0a42 for content provider com.google.android.gsf/.gservices.GservicesProvider
I/PowerManagerService(  745): Waking up from sleep (uid 1000)...
I/DisplayPowerController(  745): Blocking screen on until initial contents have been drawn.
I/DisplayManagerService(  745): Display device changed: DisplayDeviceInfo{"Tela integrada": uniqueId="local:0", 540 x 960, 60.0 fps, supportedRefreshRates [60.0], density 240, 232.474 x 234.461 dpi, appVsyncOff 0, presDeadline 17666667, touch INTERNAL, rotation 0, type BUILT_IN, state ON, FLAG_DEFAULT_DISPLAY, FLAG_ROTATES_WITH_CONTENT, FLAG_SECURE, FLAG_SUPPORTS_PROTECTED_BUFFERS}
I/DisplayPowerController(  745): Unblocked screen on after 94 ms
I/LED_58  (  322): set_led 58, got [backlight] c[ff414141], on/off[0,0], mode:0
W/ActivityManager(  745): getRunningAppProcesses: caller 10140 does not hold REAL_GET_TASKS; limiting output
I/ActivityManager(  745): Start proc 12745:android.process.acore/u0a58 for content provider com.android.providers.contacts/.SemcContactsProvider2
V/ActivityManager(  745): Display changed displayId=0
I/ActivityManager(  745): Start proc 12765:com.google.android.apps.photos/u0a274 for broadcast com.google.android.apps.photos/.scheduler.PowerReceiver
D/WifiService(  745): releaseWifiLockLocked: WifiLock{NlpWifiLock type=2 binder=android.os.BinderProxy@bb92789}
I/ActivityManager(  745): Killing 12586:com.sonyericsson.capabilities/u0a36 (adj 15): empty #9
I/ActivityManager(  745): Start proc 12790:com.android.chrome/u0a98 for broadcast com.android.chrome/org.chromium.base.PowerStatusReceiver
I/ActivityManager(  745): Process com.google.android.apps.plus (pid 12653) has died
I/ActivityManager(  745): Process com.android.providers.calendar (pid 12630) has died
I/ActivityManager(  745): Start proc 12812:com.google.android.apps.plus/u0a140 for broadcast com.google.android.apps.plus/.service.BatteryReceiver
W/ResourcesManager(12812): Asset path '/system/framework/com.google.android.maps.jar' does not exist or contains no resources.
D/TaskPersister(  745): removeObsoleteFile: deleting file=667_task_thumbnail.png
I/ActivityManager(  745): Process com.sonyericsson.lockscreen.uxpnxt (pid 12674) has died
W/ActivityManager(  745): getRunningAppProcesses: caller 10140 does not hold REAL_GET_TASKS; limiting output
I/ActivityManager(  745): Delay finish: com.facebook.orca/com.facebook.messaging.business.calendar.CalendarSyncReceiver
I/ActivityManager(  745): Resuming delayed broadcast
I/ActivityManager(  745): Start proc 12862:com.android.calendar/u0a150 for broadcast com.android.calendar/.alerts.AlertReceiver
W/ResourcesManager(12862): Asset path '/system/framework/android.test.runner.jar' does not exist or contains no resources.
W/ResourcesManager(12862): Asset path '/system/framework/com.sonyericsson.uxpres.jar' does not exist or contains no resources.
W/ResourcesManager(12862): Asset path '/system/framework/com.sonymobile.provider.tasks.jar' does not exist or contains no resources.
I/ActivityManager(  745): Delay finish: com.android.calendar/.alerts.AlertReceiver
I/ActivityManager(  745): Start proc 12883:com.android.providers.calendar/u0a31 for content provider com.android.providers.calendar/.CalendarProvider2
W/ResourcesManager(12883): Asset path '/system/framework/android.test.runner.jar' does not exist or contains no resources.
I/ActivityManager(  745): Process com.sonyericsson.android.bootinfo:remote (pid 11920) has died
I/ActivityManager(  745): Resuming delayed broadcast
W/BroadcastQueue(  745): Permission Denial: broadcasting Intent { act=android.intent.action.USER_PRESENT flg=0x24000010 } from com.android.systemui (pid=1108, uid=10046) is not exported from uid 10048 due to receiver com.sonymobile.mx.android/.receivers.StopMessageReceiver
W/ContextImpl(21430): Calling a method in the system process without a qualified user: android.app.ContextImpl.startService:1713 android.content.ContextWrapper.startService:516 android.content.ContextWrapper.startService:516 com.sonyericsson.usbux.service.UsbServiceReceiver.onReceive:73 android.app.ActivityThread.handleReceiver:2673 
W/ActivityManager(  745): getRunningAppProcesses: caller 10150 does not hold REAL_GET_TASKS; limiting output
I/ActivityManager(  745): Delay finish: com.android.calendar/.alerts.AlertReceiver
W/InputMethodManagerService(  745): Window already focused, ignoring focus gain of: com.android.internal.view.IInputMethodClient$Stub$Proxy@27e23926 attribute=android.view.inputmethod.EditorInfo@2201967, token = android.os.BinderProxy@358392d0
I/ActivityManager(  745): Resuming delayed broadcast
I/ActivityManager(  745): Process com.android.chrome (pid 12790) has died
V/DeadZone( 1108): consuming errant click: (285.0,8.0)
I/ActivityManager(  745): START u0 {act=android.intent.action.MAIN cat=[android.intent.category.HOME] flg=0x10200000 cmp=com.sonyericsson.home/com.sonymobile.home.HomeActivity} from uid 1000 on display 0
I/ProcessStatsService(  745): Prepared write state in 13ms
I/ActivityManager(  745): Start proc 13029:com.whatsapp/u0a178 for broadcast com.whatsapp/.AlarmBroadcastReceiver
W/ResourcesManager(13029): Asset path '/system/framework/com.google.android.maps.jar' does not exist or contains no resources.
W/ActivityManager(  745): getRunningAppProcesses: caller 10178 does not hold REAL_GET_TASKS; limiting output
W/ActivityManager(  745): getRunningAppProcesses: caller 10178 does not hold REAL_GET_TASKS; limiting output
I/ActivityManager(  745): Killing 12745:android.process.acore/u0a58 (adj 15): empty #9
I/ActivityManager(  745): Start proc 13119:android.process.acore/u0a58 for content provider com.android.providers.contacts/.SemcContactsProvider2
W/ActivityManager(  745): getRunningAppProcesses: caller 10178 does not hold REAL_GET_TASKS; limiting output
I/ActivityManager(  745): Waited long enough for: ServiceRecord{22ddaa96 u0 com.whatsapp/.messaging.MessageService}
I/ActivityManager(  745): Start proc 13552:com.sonyericsson.crashmonitor/1000 for broadcast com.sonyericsson.crashmonitor/.receiver.CrashMonitorServiceBroadcastReceiver
W/ResourcesManager(13552): Asset path '/system/framework/semc_bootinfoif.jar' does not exist or contains no resources.
W/ResourcesManager(13552): Asset path '/system/framework/com.google.protobuf-2.3.0.jar' does not exist or contains no resources.
W/ResourcesManager(13552): Asset path '/system/framework/com.sonymobile.datawasher.jar' does not exist or contains no resources.
W/ResourcesManager(13552): Asset path '/system/framework/com.sonymobile.tlextract.jar' does not exist or contains no resources.
W/ResourcesManager(13552): Asset path '/system/framework/com.sonyericsson.idd.jar' does not exist or contains no resources.
I/ActivityManager(  745): Killing 12812:com.google.android.apps.plus/u0a140 (adj 15): empty #9
I/ActivityManager(  745): Force stopping joaobapt.SpaceExplorer appid=10306 user=-1: uninstall pkg
I/ActivityManager(  745): Killing 11059:joaobapt.SpaceExplorer/u0a306 (adj 9): stop joaobapt.SpaceExplorer
I/WindowState(  745): WIN DEATH: Window{1d89b688 u0 joaobapt.SpaceExplorer/org.cocos2dx.cpp.AppActivity}
W/WindowManager(  745): Force-removing child win Window{2d2d4c1b u0 SurfaceView} from container Window{1d89b688 u0 joaobapt.SpaceExplorer/org.cocos2dx.cpp.AppActivity}
W/WindowManager(  745): Failed looking up window
