--------- beginning of crash
F/libc    (27639): Fatal signal 6 (SIGABRT), code -6 in tid 27675 (Binder_3)
I/DEBUG   (  324): *** *** *** *** *** *** *** *** *** *** *** *** *** *** *** ***
I/DEBUG   (  324): UUID: 61bf5cc1-f038-41ab-be64-4aa5201ebd52
I/DEBUG   (  324): Build fingerprint: 'Sony/D2403/D2403:5.1.1/18.6.A.0.182/1643041205:user/release-keys'
I/DEBUG   (  324): Revision: '0'
I/DEBUG   (  324): ABI: 'arm'
I/DEBUG   (  324): pid: 27639, tid: 27675, name: Binder_3  >>> com.android.defcontainer <<<
I/DEBUG   (  324): signal 6 (SIGABRT), code -6 (SI_TKILL), fault addr --------
I/DEBUG   (  324): Abort message: 'art/runtime/indirect_reference_table.cc:77] Check failed: table_mem_map_.get() != nullptr ashmem_create_region failed for 'indirect ref table': Bad file number'
I/DEBUG   (  324):     r0 00000000  r1 00006c1b  r2 00000006  r3 00000000
I/DEBUG   (  324):     r4 a57f8dd8  r5 00000006  r6 00000002  r7 0000010c
I/DEBUG   (  324):     r8 00000001  r9 b7abfb70  sl b7c93620  fp b7c93e50
I/DEBUG   (  324):     ip 00006c1b  sp a57f8b30  lr b6dd2f11  pc b6df8bbc  cpsr 60070010
I/DEBUG   (  324): 
I/DEBUG   (  324): backtrace:
I/DEBUG   (  324):     #00 pc 00039bbc  /system/lib/libc.so (tgkill+12)
I/DEBUG   (  324):     #01 pc 00013f0d  /system/lib/libc.so (pthread_kill+52)
I/DEBUG   (  324):     #02 pc 00014b2b  /system/lib/libc.so (raise+10)
I/DEBUG   (  324):     #03 pc 00011255  /system/lib/libc.so (__libc_android_abort+36)
I/DEBUG   (  324):     #04 pc 0000f5fc  /system/lib/libc.so (abort+4)
I/DEBUG   (  324):     #05 pc 00218739  /system/lib/libart.so (art::Runtime::Abort()+160)
I/DEBUG   (  324):     #06 pc 000a65bb  /system/lib/libart.so (art::LogMessage::~LogMessage()+1322)
I/DEBUG   (  324):     #07 pc 00157c37  /system/lib/libart.so (art::IndirectReferenceTable::IndirectReferenceTable(unsigned int, unsigned int, art::IndirectRefKind)+402)
I/DEBUG   (  324):     #08 pc 00195455  /system/lib/libart.so (art::JNIEnvExt::JNIEnvExt(art::Thread*, art::JavaVMExt*)+24)
I/DEBUG   (  324):     #09 pc 0022773f  /system/lib/libart.so (art::Thread::Init(art::ThreadList*, art::JavaVMExt*)+338)
I/DEBUG   (  324):     #10 pc 0022c09d  /system/lib/libart.so (art::Thread::Attach(char const*, bool, _jobject*, bool)+112)
I/DEBUG   (  324):     #11 pc 00215b25  /system/lib/libart.so (art::Runtime::AttachCurrentThread(char const*, bool, _jobject*, bool)+12)
I/DEBUG   (  324):     #12 pc 001b8b73  /system/lib/libart.so (art::JII::AttachCurrentThread(_JavaVM*, _JNIEnv**, void*)+190)
I/DEBUG   (  324):     #13 pc 0005bdf5  /system/lib/libandroid_runtime.so (android::AndroidRuntime::javaThreadShell(void*)+44)
I/DEBUG   (  324):     #14 pc 0000eac5  /system/lib/libutils.so
I/DEBUG   (  324):     #15 pc 00013693  /system/lib/libc.so (__pthread_start(void*)+30)
I/DEBUG   (  324):     #16 pc 000115bf  /system/lib/libc.so (__start_thread+6)
E/AndroidRuntime(30044): FATAL EXCEPTION: download-manager-thread
E/AndroidRuntime(30044): Process: com.android.vending, PID: 30044
E/AndroidRuntime(30044): java.lang.NullPointerException: Attempt to invoke virtual method 'java.lang.String android.net.Uri.toString()' on a null object reference
E/AndroidRuntime(30044): 	at com.google.android.finsky.download.ae.a(SourceFile:1579)
E/AndroidRuntime(30044): 	at com.google.android.finsky.download.l.run(SourceFile:183)
E/AndroidRuntime(30044): 	at android.os.Handler.handleCallback(Handler.java:739)
E/AndroidRuntime(30044): 	at android.os.Handler.dispatchMessage(Handler.java:95)
E/AndroidRuntime(30044): 	at android.os.Looper.loop(Looper.java:211)
E/AndroidRuntime(30044): 	at android.os.HandlerThread.run(HandlerThread.java:61)
F/libc    (28104): Fatal signal 11 (SIGSEGV), code 1, fault addr 0x0 in tid 28187 (callback_queue)
I/DEBUG   (  324): *** *** *** *** *** *** *** *** *** *** *** *** *** *** *** ***
I/DEBUG   (  324): UUID: a1533fa1-4008-477a-838d-55e20297d9d2
I/DEBUG   (  324): Build fingerprint: 'Sony/D2403/D2403:5.1.1/18.6.A.0.182/1643041205:user/release-keys'
I/DEBUG   (  324): Revision: '0'
I/DEBUG   (  324): ABI: 'arm'
I/DEBUG   (  324): pid: 28104, tid: 28187, name: callback_queue  >>> joaobapt.SpaceExplorer <<<
I/DEBUG   (  324): signal 11 (SIGSEGV), code 1 (SEGV_MAPERR), fault addr 0x0
I/DEBUG   (  324):     r0 00000000  r1 000000c8  r2 a2142930  r3 00000000
I/DEBUG   (  324):     r4 00000000  r5 00000000  r6 00000000  r7 a4f853ec
I/DEBUG   (  324):     r8 a74f7008  r9 a74f7008  sl b6dd2675  fp a2142ce0
I/DEBUG   (  324):     ip a4716601  sp a2142698  lr a4716609  pc a47165cc  cpsr 400b0030
I/DEBUG   (  324): 
I/DEBUG   (  324): backtrace:
I/DEBUG   (  324):     #00 pc 0034a5cc  /data/app/joaobapt.SpaceExplorer-1/lib/arm/libMyGame.so (gpg::ScorePage::Entry::Entry(gpg::ScorePage::Entry&&)+15)
I/DEBUG   (  324):     #01 pc 0034a605  /data/app/joaobapt.SpaceExplorer-1/lib/arm/libMyGame.so (gpg::ScorePage::Entry::Score() const+4)
I/DEBUG   (  324):     #02 pc 0025cedc  /data/app/joaobapt.SpaceExplorer-1/lib/arm/libMyGame.so (scoreGatherer::operator()(gpg::LeaderboardManager::FetchScorePageResponse const&)+1572)
I/DEBUG   (  324):     #03 pc 0025c7f8  /data/app/joaobapt.SpaceExplorer-1/lib/arm/libMyGame.so (std::__1::__function::__func<std::__1::reference_wrapper<scoreGatherer>, std::__1::allocator<std::__1::reference_wrapper<scoreGatherer> >, void (gpg::LeaderboardManager::FetchScorePageResponse const&)>::operator()(gpg::LeaderboardManager::FetchScorePageResponse const&)+156)
I/DEBUG   (  324):     #04 pc 00336eb3  /data/app/joaobapt.SpaceExplorer-1/lib/arm/libMyGame.so
I/DEBUG   (  324):     #05 pc 00336ecd  /data/app/joaobapt.SpaceExplorer-1/lib/arm/libMyGame.so
I/DEBUG   (  324):     #06 pc 0037fb59  /data/app/joaobapt.SpaceExplorer-1/lib/arm/libMyGame.so
I/DEBUG   (  324):     #07 pc 00330687  /data/app/joaobapt.SpaceExplorer-1/lib/arm/libMyGame.so
I/DEBUG   (  324):     #08 pc 00013693  /system/lib/libc.so (__pthread_start(void*)+30)
I/DEBUG   (  324):     #09 pc 000115bf  /system/lib/libc.so (__start_thread+6)
E/AndroidRuntime( 1116): FATAL EXCEPTION: main
E/AndroidRuntime( 1116): Process: joaobapt.SpaceExplorer, PID: 1116
E/AndroidRuntime( 1116): java.lang.NullPointerException: Attempt to get length of null array
E/AndroidRuntime( 1116): 	at joaobapt.MotionProcessor.multQuaternion(MotionProcessor.java:204)
E/AndroidRuntime( 1116): 	at joaobapt.MotionProcessor.calculateDirectionVector(MotionProcessor.java:147)
E/AndroidRuntime( 1116): 	at joaobapt.MotionProcessor.onSensorChanged(MotionProcessor.java:130)
E/AndroidRuntime( 1116): 	at android.hardware.SystemSensorManager$SensorEventQueue.dispatchSensorEvent(SystemSensorManager.java:405)
E/AndroidRuntime( 1116): 	at android.os.MessageQueue.nativePollOnce(Native Method)
E/AndroidRuntime( 1116): 	at android.os.MessageQueue.next(MessageQueue.java:143)
E/AndroidRuntime( 1116): 	at android.os.Looper.loop(Looper.java:195)
E/AndroidRuntime( 1116): 	at android.app.ActivityThread.main(ActivityThread.java:5371)
E/AndroidRuntime( 1116): 	at java.lang.reflect.Method.invoke(Native Method)
E/AndroidRuntime( 1116): 	at java.lang.reflect.Method.invoke(Method.java:372)
E/AndroidRuntime( 1116): 	at com.android.internal.os.ZygoteInit$MethodAndArgsCaller.run(ZygoteInit.java:945)
E/AndroidRuntime( 1116): 	at com.android.internal.os.ZygoteInit.main(ZygoteInit.java:740)
--------- beginning of system
V/WindowManager(  745): Layouts looping: loop number 4, mPendingLayoutChanges = 0x0
V/WindowManager(  745): Layouts looping: mLayoutNeeded, mPendingLayoutChanges = 0x1
V/WindowManager(  745): Layouts looping: On entry to LockedInner, mPendingLayoutChanges = 0x1
V/WindowManager(  745): Layouts looping: loop number 5, mPendingLayoutChanges = 0x0
V/WindowManager(  745): Layouts looping: after finishPostLayoutPolicyLw, mPendingLayoutChanges = 0x0
V/WindowManager(  745): Layouts looping: On entry to LockedInner, mPendingLayoutChanges = 0x0
V/WindowManager(  745): Layouts looping: loop number 5, mPendingLayoutChanges = 0x0
V/WindowManager(  745): Layouts looping: mLayoutNeeded, mPendingLayoutChanges = 0x1
E/WindowManager(  745): Performed 6 layouts in a row. Skipping
I/WindowManager(  745): Screen frozen for +596ms due to Window{1e45b0a u0 Starting joaobapt.SpaceExplorer}
W/AppOps  (  745): Bad call: specified package com.google.android.play.games under uid 10303 but it is really 10139
I/ActivityManager(  745): Start proc 2080:com.google.process.gapps/u0a42 for content provider com.google.android.gsf/.gservices.GservicesProvider
W/AppOps  (  745): Bad call: specified package com.google.android.play.games under uid 10303 but it is really 10139
W/AppOps  (  745): Bad call: specified package com.google.android.play.games under uid 10303 but it is really 10139
W/AppOps  (  745): Bad call: specified package com.google.android.play.games under uid 10303 but it is really 10139
W/AppOps  (  745): Bad call: specified package com.google.android.play.games under uid 10303 but it is really 10139
D/TaskPersister(  745): removeObsoleteFile: deleting file=671_task.xml
D/TaskPersister(  745): removeObsoleteFile: deleting file=671_task_thumbnail.png
V/WindowManager(  745): not Base app: Adding window Window{2fd53672 u0 joaobapt.SpaceExplorer/org.cocos2dx.cpp.AppActivity} at 12 of 18
W/InputMethodManagerService(  745): Window already focused, ignoring focus gain of: com.android.internal.view.IInputMethodClient$Stub$Proxy@207121ca attribute=null, token = android.os.BinderProxy@894dbb0
W/AppOps  (  745): Bad call: specified package com.google.android.play.games under uid 10303 but it is really 10139
W/AppOps  (  745): Bad call: specified package com.google.android.play.games under uid 10303 but it is really 10139
W/AppOps  (  745): Bad call: specified package com.google.android.play.games under uid 10303 but it is really 10139
W/AppOps  (  745): Bad call: specified package com.google.android.play.games under uid 10303 but it is really 10139
W/AppOps  (  745): Bad call: specified package com.google.android.play.games under uid 10303 but it is really 10139
W/AppOps  (  745): Bad call: specified package com.google.android.play.games under uid 10303 but it is really 10139
I/ActivityManager(  745): Process com.sonyericsson.android.bootinfo:remote (pid 1758) has died
I/ActivityManager(  745): Start proc 2188:com.google.android.gms.unstable/u0a42 for service com.google.android.gms/.droidguard.DroidGuardService
W/ResourcesManager( 2188): Asset path '/system/framework/com.android.media.remotedisplay.jar' does not exist or contains no resources.
W/ResourcesManager( 2188): Asset path '/system/framework/com.android.location.provider.jar' does not exist or contains no resources.
W/AppOps  (  745): Bad call: specified package com.google.android.play.games under uid 10303 but it is really 10139
W/AppOps  (  745): Bad call: specified package com.google.android.play.games under uid 10303 but it is really 10139
W/AppOps  (  745): Bad call: specified package com.google.android.play.games under uid 10303 but it is really 10139
I/ActivityManager(  745): Process com.android.providers.calendar (pid 1828) has died
W/AppOps  (  745): Bad call: specified package com.google.android.play.games under uid 10303 but it is really 10139
W/AppOps  (  745): Bad call: specified package com.google.android.play.games under uid 10303 but it is really 10139
W/AppOps  (  745): Bad call: specified package com.google.android.play.games under uid 10303 but it is really 10139
W/AppOps  (  745): Bad call: specified package com.google.android.play.games under uid 10303 but it is really 10139
W/AppOps  (  745): Bad call: specified package com.google.android.play.games under uid 10303 but it is really 10139
W/AppOps  (  745): Bad call: specified package com.google.android.play.games under uid 10303 but it is really 10139
W/AppOps  (  745): Bad call: specified package com.google.android.play.games under uid 10303 but it is really 10139
W/AppOps  (  745): Bad call: specified package com.google.android.play.games under uid 10303 but it is really 10139
W/ProcessCpuTracker(  745): Skipping unknown process pid 2362
W/AppOps  (  745): Bad call: specified package com.google.android.play.games under uid 10303 but it is really 10139
W/AppOps  (  745): Bad call: specified package com.google.android.play.games under uid 10303 but it is really 10139
W/AppOps  (  745): Bad call: specified package com.google.android.play.games under uid 10303 but it is really 10139
V/ActivityManager(  745): Display changed displayId=0
I/WindowManager(  745): Screen frozen for +72ms due to Window{1e45b0a u0 Starting joaobapt.SpaceExplorer}
V/ActivityManager(  745): Display changed displayId=0
I/WindowManager(  745): Screen frozen for +49ms due to Window{1e45b0a u0 Starting joaobapt.SpaceExplorer}
W/AppOps  (  745): Bad call: specified package com.google.android.play.games under uid 10303 but it is really 10139
W/AppOps  (  745): Bad call: specified package com.google.android.play.games under uid 10303 but it is really 10139
W/AppOps  (  745): Bad call: specified package com.google.android.play.games under uid 10303 but it is really 10139
W/AppOps  (  745): Bad call: specified package com.google.android.play.games under uid 10303 but it is really 10139
W/AppOps  (  745): Bad call: specified package com.google.android.play.games under uid 10303 but it is really 10139
W/AppOps  (  745): Bad call: specified package com.google.android.play.games under uid 10303 but it is really 10139
E/AndroidRuntime( 1984): FATAL EXCEPTION: main
E/AndroidRuntime( 1984): Process: joaobapt.SpaceExplorer, PID: 1984
E/AndroidRuntime( 1984): java.lang.NullPointerException: Attempt to get length of null array
E/AndroidRuntime( 1984): 	at joaobapt.MotionProcessor.multQuaternion(MotionProcessor.java:204)
E/AndroidRuntime( 1984): 	at joaobapt.MotionProcessor.calculateDirectionVector(MotionProcessor.java:147)
E/AndroidRuntime( 1984): 	at joaobapt.MotionProcessor.onSensorChanged(MotionProcessor.java:130)
E/AndroidRuntime( 1984): 	at android.hardware.SystemSensorManager$SensorEventQueue.dispatchSensorEvent(SystemSensorManager.java:405)
E/AndroidRuntime( 1984): 	at android.os.MessageQueue.nativePollOnce(Native Method)
E/AndroidRuntime( 1984): 	at android.os.MessageQueue.next(MessageQueue.java:143)
E/AndroidRuntime( 1984): 	at android.os.Looper.loop(Looper.java:195)
E/AndroidRuntime( 1984): 	at android.app.ActivityThread.main(ActivityThread.java:5371)
E/AndroidRuntime( 1984): 	at java.lang.reflect.Method.invoke(Native Method)
E/AndroidRuntime( 1984): 	at java.lang.reflect.Method.invoke(Method.java:372)
E/AndroidRuntime( 1984): 	at com.android.internal.os.ZygoteInit$MethodAndArgsCaller.run(ZygoteInit.java:945)
E/AndroidRuntime( 1984): 	at com.android.internal.os.ZygoteInit.main(ZygoteInit.java:740)
D/ActivityManager(  745): New dropbox entry: joaobapt.SpaceExplorer, data_app_crash, 883cd093-4f73-463f-9cfe-7da67883f877
W/ActivityManager(  745):   Force finishing activity 1 joaobapt.SpaceExplorer/org.cocos2dx.cpp.AppActivity
I/ActivityManager(  745): Start proc 2512:com.sonyericsson.crashmonitor/1000 for broadcast com.sonyericsson.crashmonitor/.receiver.CrashMonitorServiceBroadcastReceiver
W/ResourcesManager( 2512): Asset path '/system/framework/semc_bootinfoif.jar' does not exist or contains no resources.
W/ResourcesManager( 2512): Asset path '/system/framework/com.google.protobuf-2.3.0.jar' does not exist or contains no resources.
W/ResourcesManager( 2512): Asset path '/system/framework/com.sonymobile.datawasher.jar' does not exist or contains no resources.
W/ResourcesManager( 2512): Asset path '/system/framework/com.sonymobile.tlextract.jar' does not exist or contains no resources.
W/ResourcesManager( 2512): Asset path '/system/framework/com.sonyericsson.idd.jar' does not exist or contains no resources.
V/WindowManager(  745): Adding window Window{18326b97 u0 com.sonyericsson.home/com.sonymobile.home.HomeActivity} at 11 of 18 (after Window{3f6f4951 u0 com.android.systemui/com.android.systemui.recents.RecentsActivity})
W/ContextImpl( 2512): Calling a method in the system process without a qualified user: android.app.ContextImpl.bindService:1777 android.content.ContextWrapper.bindService:539 com.sonyericsson.crashmonitor.MiscTaAdapter.open:90 com.sonyericsson.crashmonitor.service.CrashMonitorService.onInit:127 com.sonyericsson.crashmonitor.service.CrashMonitorService.onHandleIntent:192 
I/ActivityManager(  745): Start proc 2541:com.sonyericsson.android.bootinfo:remote/1000 for service com.sonyericsson.android.bootinfo/.MiscTaService
V/ActivityManager(  745): Display changed displayId=0
I/ActivityManager(  745): Config changes=480 {1.0 724mcc23mnc pt_BR ?layoutDir sw360dp w360dp h566dp 240dpi nrml port finger -keyb/v/h -nav/h s.270 skinPackageSeq.1}
W/ActivityManager(  745): Activity pause timeout for ActivityRecord{1693303 u0 joaobapt.SpaceExplorer/org.cocos2dx.cpp.AppActivity t673 f}
W/ResourcesManager( 2541): Asset path '/system/framework/semc_bootinfoif.jar' does not exist or contains no resources.
V/WindowManager(  745): Adding window Window{2585a8d9 u0 com.sonyericsson.home/com.sonymobile.home.HomeActivity} at 11 of 19 (after Window{3f6f4951 u0 com.android.systemui/com.android.systemui.recents.RecentsActivity})
I/WindowManager(  745): Screen frozen for +573ms due to Window{2e281ab0 u0 NavigationBar}
I/ActivityManager(  745): Process com.android.calendar (pid 1864) has died
I/ActivityManager(  745): Process com.google.android.gms.unstable (pid 2188) has died
I/ActivityManager(  745): Process com.sonyericsson.crashmonitor (pid 2512) has died
W/AppOps  (  745): Bad call: specified package com.google.android.play.games under uid 10303 but it is really 10139
W/AppOps  (  745): Bad call: specified package com.google.android.play.games under uid 10303 but it is really 10139
W/AppOps  (  745): Bad call: specified package com.google.android.play.games under uid 10303 but it is really 10139
W/ActivityManager(  745): Activity destroy timeout for ActivityRecord{1693303 u0 joaobapt.SpaceExplorer/org.cocos2dx.cpp.AppActivity t673 f}
I/ActivityManager(  745): Process com.google.process.gapps (pid 2080) has died
I/ActivityManager(  745): Start proc 2591:com.google.android.gms.unstable/u0a42 for service com.google.android.gms/.droidguard.DroidGuardService
W/ResourcesManager( 2591): Asset path '/system/framework/com.android.media.remotedisplay.jar' does not exist or contains no resources.
W/ResourcesManager( 2591): Asset path '/system/framework/com.android.location.provider.jar' does not exist or contains no resources.
I/ActivityManager(  745): Start proc 2616:com.google.process.gapps/u0a42 for content provider com.google.android.gsf/.gservices.GservicesProvider
W/ProcessCpuTracker(  745): Skipping unknown process pid 2647
W/ProcessCpuTracker(  745): Skipping unknown process pid 2656
W/ProcessCpuTracker(  745): Skipping unknown process pid 2658
I/ActivityManager(  745): Process joaobapt.SpaceExplorer (pid 1984) has died
W/InputMethodManagerService(  745): Got RemoteException sending setActive(false) notification to pid 1984 uid 10303
I/ActivityManager(  745): Process com.sonyericsson.android.bootinfo:remote (pid 2541) has died
I/LED_58  (  322): set_led 58, got [backlight] c[ff424242], on/off[0,0], mode:0
I/LED_58  (  322): set_led 58, got [backlight] c[ff434343], on/off[0,0], mode:0
I/LED_58  (  322): set_led 58, got [backlight] c[ff444444], on/off[0,0], mode:0
I/ActivityManager(  745): Process com.facebook.orca (pid 30124) has died
W/ActivityManager(  745): Scheduling restart of crashed service com.facebook.orca/com.facebook.mqttlite.MqttService in 1000ms
W/ActivityManager(  745): Scheduling restart of crashed service com.facebook.orca/com.facebook.messaging.newphoto.NewPhotoIntentService in 11000ms
I/ActivityManager(  745): Start proc 2700:com.facebook.orca/u0a220 for service com.facebook.orca/com.facebook.mqttlite.MqttService
W/ResourcesManager( 2700): Asset path '/system/framework/com.google.android.maps.jar' does not exist or contains no resources.
W/ActivityManager(  745): getRunningAppProcesses: caller 10220 does not hold REAL_GET_TASKS; limiting output
W/ResourcesManager( 2700): Asset path '/system/framework/com.google.android.maps.jar' does not exist or contains no resources.
W/ResourcesManager( 2700): Asset path '/system/framework/com.sonymobile.settings.illumination.jar' does not exist or contains no resources.
W/BroadcastQueue(  745): Permission Denial: broadcasting Intent { act=android.net.conn.CONNECTIVITY_CHANGE flg=0x4000010 (has extras) } from null (pid=-1, uid=-1) requires com.facebook.permission.prod.FB_APP_COMMUNICATION due to registered receiver BroadcastFilter{20c16317 u0 ReceiverList{2c58db96 2700 com.facebook.orca/10220/u0 remote:307efab1}}
W/BroadcastQueue(  745): Permission Denial: broadcasting Intent { act=android.net.conn.INET_CONDITION_ACTION flg=0x4000010 (has extras) } from null (pid=-1, uid=-1) requires com.facebook.permission.prod.FB_APP_COMMUNICATION due to registered receiver BroadcastFilter{20c16317 u0 ReceiverList{2c58db96 2700 com.facebook.orca/10220/u0 remote:307efab1}}
W/BroadcastQueue(  745): Permission Denial: broadcasting Intent { act=android.net.conn.CONNECTIVITY_CHANGE flg=0x4000010 (has extras) } from null (pid=-1, uid=-1) requires com.facebook.permission.prod.FB_APP_COMMUNICATION due to registered receiver BroadcastFilter{4228ff u0 ReceiverList{47ae81e 2700 com.facebook.orca/10220/u0 remote:35b6c459}}
I/ActivityManager(  745): Start proc 2846:br.com.bb.android/u0a221 for broadcast br.com.bb.android/.widget.BadgeWidget
E/ActivityThread( 2846): Failed to find provider info for br.com.bb.android.environment.environmentprovider
W/ActivityManager(  745): getRunningAppProcesses: caller 10220 does not hold REAL_GET_TASKS; limiting output
I/ActivityManager(  745): Start proc 2876:com.sonyericsson.crashmonitor/1000 for service com.sonyericsson.crashmonitor/.service.CrashMonitorService
W/ResourcesManager( 2876): Asset path '/system/framework/semc_bootinfoif.jar' does not exist or contains no resources.
W/ResourcesManager( 2876): Asset path '/system/framework/com.google.protobuf-2.3.0.jar' does not exist or contains no resources.
W/ResourcesManager( 2876): Asset path '/system/framework/com.sonymobile.datawasher.jar' does not exist or contains no resources.
W/ResourcesManager( 2876): Asset path '/system/framework/com.sonymobile.tlextract.jar' does not exist or contains no resources.
W/ResourcesManager( 2876): Asset path '/system/framework/com.sonyericsson.idd.jar' does not exist or contains no resources.
W/ContextImpl( 2876): Calling a method in the system process without a qualified user: android.app.ContextImpl.bindService:1777 android.content.ContextWrapper.bindService:539 com.sonyericsson.crashmonitor.MiscTaAdapter.open:90 com.sonyericsson.crashmonitor.service.CrashMonitorService.onInit:127 com.sonyericsson.crashmonitor.service.CrashMonitorService.onHandleIntent:192 
I/ActivityManager(  745): Start proc 2895:com.sonyericsson.android.bootinfo:remote/1000 for service com.sonyericsson.android.bootinfo/.MiscTaService
W/ResourcesManager( 2895): Asset path '/system/framework/semc_bootinfoif.jar' does not exist or contains no resources.
I/ActivityManager(  745): Waited long enough for: ServiceRecord{2d501501 u0 com.facebook.orca/com.facebook.messaging.newphoto.NewPhotoIntentService}
I/LED_58  (  322): set_led 58, got [backlight] c[ff434343], on/off[0,0], mode:0
I/LED_58  (  322): set_led 58, got [backlight] c[ff424242], on/off[0,0], mode:0
I/LED_58  (  322): set_led 58, got [backlight] c[ff414141], on/off[0,0], mode:0
I/ActivityManager(  745): START u0 {act=android.intent.action.MAIN cat=[android.intent.category.LAUNCHER] flg=0x10200000 cmp=joaobapt.SpaceExplorer/org.cocos2dx.cpp.AppActivity bnds=[18,414][144,564]} from uid 10099 on display 0
V/WindowManager(  745): addAppToken: AppWindowToken{15b74943 token=Token{9730ef2 ActivityRecord{1e76b1fd u0 joaobapt.SpaceExplorer/org.cocos2dx.cpp.AppActivity t674}}} to stack=1 task=674 at 0
V/WindowManager(  745): Adding window Window{1b14e3ec u0 Starting joaobapt.SpaceExplorer} at 10 of 16 (after Window{d824596 u0 SurfaceView})
I/ActivityManager(  745): Start proc 3010:joaobapt.SpaceExplorer/u0a303 for activity joaobapt.SpaceExplorer/org.cocos2dx.cpp.AppActivity
V/ActivityManager(  745): Display changed displayId=0
I/ActivityManager(  745): Config changes=480 {1.0 724mcc23mnc pt_BR ?layoutDir sw360dp w598dp h334dp 240dpi nrml land finger -keyb/v/h -nav/h s.271 skinPackageSeq.1}
I/ProcessStatsService(  745): Prepared write state in 20ms
I/ProcessStatsService(  745): Prepared write state in 6ms
W/ActivityManager(  745): Unable to start service Intent { act=com.enhance.gameservice.IGameTuningService pkg=com.enhance.gameservice } U=0: not found
V/WindowManager(  745): Adding window Window{b2d0933 u0 joaobapt.SpaceExplorer/org.cocos2dx.cpp.AppActivity} at 10 of 18 (before Window{1b14e3ec u0 Starting joaobapt.SpaceExplorer})
V/WindowManager(  745): Adding window Window{d25058f u0 SurfaceView} at 10 of 18 (before Window{b2d0933 u0 joaobapt.SpaceExplorer/org.cocos2dx.cpp.AppActivity})
V/WindowManager(  745): Layouts looping: On entry to LockedInner, mPendingLayoutChanges = 0x1
V/WindowManager(  745): Layouts looping: loop number 4, mPendingLayoutChanges = 0x0
V/WindowManager(  745): Layouts looping: after finishPostLayoutPolicyLw, mPendingLayoutChanges = 0x0
V/WindowManager(  745): Layouts looping: On entry to LockedInner, mPendingLayoutChanges = 0x0
V/WindowManager(  745): Layouts looping: loop number 4, mPendingLayoutChanges = 0x0
V/WindowManager(  745): Layouts looping: mLayoutNeeded, mPendingLayoutChanges = 0x1
V/WindowManager(  745): Layouts looping: On entry to LockedInner, mPendingLayoutChanges = 0x1
V/WindowManager(  745): Layouts looping: loop number 5, mPendingLayoutChanges = 0x0
V/WindowManager(  745): Layouts looping: after finishPostLayoutPolicyLw, mPendingLayoutChanges = 0x0
V/WindowManager(  745): Layouts looping: On entry to LockedInner, mPendingLayoutChanges = 0x0
V/WindowManager(  745): Layouts looping: loop number 5, mPendingLayoutChanges = 0x0
V/WindowManager(  745): Layouts looping: mLayoutNeeded, mPendingLayoutChanges = 0x1
E/WindowManager(  745): Performed 6 layouts in a row. Skipping
I/WindowManager(  745): Screen frozen for +702ms due to Window{1b14e3ec u0 Starting joaobapt.SpaceExplorer}
W/AppOps  (  745): Bad call: specified package com.google.android.play.games under uid 10303 but it is really 10139
W/AppOps  (  745): Bad call: specified package com.google.android.play.games under uid 10303 but it is really 10139
W/AppOps  (  745): Bad call: specified package com.google.android.play.games under uid 10303 but it is really 10139
W/AppOps  (  745): Bad call: specified package com.google.android.play.games under uid 10303 but it is really 10139
W/AppOps  (  745): Bad call: specified package com.google.android.play.games under uid 10303 but it is really 10139
D/TaskPersister(  745): removeObsoleteFile: deleting file=673_task.xml
D/TaskPersister(  745): removeObsoleteFile: deleting file=673_task_thumbnail.png
I/LED_58  (  322): set_led 58, got [backlight] c[ff424242], on/off[0,0], mode:0
I/LED_58  (  322): set_led 58, got [backlight] c[ff434343], on/off[0,0], mode:0
I/ActivityManager(  745): Process com.google.android.gms.unstable (pid 2591) has died
I/ActivityManager(  745): Process br.com.bb.android (pid 2846) has died
W/AppOps  (  745): Bad call: specified package com.google.android.play.games under uid 10303 but it is really 10139
W/AppOps  (  745): Bad call: specified package com.google.android.play.games under uid 10303 but it is really 10139
W/AppOps  (  745): Bad call: specified package com.google.android.play.games under uid 10303 but it is really 10139
D/WifiService(  745): Client connection lost with reason: 4
I/ActivityManager(  745): Process com.sonymobile.playanywhere (pid 30221) has died
W/ActivityManager(  745): Scheduling restart of crashed service com.sonymobile.playanywhere/.service.CrossProcessService in 1000ms
I/ActivityManager(  745): Process com.sonyericsson.crashmonitor (pid 2876) has died
W/AppOps  (  745): Bad call: specified package com.google.android.play.games under uid 10303 but it is really 10139
W/AppOps  (  745): Bad call: specified package com.google.android.play.games under uid 10303 but it is really 10139
I/ActivityManager(  745): Start proc 3197:com.sonymobile.playanywhere/u0a264 for service com.sonymobile.playanywhere/.service.CrossProcessService
W/ResourcesManager( 3197): Asset path '/system/framework/com.sonymobile.softreset.jar' does not exist or contains no resources.
W/ResourcesManager( 3197): Asset path '/system/framework/com.sonyericsson.dlna_impl.jar' does not exist or contains no resources.
D/WifiService(  745): New client listening to asynchronous messages
I/ActivityManager(  745): Process org.simalliance.openmobileapi.service (pid 30459) has died
W/ActivityManager(  745): Scheduling restart of crashed service org.simalliance.openmobileapi.service/.SmartcardService in 1000ms
I/ActivityManager(  745): Process com.sonymobile.cellbroadcast.notification (pid 30631) has died
W/ActivityManager(  745): Scheduling restart of crashed service com.sonymobile.cellbroadcast.notification/.CellInformationService in 10980ms
I/ActivityManager(  745): Process com.sonyericsson.android.bootinfo:remote (pid 2895) has died
I/ActivityManager(  745): Start proc 3236:com.sonymobile.tvout.wifidisplay/1000 for broadcast com.sonymobile.tvout.wifidisplay/.requesthandler.RequestHandlerReceiver
W/ResourcesManager( 3236): Asset path '/system/framework/com.sonymobile.softreset.jar' does not exist or contains no resources.
W/ResourcesManager( 3236): Asset path '/system/framework/com.sonymobile.tvout.wifidisplay.jar' does not exist or contains no resources.
W/ResourcesManager( 3236): Asset path '/system/framework/com.sony.smallapp.jar' does not exist or contains no resources.
W/ResourcesManager( 3236): Asset path '/system/framework/com.sonymobile.tvout.wifidisplay_impl.jar' does not exist or contains no resources.
W/ContextImpl( 3236): Calling a method in the system process without a qualified user: android.app.ContextImpl.sendStickyBroadcast:1515 android.content.ContextWrapper.sendStickyBroadcast:449 com.sonymobile.tvout.wifidisplay.WfdApplication.onCreate:86 android.app.Instrumentation.callApplicationOnCreate:1012 android.app.ActivityThread.handleBindApplication:4659 
W/ContextImpl( 3236): Calling a method in the system process without a qualified user: android.app.ContextImpl.sendStickyBroadcast:1515 android.content.ContextWrapper.sendStickyBroadcast:449 com.sonymobile.tvout.wifidisplay.WfdApplication.onCreate:93 android.app.Instrumentation.callApplicationOnCreate:1012 android.app.ActivityThread.handleBindApplication:4659 
W/ContextImpl( 3236): Calling a method in the system process without a qualified user: android.app.ContextImpl.sendStickyBroadcast:1515 android.content.ContextWrapper.sendStickyBroadcast:449 com.sonymobile.tvout.wifidisplay.WfdApplication.onCreate:97 android.app.Instrumentation.callApplicationOnCreate:1012 android.app.ActivityThread.handleBindApplication:4659 
W/ContextImpl( 3236): Calling a method in the system process without a qualified user: android.app.ContextImpl.startService:1713 android.content.ContextWrapper.startService:516 android.content.ContextWrapper.startService:516 com.sonymobile.tvout.wifidisplay.requesthandler.RequestHandlerReceiver.handleBroadcastIntent:108 com.sonymobile.tvout.wifidisplay.requesthandler.RequestHandlerReceiver.onReceive:50 
W/ContextImpl( 3236): Calling a method in the system process without a qualified user: android.app.ContextImpl.sendBroadcast:1348 android.content.ContextWrapper.sendBroadcast:377 android.content.ContextWrapper.sendBroadcast:377 com.sonymobile.tvout.wifidisplay.requesthandler.RequestHandlerService.notifyResult:335 com.sonymobile.tvout.wifidisplay.requesthandler.RequestHandlerService.handleControlFromPlayAnywhere:270 
W/ContextImpl( 3236): Calling a method in the system process without a qualified user: android.app.ContextImpl.sendBroadcast:1348 android.content.ContextWrapper.sendBroadcast:377 android.content.ContextWrapper.sendBroadcast:377 com.sonymobile.tvout.wifidisplay.requesthandler.RequestHandlerService.handleControlFromPlayAnywhere:278 com.sonymobile.tvout.wifidisplay.requesthandler.RequestHandlerService.handleMessage:525 
I/ActivityManager(  745): Process com.sony.vivomenu (pid 30900) has died
W/ActivityManager(  745): Scheduling restart of crashed service com.sony.vivomenu/.ConfigService in 20570ms
I/ActivityManager(  745): Start proc 3260:org.simalliance.openmobileapi.service/2989 for service org.simalliance.openmobileapi.service/.SmartcardService
W/ResourcesManager( 3260): Asset path '/system/framework/org.simalliance.openmobileapi.jar' does not exist or contains no resources.
I/ActivityManager(  745): Start proc 3299:com.sonymobile.cellbroadcast.notification/u0a33 for service com.sonymobile.cellbroadcast.notification/.CellInformationService
V/NotificationService(  745): notifications are disabled by AppOps for com.sonymobile.cellbroadcast.notification
E/NotificationService(  745): Suppressing notification from package com.sonymobile.cellbroadcast.notification by user request.
I/ActivityManager(  745): Start proc 3324:com.sony.vivomenu/u0a292 for service com.sony.vivomenu/.ConfigService
W/ActivityManager(  745): getRunningAppProcesses: caller 10178 does not hold REAL_GET_TASKS; limiting output
I/ActivityManager(  745): Start proc 3437:com.google.android.apps.photos/u0a274 for broadcast com.google.android.apps.photos/.scheduler.AlarmReceiver
D/ConnectivityService(  745): ConnectivityService NetworkRequestInfo binderDied(NetworkRequest [ id=355, legacyType=-1, [ Capabilities: INTERNET&NOT_RESTRICTED&TRUSTED] ], android.os.BinderProxy@3f900ec2)
D/ConnectivityService(  745): releasing NetworkRequest NetworkRequest [ id=355, legacyType=-1, [ Capabilities: INTERNET&NOT_RESTRICTED&TRUSTED] ]
D/WifiService(  745): Client connection lost with reason: 4
E/ConnectivityService(  745): RemoteException caught trying to send a callback msg for NetworkRequest [ id=355, legacyType=-1, [ Capabilities: INTERNET&NOT_RESTRICTED&TRUSTED] ]
I/ActivityManager(  745): Process com.facebook.katana (pid 30675) has died
W/ActivityManager(  745): Scheduling restart of crashed service com.facebook.katana/com.facebook.mqttlite.MqttService in 1000ms
I/ActivityManager(  745): Start proc 3471:com.sonyericsson.crashmonitor/1000 for broadcast com.sonyericsson.crashmonitor/.receiver.CrashMonitorServiceBroadcastReceiver
W/ResourcesManager( 3471): Asset path '/system/framework/semc_bootinfoif.jar' does not exist or contains no resources.
W/ResourcesManager( 3471): Asset path '/system/framework/com.google.protobuf-2.3.0.jar' does not exist or contains no resources.
W/ResourcesManager( 3471): Asset path '/system/framework/com.sonymobile.datawasher.jar' does not exist or contains no resources.
W/ResourcesManager( 3471): Asset path '/system/framework/com.sonymobile.tlextract.jar' does not exist or contains no resources.
W/ResourcesManager( 3471): Asset path '/system/framework/com.sonyericsson.idd.jar' does not exist or contains no resources.
I/ActivityManager(  745): Process com.sonymobile.tvout.wifidisplay (pid 3236) has died
I/ActivityManager(  745): Start proc 3494:com.facebook.katana/u0a299 for service com.facebook.katana/com.facebook.mqttlite.MqttService
W/ResourcesManager( 3494): Asset path '/system/framework/com.google.android.maps.jar' does not exist or contains no resources.
D/WifiService(  745): New client listening to asynchronous messages
W/ActivityManager(  745): getRunningAppProcesses: caller 10299 does not hold REAL_GET_TASKS; limiting output
E/AndroidRuntime( 3010): FATAL EXCEPTION: main
E/AndroidRuntime( 3010): Process: joaobapt.SpaceExplorer, PID: 3010
E/AndroidRuntime( 3010): java.lang.NullPointerException: Attempt to get length of null array
E/AndroidRuntime( 3010): 	at joaobapt.MotionProcessor.multQuaternion(MotionProcessor.java:204)
E/AndroidRuntime( 3010): 	at joaobapt.MotionProcessor.calculateDirectionVector(MotionProcessor.java:147)
E/AndroidRuntime( 3010): 	at joaobapt.MotionProcessor.onSensorChanged(MotionProcessor.java:130)
E/AndroidRuntime( 3010): 	at android.hardware.SystemSensorManager$SensorEventQueue.dispatchSensorEvent(SystemSensorManager.java:405)
E/AndroidRuntime( 3010): 	at android.os.MessageQueue.nativePollOnce(Native Method)
E/AndroidRuntime( 3010): 	at android.os.MessageQueue.next(MessageQueue.java:143)
E/AndroidRuntime( 3010): 	at android.os.Looper.loop(Looper.java:195)
E/AndroidRuntime( 3010): 	at android.app.ActivityThread.main(ActivityThread.java:5371)
E/AndroidRuntime( 3010): 	at java.lang.reflect.Method.invoke(Native Method)
E/AndroidRuntime( 3010): 	at java.lang.reflect.Method.invoke(Method.java:372)
E/AndroidRuntime( 3010): 	at com.android.internal.os.ZygoteInit$MethodAndArgsCaller.run(ZygoteInit.java:945)
E/AndroidRuntime( 3010): 	at com.android.internal.os.ZygoteInit.main(ZygoteInit.java:740)
D/ActivityManager(  745): New dropbox entry: joaobapt.SpaceExplorer, data_app_crash, 3169a1bf-6f89-4c6c-a6a9-2de1a0741c04
W/ActivityManager(  745):   Force finishing activity 1 joaobapt.SpaceExplorer/org.cocos2dx.cpp.AppActivity
W/ContextImpl( 3471): Calling a method in the system process without a qualified user: android.app.ContextImpl.bindService:1777 android.content.ContextWrapper.bindService:539 com.sonyericsson.crashmonitor.MiscTaAdapter.open:90 com.sonyericsson.crashmonitor.service.CrashMonitorService.onInit:127 com.sonyericsson.crashmonitor.service.CrashMonitorService.onHandleIntent:192 
I/ActivityManager(  745): Start proc 3613:com.sonyericsson.android.bootinfo:remote/1000 for service com.sonyericsson.android.bootinfo/.MiscTaService
W/ResourcesManager( 3613): Asset path '/system/framework/semc_bootinfoif.jar' does not exist or contains no resources.
I/ActivityManager(  745): Config changes=480 {1.0 724mcc23mnc pt_BR ?layoutDir sw360dp w360dp h566dp 240dpi nrml port finger -keyb/v/h -nav/h s.272 skinPackageSeq.1}
V/ActivityManager(  745): Display changed displayId=0
W/ActivityManager(  745): Activity pause timeout for ActivityRecord{1e76b1fd u0 joaobapt.SpaceExplorer/org.cocos2dx.cpp.AppActivity t674 f}
V/WindowManager(  745): Adding window Window{1566fc63 u0 com.sonyericsson.home/com.sonymobile.home.HomeActivity} at 11 of 19 (after Window{3f6f4951 u0 com.android.systemui/com.android.systemui.recents.RecentsActivity})
I/ActivityManager(  745): Process com.google.android.apps.photos (pid 3437) has died
I/WindowManager(  745): Screen frozen for +732ms due to Window{2e281ab0 u0 NavigationBar}
W/ProcessCpuTracker(  745): Skipping unknown process pid 3471
I/ActivityManager(  745): Process com.sonyericsson.crashmonitor (pid 3471) has died
I/LED_58  (  322): set_led 58, got [backlight] c[ff424242], on/off[0,0], mode:0
I/LED_58  (  322): set_led 58, got [backlight] c[ff414141], on/off[0,0], mode:0
W/BroadcastQueue(  745): Permission Denial: broadcasting Intent { act=android.net.conn.CONNECTIVITY_CHANGE flg=0x4000010 (has extras) } from null (pid=-1, uid=-1) requires com.facebook.permission.prod.FB_APP_COMMUNICATION due to registered receiver BroadcastFilter{36314645 u0 ReceiverList{746b6bc 3494 com.facebook.katana/10299/u0 remote:1af852af}}
W/BroadcastQueue(  745): Permission Denial: broadcasting Intent { act=android.net.conn.INET_CONDITION_ACTION flg=0x4000010 (has extras) } from null (pid=-1, uid=-1) requires com.facebook.permission.prod.FB_APP_COMMUNICATION due to registered receiver BroadcastFilter{36314645 u0 ReceiverList{746b6bc 3494 com.facebook.katana/10299/u0 remote:1af852af}}
W/BroadcastQueue(  745): Permission Denial: broadcasting Intent { act=android.net.conn.CONNECTIVITY_CHANGE flg=0x4000010 (has extras) } from null (pid=-1, uid=-1) requires com.facebook.permission.prod.FB_APP_COMMUNICATION due to registered receiver BroadcastFilter{3939e8a7 u0 ReceiverList{1b90bd66 3494 com.facebook.katana/10299/u0 remote:2d2501c1}}
I/ActivityManager(  745): Start proc 3721:br.com.bb.android/u0a221 for broadcast br.com.bb.android/.widget.BadgeWidget
E/ActivityThread( 3721): Failed to find provider info for br.com.bb.android.environment.environmentprovider
I/ActivityManager(  745): Process com.google.process.gapps (pid 2616) has died
W/ActivityManager(  745): getRunningAppProcesses: caller 10299 does not hold REAL_GET_TASKS; limiting output
I/LED_58  (  322): set_led 58, got [backlight] c[ff424242], on/off[0,0], mode:0
I/LED_58  (  322): set_led 58, got [backlight] c[ff434343], on/off[0,0], mode:0
W/ActivityManager(  745): Activity destroy timeout for ActivityRecord{1e76b1fd u0 joaobapt.SpaceExplorer/org.cocos2dx.cpp.AppActivity t674 f}
I/LED_58  (  322): set_led 58, got [backlight] c[ff444444], on/off[0,0], mode:0
I/LED_58  (  322): set_led 58, got [backlight] c[ff454545], on/off[0,0], mode:0
I/ActivityManager(  745): Process joaobapt.SpaceExplorer (pid 3010) has died
I/UsageStatsService(  745): User[0] Flushing usage stats to disk
I/ActivityManager(  745): Start proc 4069:com.sonyericsson.crashmonitor/1000 for service com.sonyericsson.crashmonitor/.service.CrashMonitorService
W/ResourcesManager( 4069): Asset path '/system/framework/semc_bootinfoif.jar' does not exist or contains no resources.
W/ResourcesManager( 4069): Asset path '/system/framework/com.google.protobuf-2.3.0.jar' does not exist or contains no resources.
W/ResourcesManager( 4069): Asset path '/system/framework/com.sonymobile.datawasher.jar' does not exist or contains no resources.
W/ResourcesManager( 4069): Asset path '/system/framework/com.sonymobile.tlextract.jar' does not exist or contains no resources.
W/ResourcesManager( 4069): Asset path '/system/framework/com.sonyericsson.idd.jar' does not exist or contains no resources.
W/ContextImpl( 4069): Calling a method in the system process without a qualified user: android.app.ContextImpl.bindService:1777 android.content.ContextWrapper.bindService:539 com.sonyericsson.crashmonitor.MiscTaAdapter.open:90 com.sonyericsson.crashmonitor.service.CrashMonitorService.onInit:127 com.sonyericsson.crashmonitor.service.CrashMonitorService.onHandleIntent:192 
I/ActivityManager(  745): Start proc 4092:com.google.process.gapps/u0a42 for content provider com.google.android.gsf/.gservices.GservicesProvider
I/ActivityManager(  745): Force stopping joaobapt.SpaceExplorer appid=10303 user=-1: uninstall pkg
W/PackageSettings(  745): Skipping PackageSetting{37884072 com.instagram.android/10005} due to missing metadata
W/PackageSettings(  745): Skipping PackageSetting{32d25cc3 com.sonymobile.areffect.ninja_theme/10006} due to missing metadata
W/PackageSettings(  745): Skipping PackageSetting{3da71940 com.hg.cloudsandsheeparfree/10007} due to missing metadata
I/ActivityManager(  745): Force stopping joaobapt.SpaceExplorer appid=10303 user=0: pkg removed
D/TaskPersister(  745): removeObsoleteFile: deleting file=674_task.xml
D/TaskPersister(  745): removeObsoleteFile: deleting file=674_task_thumbnail.png
W/ResourcesManager( 1590): Asset path '/system/framework/com.google.android.maps.jar' does not exist or contains no resources.
W/ResourcesManager( 1590): Asset path '/system/framework/com.sonymobile.settings.illumination.jar' does not exist or contains no resources.
I/ActivityManager(  745): Start proc 4156:com.android.exchange/u0a39 for broadcast com.android.exchange/.ExchangeBroadcastReceiver
W/ResourcesManager( 4156): Asset path '/system/framework/com.sonymobile.provider.tasks.jar' does not exist or contains no resources.
W/ResourcesManager( 4156): Asset path '/system/framework/com.sonymobile.smime.jar' does not exist or contains no resources.
W/ResourcesManager( 4156): Asset path '/system/framework/jcifs.jar' does not exist or contains no resources.
W/ResourcesManager( 4156): Asset path '/system/framework/com.google.protobuf-2.3.0.jar' does not exist or contains no resources.
W/ResourcesManager( 4156): Asset path '/system/framework/com.sonyericsson.idd.jar' does not exist or contains no resources.
W/ResourcesManager(  745): Asset path '/system/framework/com.sonyericsson.uxpres.jar' does not exist or contains no resources.
W/ResourcesManager(  745): Asset path '/system/framework/com.sonymobile.smime.jar' does not exist or contains no resources.
W/ResourcesManager(  745): Asset path '/system/framework/com.google.protobuf-2.3.0.jar' does not exist or contains no resources.
W/ResourcesManager(  745): Asset path '/system/framework/com.sonyericsson.idd.jar' does not exist or contains no resources.
I/ActivityManager(  745): Start proc 4176:com.android.musicfx/u0a47 for broadcast com.android.musicfx/.Compatibility$Receiver
W/InputMethodInfo(  745): Duplicated subtype definition found: , voice
W/ResourcesManager(  745): Asset path '/system/framework/com.google.android.maps.jar' does not exist or contains no resources.
W/ResourcesManager(  745): Asset path '/system/framework/com.sonymobile.settings.illumination.jar' does not exist or contains no resources.
I/ActivityManager(  745): Start proc 4196:com.sonymobile.social.services/u0a41 for broadcast com.sonyericsson.facebook.proxylogin/.permissions.PackageChangedReceiver
I/ActivityManager(  745): Start proc 4216:com.android.defcontainer/u0a37 for service com.android.defcontainer/.DefaultContainerService
I/ActivityManager(  745): Start proc 4235:android.process.acore/u0a58 for broadcast com.android.providers.contacts/.PackageIntentReceiver
I/ActivityManager(  745): Start proc 4260:com.android.keychain/1000 for broadcast com.android.keychain/.KeyChainBroadcastReceiver
I/ActivityManager(  745): Killing 3721:br.com.bb.android/u0a221 (adj 15): empty #9
E/ActivityThread(  745): Failed to find provider info for com.sonymobile.superstamina.usm.provider
D/JobSchedulerService(  745): Receieved: android.intent.action.PACKAGE_REMOVED
D/BackupManagerService(  745): Received broadcast Intent { act=android.intent.action.PACKAGE_REMOVED dat=package:joaobapt.SpaceExplorer flg=0x4000010 (has extras) }
I/ActivityManager(  745): Killing 4069:com.sonyericsson.crashmonitor/1000 (adj 15): empty #9
W/ContextImpl( 4260): Calling a method in the system process without a qualified user: android.app.ContextImpl.startService:1713 android.content.ContextWrapper.startService:516 android.content.ContextWrapper.startService:516 com.android.keychain.KeyChainBroadcastReceiver.onReceive:12 android.app.ActivityThread.handleReceiver:2673 
I/ActivityManager(  745): Start proc 4283:com.realvnc.android.remote/u0a145 for broadcast com.realvnc.android.remote/.RemoteControlService$PackageManagerReceiver
I/ActivityManager(  745): Killing 31865:com.google.android.gms/u0a42 (adj 15): empty #9
D/ConnectivityService(  745): ConnectivityService NetworkRequestInfo binderDied(NetworkRequest [ id=356, legacyType=-1, [ Capabilities: INTERNET&NOT_RESTRICTED&TRUSTED&NOT_VPN] ], android.os.BinderProxy@1583edef)
D/WifiService(  745): Client connection lost with reason: 4
D/ConnectivityService(  745): releasing NetworkRequest NetworkRequest [ id=356, legacyType=-1, [ Capabilities: INTERNET&NOT_RESTRICTED&TRUSTED&NOT_VPN] ]
E/ConnectivityService(  745): RemoteException caught trying to send a callback msg for NetworkRequest [ id=356, legacyType=-1, [ Capabilities: INTERNET&NOT_RESTRICTED&TRUSTED&NOT_VPN] ]
I/ActivityManager(  745): Killing 3613:com.sonyericsson.android.bootinfo:remote/1000 (adj 15): empty #9
I/ActivityManager(  745): Start proc 4310:com.sonymobile.runtimeskinning.core/u0a204 for broadcast com.sonymobile.runtimeskinning.core/com.sonymobile.runtimeskinning.verification.install.PackageInstallReceiver
I/ActivityManager(  745): Start proc 4330:com.sonyericsson.updatecenter/u0a76 for broadcast com.sonyericsson.updatecenter/.update.ApplicationRemovedReceiver
I/ActivityManager(  745): Killing 4092:com.google.process.gapps/u0a42 (adj 15): empty #9
W/ResourcesManager( 4330): Asset path '/system/framework/com.sonyericsson.uxpres.jar' does not exist or contains no resources.
W/ResourcesManager( 4330): Asset path '/system/framework/com.sonymobile.devicesecurity_impl.jar' does not exist or contains no resources.
W/ResourcesManager( 4330): Asset path '/system/framework/com.sonymobile.help.jar' does not exist or contains no resources.
W/ResourcesManager( 4330): Asset path '/system/framework/com.sonyericsson.updatecenter.jar' does not exist or contains no resources.
W/ResourcesManager( 4330): Asset path '/system/framework/com.sonymobile.fota.jar' does not exist or contains no resources.
I/ActivityManager(  745): Start proc 4364:com.google.android.gms/u0a42 for service com.google.android.gms/.chimera.GmsIntentOperationService
I/ActivityManager(  745): Killing 4156:com.android.exchange/u0a39 (adj 15): empty #9
W/ResourcesManager( 4364): Asset path '/system/framework/com.android.media.remotedisplay.jar' does not exist or contains no resources.
W/ResourcesManager( 4364): Asset path '/system/framework/com.android.location.provider.jar' does not exist or contains no resources.
I/ActivityManager(  745): Start proc 4388:com.google.process.gapps/u0a42 for content provider com.google.android.gsf/.gservices.GservicesProvider
I/ActivityManager(  745): Delay finish: com.google.android.gms/.games.chimera.GamesSystemBroadcastReceiverProxy
I/ActivityManager(  745): Killing 4176:com.android.musicfx/u0a47 (adj 15): empty #9
D/ConnectivityService(  745): listenForNetwork for NetworkRequest [ id=357, legacyType=-1, [ Capabilities: INTERNET&NOT_RESTRICTED&TRUSTED&NOT_VPN] ]
